Archive member included to satisfy reference by file (symbol)

d:/stm32cubeide_1.9.0/stm32cubeide/plugins/com.st.stm32cube.ide.mcu.externaltools.gnu-tools-for-stm32.10.3-2021.10.win32_1.0.0.202111181127/tools/bin/../lib/gcc/arm-none-eabi/10.3.1/../../../../arm-none-eabi/lib/thumb/v7-m/nofp\libc_nano.a(lib_a-errno.o)
                              ./Core/Src/syscalls.o (__errno)
d:/stm32cubeide_1.9.0/stm32cubeide/plugins/com.st.stm32cube.ide.mcu.externaltools.gnu-tools-for-stm32.10.3-2021.10.win32_1.0.0.202111181127/tools/bin/../lib/gcc/arm-none-eabi/10.3.1/../../../../arm-none-eabi/lib/thumb/v7-m/nofp\libc_nano.a(lib_a-exit.o)
                              d:/stm32cubeide_1.9.0/stm32cubeide/plugins/com.st.stm32cube.ide.mcu.externaltools.gnu-tools-for-stm32.10.3-2021.10.win32_1.0.0.202111181127/tools/bin/../lib/gcc/arm-none-eabi/10.3.1/../../../../arm-none-eabi/lib/thumb/v7-m/nofp/crt0.o (exit)
d:/stm32cubeide_1.9.0/stm32cubeide/plugins/com.st.stm32cube.ide.mcu.externaltools.gnu-tools-for-stm32.10.3-2021.10.win32_1.0.0.202111181127/tools/bin/../lib/gcc/arm-none-eabi/10.3.1/../../../../arm-none-eabi/lib/thumb/v7-m/nofp\libc_nano.a(lib_a-impure.o)
                              d:/stm32cubeide_1.9.0/stm32cubeide/plugins/com.st.stm32cube.ide.mcu.externaltools.gnu-tools-for-stm32.10.3-2021.10.win32_1.0.0.202111181127/tools/bin/../lib/gcc/arm-none-eabi/10.3.1/../../../../arm-none-eabi/lib/thumb/v7-m/nofp\libc_nano.a(lib_a-exit.o) (_global_impure_ptr)
d:/stm32cubeide_1.9.0/stm32cubeide/plugins/com.st.stm32cube.ide.mcu.externaltools.gnu-tools-for-stm32.10.3-2021.10.win32_1.0.0.202111181127/tools/bin/../lib/gcc/arm-none-eabi/10.3.1/../../../../arm-none-eabi/lib/thumb/v7-m/nofp\libc_nano.a(lib_a-init.o)
                              d:/stm32cubeide_1.9.0/stm32cubeide/plugins/com.st.stm32cube.ide.mcu.externaltools.gnu-tools-for-stm32.10.3-2021.10.win32_1.0.0.202111181127/tools/bin/../lib/gcc/arm-none-eabi/10.3.1/../../../../arm-none-eabi/lib/thumb/v7-m/nofp/crt0.o (__libc_init_array)
d:/stm32cubeide_1.9.0/stm32cubeide/plugins/com.st.stm32cube.ide.mcu.externaltools.gnu-tools-for-stm32.10.3-2021.10.win32_1.0.0.202111181127/tools/bin/../lib/gcc/arm-none-eabi/10.3.1/../../../../arm-none-eabi/lib/thumb/v7-m/nofp\libc_nano.a(lib_a-memset.o)
                              d:/stm32cubeide_1.9.0/stm32cubeide/plugins/com.st.stm32cube.ide.mcu.externaltools.gnu-tools-for-stm32.10.3-2021.10.win32_1.0.0.202111181127/tools/bin/../lib/gcc/arm-none-eabi/10.3.1/../../../../arm-none-eabi/lib/thumb/v7-m/nofp/crt0.o (memset)

Discarded input sections

 .text          0x0000000000000000        0x0 d:/stm32cubeide_1.9.0/stm32cubeide/plugins/com.st.stm32cube.ide.mcu.externaltools.gnu-tools-for-stm32.10.3-2021.10.win32_1.0.0.202111181127/tools/bin/../lib/gcc/arm-none-eabi/10.3.1/thumb/v7-m/nofp/crti.o
 .data          0x0000000000000000        0x0 d:/stm32cubeide_1.9.0/stm32cubeide/plugins/com.st.stm32cube.ide.mcu.externaltools.gnu-tools-for-stm32.10.3-2021.10.win32_1.0.0.202111181127/tools/bin/../lib/gcc/arm-none-eabi/10.3.1/thumb/v7-m/nofp/crti.o
 .bss           0x0000000000000000        0x0 d:/stm32cubeide_1.9.0/stm32cubeide/plugins/com.st.stm32cube.ide.mcu.externaltools.gnu-tools-for-stm32.10.3-2021.10.win32_1.0.0.202111181127/tools/bin/../lib/gcc/arm-none-eabi/10.3.1/thumb/v7-m/nofp/crti.o
 .data          0x0000000000000000        0x4 d:/stm32cubeide_1.9.0/stm32cubeide/plugins/com.st.stm32cube.ide.mcu.externaltools.gnu-tools-for-stm32.10.3-2021.10.win32_1.0.0.202111181127/tools/bin/../lib/gcc/arm-none-eabi/10.3.1/thumb/v7-m/nofp/crtbegin.o
 .rodata        0x0000000000000000       0x24 d:/stm32cubeide_1.9.0/stm32cubeide/plugins/com.st.stm32cube.ide.mcu.externaltools.gnu-tools-for-stm32.10.3-2021.10.win32_1.0.0.202111181127/tools/bin/../lib/gcc/arm-none-eabi/10.3.1/thumb/v7-m/nofp/crtbegin.o
 .text          0x0000000000000000       0x7c d:/stm32cubeide_1.9.0/stm32cubeide/plugins/com.st.stm32cube.ide.mcu.externaltools.gnu-tools-for-stm32.10.3-2021.10.win32_1.0.0.202111181127/tools/bin/../lib/gcc/arm-none-eabi/10.3.1/../../../../arm-none-eabi/lib/thumb/v7-m/nofp/crt0.o
 .data          0x0000000000000000        0x0 d:/stm32cubeide_1.9.0/stm32cubeide/plugins/com.st.stm32cube.ide.mcu.externaltools.gnu-tools-for-stm32.10.3-2021.10.win32_1.0.0.202111181127/tools/bin/../lib/gcc/arm-none-eabi/10.3.1/../../../../arm-none-eabi/lib/thumb/v7-m/nofp/crt0.o
 .bss           0x0000000000000000        0x0 d:/stm32cubeide_1.9.0/stm32cubeide/plugins/com.st.stm32cube.ide.mcu.externaltools.gnu-tools-for-stm32.10.3-2021.10.win32_1.0.0.202111181127/tools/bin/../lib/gcc/arm-none-eabi/10.3.1/../../../../arm-none-eabi/lib/thumb/v7-m/nofp/crt0.o
 .ARM.extab     0x0000000000000000        0x0 d:/stm32cubeide_1.9.0/stm32cubeide/plugins/com.st.stm32cube.ide.mcu.externaltools.gnu-tools-for-stm32.10.3-2021.10.win32_1.0.0.202111181127/tools/bin/../lib/gcc/arm-none-eabi/10.3.1/../../../../arm-none-eabi/lib/thumb/v7-m/nofp/crt0.o
[...]
Memory Configuration

Name             Origin             Length             Attributes
RAM              0x0000000020000000 0x0000000000010000 xrw
FLASH            0x0000000008000000 0x0000000000080000 xr
*default*        0x0000000000000000 0xffffffffffffffff

Linker script and memory map

LOAD d:/stm32cubeide_1.9.0/stm32cubeide/plugins/com.st.stm32cube.ide.mcu.externaltools.gnu-tools-for-stm32.10.3-2021.10.win32_1.0.0.202111181127/tools/bin/../lib/gcc/arm-none-eabi/10.3.1/thumb/v7-m/nofp/crti.o
LOAD d:/stm32cubeide_1.9.0/stm32cubeide/plugins/com.st.stm32cube.ide.mcu.externaltools.gnu-tools-for-stm32.10.3-2021.10.win32_1.0.0.202111181127/tools/bin/../lib/gcc/arm-none-eabi/10.3.1/thumb/v7-m/nofp/crtbegin.o
LOAD d:/stm32cubeide_1.9.0/stm32cubeide/plugins/com.st.stm32cube.ide.mcu.externaltools.gnu-tools-for-stm32.10.3-2021.10.win32_1.0.0.202111181127/tools/bin/../lib/gcc/arm-none-eabi/10.3.1/../../../../arm-none-eabi/lib/thumb/v7-m/nofp/crt0.o
LOAD ./Core/Src/main.o
LOAD ./Core/Src/stm32f1xx_hal_msp.o
LOAD ./Core/Src/stm32f1xx_it.o
LOAD ./Core/Src/syscalls.o
LOAD ./Core/Src/sysmem.o
LOAD ./Core/Src/system_stm32f1xx.o
LOAD ./Core/Startup/startup_stm32f103vetx.o
LOAD ./Drivers/STM32F1xx_HAL_Driver/Src/stm32f1xx_hal.o
LOAD ./Drivers/STM32F1xx_HAL_Driver/Src/stm32f1xx_hal_cortex.o
LOAD ./Drivers/STM32F1xx_HAL_Driver/Src/stm32f1xx_hal_dma.o
LOAD ./Drivers/STM32F1xx_HAL_Driver/Src/stm32f1xx_hal_exti.o
LOAD ./Drivers/STM32F1xx_HAL_Driver/Src/stm32f1xx_hal_flash.o
LOAD ./Drivers/STM32F1xx_HAL_Driver/Src/stm32f1xx_hal_flash_ex.o
LOAD ./Drivers/STM32F1xx_HAL_Driver/Src/stm32f1xx_hal_gpio.o
LOAD ./Drivers/STM32F1xx_HAL_Driver/Src/stm32f1xx_hal_gpio_ex.o
LOAD ./Drivers/STM32F1xx_HAL_Driver/Src/stm32f1xx_hal_pwr.o
LOAD ./Drivers/STM32F1xx_HAL_Driver/Src/stm32f1xx_hal_rcc.o
LOAD ./Drivers/STM32F1xx_HAL_Driver/Src/stm32f1xx_hal_rcc_ex.o
LOAD ./Drivers/STM32F1xx_HAL_Driver/Src/stm32f1xx_hal_tim.o
LOAD ./Drivers/STM32F1xx_HAL_Driver/Src/stm32f1xx_hal_tim_ex.o
START GROUP
LOAD d:/stm32cubeide_1.9.0/stm32cubeide/plugins/com.st.stm32cube.ide.mcu.externaltools.gnu-tools-for-stm32.10.3-2021.10.win32_1.0.0.202111181127/tools/bin/../lib/gcc/arm-none-eabi/10.3.1/../../../../arm-none-eabi/lib/thumb/v7-m/nofp\libc_nano.a
LOAD d:/stm32cubeide_1.9.0/stm32cubeide/plugins/com.st.stm32cube.ide.mcu.externaltools.gnu-tools-for-stm32.10.3-2021.10.win32_1.0.0.202111181127/tools/bin/../lib/gcc/arm-none-eabi/10.3.1/../../../../arm-none-eabi/lib/thumb/v7-m/nofp\libm.a
END GROUP
START GROUP
LOAD d:/stm32cubeide_1.9.0/stm32cubeide/plugins/com.st.stm32cube.ide.mcu.externaltools.gnu-tools-for-stm32.10.3-2021.10.win32_1.0.0.202111181127/tools/bin/../lib/gcc/arm-none-eabi/10.3.1/thumb/v7-m/nofp\libgcc.a
LOAD d:/stm32cubeide_1.9.0/stm32cubeide/plugins/com.st.stm32cube.ide.mcu.externaltools.gnu-tools-for-stm32.10.3-2021.10.win32_1.0.0.202111181127/tools/bin/../lib/gcc/arm-none-eabi/10.3.1/../../../../arm-none-eabi/lib/thumb/v7-m/nofp\libc_nano.a
END GROUP
START GROUP
LOAD d:/stm32cubeide_1.9.0/stm32cubeide/plugins/com.st.stm32cube.ide.mcu.externaltools.gnu-tools-for-stm32.10.3-2021.10.win32_1.0.0.202111181127/tools/bin/../lib/gcc/arm-none-eabi/10.3.1/thumb/v7-m/nofp\libgcc.a
LOAD d:/stm32cubeide_1.9.0/stm32cubeide/plugins/com.st.stm32cube.ide.mcu.externaltools.gnu-tools-for-stm32.10.3-2021.10.win32_1.0.0.202111181127/tools/bin/../lib/gcc/arm-none-eabi/10.3.1/../../../../arm-none-eabi/lib/thumb/v7-m/nofp\libc_nano.a
LOAD d:/stm32cubeide_1.9.0/stm32cubeide/plugins/com.st.stm32cube.ide.mcu.externaltools.gnu-tools-for-stm32.10.3-2021.10.win32_1.0.0.202111181127/tools/bin/../lib/gcc/arm-none-eabi/10.3.1/../../../../arm-none-eabi/lib/thumb/v7-m/nofp\libnosys.a
END GROUP
START GROUP
LOAD d:/stm32cubeide_1.9.0/stm32cubeide/plugins/com.st.stm32cube.ide.mcu.externaltools.gnu-tools-for-stm32.10.3-2021.10.win32_1.0.0.202111181127/tools/bin/../lib/gcc/arm-none-eabi/10.3.1/thumb/v7-m/nofp\libgcc.a
LOAD d:/stm32cubeide_1.9.0/stm32cubeide/plugins/com.st.stm32cube.ide.mcu.externaltools.gnu-tools-for-stm32.10.3-2021.10.win32_1.0.0.202111181127/tools/bin/../lib/gcc/arm-none-eabi/10.3.1/../../../../arm-none-eabi/lib/thumb/v7-m/nofp\libc_nano.a
LOAD d:/stm32cubeide_1.9.0/stm32cubeide/plugins/com.st.stm32cube.ide.mcu.externaltools.gnu-tools-for-stm32.10.3-2021.10.win32_1.0.0.202111181127/tools/bin/../lib/gcc/arm-none-eabi/10.3.1/../../../../arm-none-eabi/lib/thumb/v7-m/nofp\libnosys.a
END GROUP
LOAD d:/stm32cubeide_1.9.0/stm32cubeide/plugins/com.st.stm32cube.ide.mcu.externaltools.gnu-tools-for-stm32.10.3-2021.10.win32_1.0.0.202111181127/tools/bin/../lib/gcc/arm-none-eabi/10.3.1/thumb/v7-m/nofp/crtend.o
LOAD d:/stm32cubeide_1.9.0/stm32cubeide/plugins/com.st.stm32cube.ide.mcu.externaltools.gnu-tools-for-stm32.10.3-2021.10.win32_1.0.0.202111181127/tools/bin/../lib/gcc/arm-none-eabi/10.3.1/thumb/v7-m/nofp/crtn.o
                0x0000000020010000                _estack = (ORIGIN (RAM) + LENGTH (RAM))
                0x0000000000000200                _Min_Heap_Size = 0x200
                0x0000000000000400                _Min_Stack_Size = 0x400

.isr_vector     0x0000000008000000      0x1e4
                0x0000000008000000                . = ALIGN (0x4)
 *(.isr_vector)
 .isr_vector    0x0000000008000000      0x1e4 ./Core/Startup/startup_stm32f103vetx.o
                0x0000000008000000                g_pfnVectors
                0x00000000080001e4                . = ALIGN (0x4)

.text           0x00000000080001e4     0x1884
                0x00000000080001e4                . = ALIGN (0x4)
 *(.text)
 .text          0x00000000080001e4       0x40 d:/stm32cubeide_1.9.0/stm32cubeide/plugins/com.st.stm32cube.ide.mcu.externaltools.gnu-tools-for-stm32.10.3-2021.10.win32_1.0.0.202111181127/tools/bin/../lib/gcc/arm-none-eabi/10.3.1/thumb/v7-m/nofp/crtbegin.o
 *(.text*)
 .text.SystemClock_Config
                0x0000000008000224       0x74 ./Core/Src/main.o
                0x0000000008000224                SystemClock_Config
 .text.startup.main
                0x0000000008000298      0x2f4 ./Core/Src/main.o
                0x0000000008000298                main
 .text.HAL_MspInit
                0x000000000800058c       0x44 ./Core/Src/stm32f1xx_hal_msp.o
                0x000000000800058c                HAL_MspInit
 .text.HAL_TIM_Base_MspInit
                0x00000000080005d0       0x74 ./Core/Src/stm32f1xx_hal_msp.o
                0x00000000080005d0                HAL_TIM_Base_MspInit
 .text.HAL_TIM_MspPostInit
                0x0000000008000644       0xc8 ./Core/Src/stm32f1xx_hal_msp.o
                0x0000000008000644                HAL_TIM_MspPostInit
 .text.NMI_Handler
                0x000000000800070c        0x4 ./Core/Src/stm32f1xx_it.o
                0x000000000800070c                NMI_Handler
 .text.HardFault_Handler
                0x0000000008000710        0x4 ./Core/Src/stm32f1xx_it.o
                0x0000000008000710                HardFault_Handler
 .text.MemManage_Handler
                0x0000000008000714        0x4 ./Core/Src/stm32f1xx_it.o
                0x0000000008000714                MemManage_Handler
 .text.BusFault_Handler
                0x0000000008000718        0x4 ./Core/Src/stm32f1xx_it.o
                0x0000000008000718                BusFault_Handler
 .text.UsageFault_Handler
                0x000000000800071c        0x4 ./Core/Src/stm32f1xx_it.o
                0x000000000800071c                UsageFault_Handler
 .text.SVC_Handler
                0x0000000008000720        0x4 ./Core/Src/stm32f1xx_it.o
                0x0000000008000720                SVC_Handler
 .text.DebugMon_Handler
                0x0000000008000724        0x4 ./Core/Src/stm32f1xx_it.o
                0x0000000008000724                DebugMon_Handler
 .text.PendSV_Handler
                0x0000000008000728        0x4 ./Core/Src/stm32f1xx_it.o
                0x0000000008000728                PendSV_Handler
 .text.SysTick_Handler
                0x000000000800072c        0x4 ./Core/Src/stm32f1xx_it.o
                0x000000000800072c                SysTick_Handler
 .text.EXTI0_IRQHandler
                0x0000000008000730       0x28 ./Core/Src/stm32f1xx_it.o
                0x0000000008000730                EXTI0_IRQHandler
 .text.EXTI15_10_IRQHandler
                0x0000000008000758       0x2c ./Core/Src/stm32f1xx_it.o
                0x0000000008000758                EXTI15_10_IRQHandler
 .text.SystemInit
                0x0000000008000784        0x4 ./Core/Src/system_stm32f1xx.o
                0x0000000008000784                SystemInit
 .text.Reset_Handler
                0x0000000008000788       0x48 ./Core/Startup/startup_stm32f103vetx.o
                0x0000000008000788                Reset_Handler
 .text.Default_Handler
                0x00000000080007d0        0x2 ./Core/Startup/startup_stm32f103vetx.o
                0x00000000080007d0                RTC_Alarm_IRQHandler
                0x00000000080007d0                EXTI2_IRQHandler
                0x00000000080007d0                TIM8_TRG_COM_IRQHandler
                0x00000000080007d0                TIM8_CC_IRQHandler
                0x00000000080007d0                TIM1_CC_IRQHandler
                0x00000000080007d0                TIM6_IRQHandler
                0x00000000080007d0                PVD_IRQHandler
                0x00000000080007d0                SDIO_IRQHandler
                0x00000000080007d0                EXTI3_IRQHandler
                0x00000000080007d0                I2C2_EV_IRQHandler
                0x00000000080007d0                ADC1_2_IRQHandler
                0x00000000080007d0                SPI1_IRQHandler
                0x00000000080007d0                TAMPER_IRQHandler
                0x00000000080007d0                TIM8_UP_IRQHandler
                0x00000000080007d0                DMA2_Channel2_IRQHandler
                0x00000000080007d0                DMA1_Channel4_IRQHandler
                0x00000000080007d0                USART3_IRQHandler
                0x00000000080007d0                RTC_IRQHandler
                0x00000000080007d0                DMA1_Channel7_IRQHandler
                0x00000000080007d0                CAN1_RX1_IRQHandler
                0x00000000080007d0                UART5_IRQHandler
                0x00000000080007d0                ADC3_IRQHandler
                0x00000000080007d0                TIM4_IRQHandler
                0x00000000080007d0                DMA2_Channel1_IRQHandler
                0x00000000080007d0                I2C1_EV_IRQHandler
                0x00000000080007d0                DMA1_Channel6_IRQHandler
                0x00000000080007d0                UART4_IRQHandler
                0x00000000080007d0                TIM3_IRQHandler
                0x00000000080007d0                RCC_IRQHandler
                0x00000000080007d0                TIM1_TRG_COM_IRQHandler
                0x00000000080007d0                DMA1_Channel1_IRQHandler
                0x00000000080007d0                Default_Handler
                0x00000000080007d0                TIM7_IRQHandler
                0x00000000080007d0                TIM5_IRQHandler
                0x00000000080007d0                EXTI9_5_IRQHandler
                0x00000000080007d0                SPI2_IRQHandler
                0x00000000080007d0                DMA1_Channel5_IRQHandler
                0x00000000080007d0                EXTI4_IRQHandler
                0x00000000080007d0                USB_LP_CAN1_RX0_IRQHandler
                0x00000000080007d0                USB_HP_CAN1_TX_IRQHandler
                0x00000000080007d0                DMA1_Channel3_IRQHandler
                0x00000000080007d0                FSMC_IRQHandler
                0x00000000080007d0                TIM1_UP_IRQHandler
                0x00000000080007d0                WWDG_IRQHandler
                0x00000000080007d0                TIM2_IRQHandler
                0x00000000080007d0                TIM1_BRK_IRQHandler
                0x00000000080007d0                EXTI1_IRQHandler
                0x00000000080007d0                DMA2_Channel4_5_IRQHandler
                0x00000000080007d0                USART2_IRQHandler
                0x00000000080007d0                I2C2_ER_IRQHandler
                0x00000000080007d0                DMA1_Channel2_IRQHandler
                0x00000000080007d0                TIM8_BRK_IRQHandler
                0x00000000080007d0                CAN1_SCE_IRQHandler
                0x00000000080007d0                FLASH_IRQHandler
                0x00000000080007d0                USART1_IRQHandler
                0x00000000080007d0                SPI3_IRQHandler
                0x00000000080007d0                I2C1_ER_IRQHandler
                0x00000000080007d0                USBWakeUp_IRQHandler
                0x00000000080007d0                DMA2_Channel3_IRQHandler
 *fill*         0x00000000080007d2        0x2 
 .text.HAL_InitTick
                0x00000000080007d4       0x48 ./Drivers/STM32F1xx_HAL_Driver/Src/stm32f1xx_hal.o
                0x00000000080007d4                HAL_InitTick
 .text.HAL_Init
                0x000000000800081c       0x24 ./Drivers/STM32F1xx_HAL_Driver/Src/stm32f1xx_hal.o
                0x000000000800081c                HAL_Init
 .text.HAL_IncTick
                0x0000000008000840       0x18 ./Drivers/STM32F1xx_HAL_Driver/Src/stm32f1xx_hal.o
                0x0000000008000840                HAL_IncTick
 .text.HAL_GetTick
                0x0000000008000858        0xc ./Drivers/STM32F1xx_HAL_Driver/Src/stm32f1xx_hal.o
                0x0000000008000858                HAL_GetTick
 .text.HAL_Delay
                0x0000000008000864       0x24 ./Drivers/STM32F1xx_HAL_Driver/Src/stm32f1xx_hal.o
                0x0000000008000864                HAL_Delay
 .text.HAL_NVIC_SetPriorityGrouping
                0x0000000008000888       0x24 ./Drivers/STM32F1xx_HAL_Driver/Src/stm32f1xx_hal_cortex.o
                0x0000000008000888                HAL_NVIC_SetPriorityGrouping
 .text.HAL_NVIC_SetPriority
                0x00000000080008ac       0x7c ./Drivers/STM32F1xx_HAL_Driver/Src/stm32f1xx_hal_cortex.o
                0x00000000080008ac                HAL_NVIC_SetPriority
 .text.HAL_NVIC_EnableIRQ
                0x0000000008000928       0x1c ./Drivers/STM32F1xx_HAL_Driver/Src/stm32f1xx_hal_cortex.o
                0x0000000008000928                HAL_NVIC_EnableIRQ
 .text.HAL_SYSTICK_Config
                0x0000000008000944       0x30 ./Drivers/STM32F1xx_HAL_Driver/Src/stm32f1xx_hal_cortex.o
                0x0000000008000944                HAL_SYSTICK_Config
 .text.HAL_GPIO_Init
                0x0000000008000974      0x250 ./Drivers/STM32F1xx_HAL_Driver/Src/stm32f1xx_hal_gpio.o
                0x0000000008000974                HAL_GPIO_Init
 .text.HAL_GPIO_ReadPin
                0x0000000008000bc4        0xc ./Drivers/STM32F1xx_HAL_Driver/Src/stm32f1xx_hal_gpio.o
                0x0000000008000bc4                HAL_GPIO_ReadPin
 .text.HAL_GPIO_EXTI_Callback
                0x0000000008000bd0        0x4 ./Drivers/STM32F1xx_HAL_Driver/Src/stm32f1xx_hal_gpio.o
                0x0000000008000bd0                HAL_GPIO_EXTI_Callback
 .text.HAL_GPIO_EXTI_IRQHandler
                0x0000000008000bd4       0x18 ./Drivers/STM32F1xx_HAL_Driver/Src/stm32f1xx_hal_gpio.o
                0x0000000008000bd4                HAL_GPIO_EXTI_IRQHandler
 .text.HAL_RCC_OscConfig
                0x0000000008000bec      0x3e0 ./Drivers/STM32F1xx_HAL_Driver/Src/stm32f1xx_hal_rcc.o
                0x0000000008000bec                HAL_RCC_OscConfig
 .text.HAL_RCC_ClockConfig
                0x0000000008000fcc      0x184 ./Drivers/STM32F1xx_HAL_Driver/Src/stm32f1xx_hal_rcc.o
                0x0000000008000fcc                HAL_RCC_ClockConfig
 .text.HAL_RCC_MCOConfig
                0x0000000008001150       0x4c ./Drivers/STM32F1xx_HAL_Driver/Src/stm32f1xx_hal_rcc.o
                0x0000000008001150                HAL_RCC_MCOConfig
 .text.HAL_TIM_Base_Init
                0x000000000800119c       0xfc ./Drivers/STM32F1xx_HAL_Driver/Src/stm32f1xx_hal_tim.o
                0x000000000800119c                HAL_TIM_Base_Init
 .text.HAL_TIM_PWM_MspInit
                0x0000000008001298        0x4 ./Drivers/STM32F1xx_HAL_Driver/Src/stm32f1xx_hal_tim.o
                0x0000000008001298                HAL_TIM_PWM_MspInit
 .text.HAL_TIM_PWM_Init
                0x000000000800129c       0xfc ./Drivers/STM32F1xx_HAL_Driver/Src/stm32f1xx_hal_tim.o
                0x000000000800129c                HAL_TIM_PWM_Init
 .text.HAL_TIM_PWM_Start
                0x0000000008001398       0xd4 ./Drivers/STM32F1xx_HAL_Driver/Src/stm32f1xx_hal_tim.o
                0x0000000008001398                HAL_TIM_PWM_Start
 .text.HAL_TIM_PWM_Stop
                0x000000000800146c       0x98 ./Drivers/STM32F1xx_HAL_Driver/Src/stm32f1xx_hal_tim.o
                0x000000000800146c                HAL_TIM_PWM_Stop
 .text.HAL_TIM_PWM_ConfigChannel
                0x0000000008001504      0x220 ./Drivers/STM32F1xx_HAL_Driver/Src/stm32f1xx_hal_tim.o
                0x0000000008001504                HAL_TIM_PWM_ConfigChannel
 .text.HAL_TIM_ConfigClockSource
                0x0000000008001724      0x160 ./Drivers/STM32F1xx_HAL_Driver/Src/stm32f1xx_hal_tim.o
                0x0000000008001724                HAL_TIM_ConfigClockSource
 .text.HAL_TIM_SlaveConfigSynchro
                0x0000000008001884      0x110 ./Drivers/STM32F1xx_HAL_Driver/Src/stm32f1xx_hal_tim.o
                0x0000000008001884                HAL_TIM_SlaveConfigSynchro
 .text.HAL_TIMEx_MasterConfigSynchronization
                0x0000000008001994       0x74 ./Drivers/STM32F1xx_HAL_Driver/Src/stm32f1xx_hal_tim_ex.o
                0x0000000008001994                HAL_TIMEx_MasterConfigSynchronization
 .text.__libc_init_array
                0x0000000008001a08       0x48 d:/stm32cubeide_1.9.0/stm32cubeide/plugins/com.st.stm32cube.ide.mcu.externaltools.gnu-tools-for-stm32.10.3-2021.10.win32_1.0.0.202111181127/tools/bin/../lib/gcc/arm-none-eabi/10.3.1/../../../../arm-none-eabi/lib/thumb/v7-m/nofp\libc_nano.a(lib_a-init.o)
                0x0000000008001a08                __libc_init_array
 *(.glue_7)
 .glue_7        0x0000000008001a50        0x0 linker stubs
 *(.glue_7t)
 .glue_7t       0x0000000008001a50        0x0 linker stubs
 *(.eh_frame)
 .eh_frame      0x0000000008001a50        0x0 d:/stm32cubeide_1.9.0/stm32cubeide/plugins/com.st.stm32cube.ide.mcu.externaltools.gnu-tools-for-stm32.10.3-2021.10.win32_1.0.0.202111181127/tools/bin/../lib/gcc/arm-none-eabi/10.3.1/thumb/v7-m/nofp/crtbegin.o
 *(.init)
 .init          0x0000000008001a50        0x4 d:/stm32cubeide_1.9.0/stm32cubeide/plugins/com.st.stm32cube.ide.mcu.externaltools.gnu-tools-for-stm32.10.3-2021.10.win32_1.0.0.202111181127/tools/bin/../lib/gcc/arm-none-eabi/10.3.1/thumb/v7-m/nofp/crti.o
                0x0000000008001a50                _init
 .init          0x0000000008001a54        0x8 d:/stm32cubeide_1.9.0/stm32cubeide/plugins/com.st.stm32cube.ide.mcu.externaltools.gnu-tools-for-stm32.10.3-2021.10.win32_1.0.0.202111181127/tools/bin/../lib/gcc/arm-none-eabi/10.3.1/thumb/v7-m/nofp/crtn.o
 *(.fini)
 .fini          0x0000000008001a5c        0x4 d:/stm32cubeide_1.9.0/stm32cubeide/plugins/com.st.stm32cube.ide.mcu.externaltools.gnu-tools-for-stm32.10.3-2021.10.win32_1.0.0.202111181127/tools/bin/../lib/gcc/arm-none-eabi/10.3.1/thumb/v7-m/nofp/crti.o
                0x0000000008001a5c                _fini
 .fini          0x0000000008001a60        0x8 d:/stm32cubeide_1.9.0/stm32cubeide/plugins/com.st.stm32cube.ide.mcu.externaltools.gnu-tools-for-stm32.10.3-2021.10.win32_1.0.0.202111181127/tools/bin/../lib/gcc/arm-none-eabi/10.3.1/thumb/v7-m/nofp/crtn.o
                0x0000000008001a68                . = ALIGN (0x4)
                0x0000000008001a68                _etext = .

.vfp11_veneer   0x0000000008001a68        0x0
 .vfp11_veneer  0x0000000008001a68        0x0 linker stubs

.v4_bx          0x0000000008001a68        0x0
 .v4_bx         0x0000000008001a68        0x0 linker stubs

.iplt           0x0000000008001a68        0x0
 .iplt          0x0000000008001a68        0x0 d:/stm32cubeide_1.9.0/stm32cubeide/plugins/com.st.stm32cube.ide.mcu.externaltools.gnu-tools-for-stm32.10.3-2021.10.win32_1.0.0.202111181127/tools/bin/../lib/gcc/arm-none-eabi/10.3.1/thumb/v7-m/nofp/crtbegin.o

.rodata         0x0000000008001a68       0x24
                0x0000000008001a68                . = ALIGN (0x4)
 *(.rodata)
 *(.rodata*)
 .rodata.AHBPrescTable
                0x0000000008001a68       0x10 ./Core/Src/system_stm32f1xx.o
                0x0000000008001a68                AHBPrescTable
 .rodata.aPLLMULFactorTable.1
                0x0000000008001a78       0x10 ./Drivers/STM32F1xx_HAL_Driver/Src/stm32f1xx_hal_rcc.o
 .rodata.aPredivFactorTable.0
                0x0000000008001a88        0x2 ./Drivers/STM32F1xx_HAL_Driver/Src/stm32f1xx_hal_rcc.o
                0x0000000008001a8c                . = ALIGN (0x4)
 *fill*         0x0000000008001a8a        0x2 

.rel.dyn        0x0000000008001a8c        0x0
 .rel.iplt      0x0000000008001a8c        0x0 d:/stm32cubeide_1.9.0/stm32cubeide/plugins/com.st.stm32cube.ide.mcu.externaltools.gnu-tools-for-stm32.10.3-2021.10.win32_1.0.0.202111181127/tools/bin/../lib/gcc/arm-none-eabi/10.3.1/thumb/v7-m/nofp/crtbegin.o

.ARM.extab      0x0000000008001a8c        0x0
                0x0000000008001a8c                . = ALIGN (0x4)
 *(.ARM.extab* .gnu.linkonce.armextab.*)
                0x0000000008001a8c                . = ALIGN (0x4)

.ARM            0x0000000008001a8c        0x0
                0x0000000008001a8c                . = ALIGN (0x4)
                0x0000000008001a8c                __exidx_start = .
 *(.ARM.exidx*)
                0x0000000008001a8c                __exidx_end = .
                0x0000000008001a8c                . = ALIGN (0x4)

.preinit_array  0x0000000008001a8c        0x0
                0x0000000008001a8c                . = ALIGN (0x4)
                0x0000000008001a8c                PROVIDE (__preinit_array_start = .)
 *(.preinit_array*)
                0x0000000008001a8c                PROVIDE (__preinit_array_end = .)
                0x0000000008001a8c                . = ALIGN (0x4)

.init_array     0x0000000008001a8c        0x4
                0x0000000008001a8c                . = ALIGN (0x4)
                0x0000000008001a8c                PROVIDE (__init_array_start = .)
 *(SORT_BY_NAME(.init_array.*))
 *(.init_array*)
 .init_array    0x0000000008001a8c        0x4 d:/stm32cubeide_1.9.0/stm32cubeide/plugins/com.st.stm32cube.ide.mcu.externaltools.gnu-tools-for-stm32.10.3-2021.10.win32_1.0.0.202111181127/tools/bin/../lib/gcc/arm-none-eabi/10.3.1/thumb/v7-m/nofp/crtbegin.o
                0x0000000008001a90                PROVIDE (__init_array_end = .)
                0x0000000008001a90                . = ALIGN (0x4)

.fini_array     0x0000000008001a90        0x4
                0x0000000008001a90                . = ALIGN (0x4)
                [!provide]                        PROVIDE (__fini_array_start = .)
 *(SORT_BY_NAME(.fini_array.*))
 *(.fini_array*)
 .fini_array    0x0000000008001a90        0x4 d:/stm32cubeide_1.9.0/stm32cubeide/plugins/com.st.stm32cube.ide.mcu.externaltools.gnu-tools-for-stm32.10.3-2021.10.win32_1.0.0.202111181127/tools/bin/../lib/gcc/arm-none-eabi/10.3.1/thumb/v7-m/nofp/crtbegin.o
                [!provide]                        PROVIDE (__fini_array_end = .)
                0x0000000008001a94                . = ALIGN (0x4)
                0x0000000008001a94                _sidata = LOADADDR (.data)

.data           0x0000000020000000        0xc load address 0x0000000008001a94
                0x0000000020000000                . = ALIGN (0x4)
                0x0000000020000000                _sdata = .
 *(.data)
 *(.data*)
 .data.SystemCoreClock
                0x0000000020000000        0x4 ./Core/Src/system_stm32f1xx.o
                0x0000000020000000                SystemCoreClock
 .data.uwTickFreq
                0x0000000020000004        0x1 ./Drivers/STM32F1xx_HAL_Driver/Src/stm32f1xx_hal.o
                0x0000000020000004                uwTickFreq
 *fill*         0x0000000020000005        0x3 
 .data.uwTickPrio
                0x0000000020000008        0x4 ./Drivers/STM32F1xx_HAL_Driver/Src/stm32f1xx_hal.o
                0x0000000020000008                uwTickPrio
 *(.RamFunc)
 *(.RamFunc*)
                0x000000002000000c                . = ALIGN (0x4)
                0x000000002000000c                _edata = .

.igot.plt       0x000000002000000c        0x0 load address 0x0000000008001aa0
 .igot.plt      0x000000002000000c        0x0 d:/stm32cubeide_1.9.0/stm32cubeide/plugins/com.st.stm32cube.ide.mcu.externaltools.gnu-tools-for-stm32.10.3-2021.10.win32_1.0.0.202111181127/tools/bin/../lib/gcc/arm-none-eabi/10.3.1/thumb/v7-m/nofp/crtbegin.o
                0x000000002000000c                . = ALIGN (0x4)

.bss            0x000000002000000c       0xf8 load address 0x0000000008001aa0
                0x000000002000000c                _sbss = .
                0x000000002000000c                __bss_start__ = _sbss
 *(.bss)
 .bss           0x000000002000000c       0x1c d:/stm32cubeide_1.9.0/stm32cubeide/plugins/com.st.stm32cube.ide.mcu.externaltools.gnu-tools-for-stm32.10.3-2021.10.win32_1.0.0.202111181127/tools/bin/../lib/gcc/arm-none-eabi/10.3.1/thumb/v7-m/nofp/crtbegin.o
 *(.bss*)
 .bss.htim3     0x0000000020000028       0x48 ./Core/Src/main.o
                0x0000000020000028                htim3
 .bss.htim4     0x0000000020000070       0x48 ./Core/Src/main.o
                0x0000000020000070                htim4
 .bss.htim5     0x00000000200000b8       0x48 ./Core/Src/main.o
                0x00000000200000b8                htim5
 .bss.uwTick    0x0000000020000100        0x4 ./Drivers/STM32F1xx_HAL_Driver/Src/stm32f1xx_hal.o
                0x0000000020000100                uwTick
 *(COMMON)
                0x0000000020000104                . = ALIGN (0x4)
                0x0000000020000104                _ebss = .
                0x0000000020000104                __bss_end__ = _ebss

._user_heap_stack
                0x0000000020000104      0x604 load address 0x0000000008001aa0
                0x0000000020000108                . = ALIGN (0x8)
 *fill*         0x0000000020000104        0x4 
                [!provide]                        PROVIDE (end = .)
                0x0000000020000108                PROVIDE (_end = .)
                0x0000000020000308                . = (. + _Min_Heap_Size)
 *fill*         0x0000000020000108      0x200 
                0x0000000020000708                . = (. + _Min_Stack_Size)
 *fill*         0x0000000020000308      0x400 
                0x0000000020000708                . = ALIGN (0x8)

/DISCARD/
 libc.a(*)
 libm.a(*)
 libgcc.a(*)

.ARM.attributes
                0x0000000000000000       0x29
 *(.ARM.attributes)
 .ARM.attributes
                0x0000000000000000       0x1d d:/stm32cubeide_1.9.0/stm32cubeide/plugins/com.st.stm32cube.ide.mcu.externaltools.gnu-tools-for-stm32.10.3-2021.10.win32_1.0.0.202111181127/tools/bin/../lib/gcc/arm-none-eabi/10.3.1/thumb/v7-m/nofp/crti.o
 .ARM.attributes
                0x000000000000001d       0x2d d:/stm32cubeide_1.9.0/stm32cubeide/plugins/com.st.stm32cube.ide.mcu.externaltools.gnu-tools-for-stm32.10.3-2021.10.win32_1.0.0.202111181127/tools/bin/../lib/gcc/arm-none-eabi/10.3.1/thumb/v7-m/nofp/crtbegin.o
 .ARM.attributes
                0x000000000000004a       0x2d ./Core/Src/main.o
 .ARM.attributes
                0x0000000000000077       0x2d ./Core/Src/stm32f1xx_hal_msp.o
 .ARM.attributes
                0x00000000000000a4       0x2d ./Core/Src/stm32f1xx_it.o
 .ARM.attributes
                0x00000000000000d1       0x2d ./Core/Src/system_stm32f1xx.o
 .ARM.attributes
                0x00000000000000fe       0x21 ./Core/Startup/startup_stm32f103vetx.o
 .ARM.attributes
                0x000000000000011f       0x2d ./Drivers/STM32F1xx_HAL_Driver/Src/stm32f1xx_hal.o
 .ARM.attributes
                0x000000000000014c       0x2d ./Drivers/STM32F1xx_HAL_Driver/Src/stm32f1xx_hal_cortex.o
 .ARM.attributes
                0x0000000000000179       0x2d ./Drivers/STM32F1xx_HAL_Driver/Src/stm32f1xx_hal_gpio.o
 .ARM.attributes
                0x00000000000001a6       0x2d ./Drivers/STM32F1xx_HAL_Driver/Src/stm32f1xx_hal_rcc.o
 .ARM.attributes
                0x00000000000001d3       0x2d ./Drivers/STM32F1xx_HAL_Driver/Src/stm32f1xx_hal_tim.o
 .ARM.attributes
                0x0000000000000200       0x2d ./Drivers/STM32F1xx_HAL_Driver/Src/stm32f1xx_hal_tim_ex.o
 .ARM.attributes
                0x000000000000022d       0x2d d:/stm32cubeide_1.9.0/stm32cubeide/plugins/com.st.stm32cube.ide.mcu.externaltools.gnu-tools-for-stm32.10.3-2021.10.win32_1.0.0.202111181127/tools/bin/../lib/gcc/arm-none-eabi/10.3.1/../../../../arm-none-eabi/lib/thumb/v7-m/nofp\libc_nano.a(lib_a-init.o)
 .ARM.attributes
                0x000000000000025a       0x1d d:/stm32cubeide_1.9.0/stm32cubeide/plugins/com.st.stm32cube.ide.mcu.externaltools.gnu-tools-for-stm32.10.3-2021.10.win32_1.0.0.202111181127/tools/bin/../lib/gcc/arm-none-eabi/10.3.1/thumb/v7-m/nofp/crtn.o
OUTPUT(LAB4.elf elf32-littlearm)
LOAD linker stubs
LOAD d:/stm32cubeide_1.9.0/stm32cubeide/plugins/com.st.stm32cube.ide.mcu.externaltools.gnu-tools-for-stm32.10.3-2021.10.win32_1.0.0.202111181127/tools/bin/../lib/gcc/arm-none-eabi/10.3.1/../../../../arm-none-eabi/lib/thumb/v7-m/nofp\libc.a
LOAD d:/stm32cubeide_1.9.0/stm32cubeide/plugins/com.st.stm32cube.ide.mcu.externaltools.gnu-tools-for-stm32.10.3-2021.10.win32_1.0.0.202111181127/tools/bin/../lib/gcc/arm-none-eabi/10.3.1/../../../../arm-none-eabi/lib/thumb/v7-m/nofp\libm.a
LOAD d:/stm32cubeide_1.9.0/stm32cubeide/plugins/com.st.stm32cube.ide.mcu.externaltools.gnu-tools-for-stm32.10.3-2021.10.win32_1.0.0.202111181127/tools/bin/../lib/gcc/arm-none-eabi/10.3.1/thumb/v7-m/nofp\libgcc.a

.debug_info     0x0000000000000000     0xc218
 .debug_info    0x0000000000000000     0x17c7 ./Core/Src/main.o
 .debug_info    0x00000000000017c7      0xa00 ./Core/Src/stm32f1xx_hal_msp.o
 .debug_info    0x00000000000021c7      0x8ae ./Core/Src/stm32f1xx_it.o
 .debug_info    0x0000000000002a75      0x24c ./Core/Src/system_stm32f1xx.o
 .debug_info    0x0000000000002cc1       0x22 ./Core/Startup/startup_stm32f103vetx.o
 .debug_info    0x0000000000002ce3      0x86e ./Drivers/STM32F1xx_HAL_Driver/Src/stm32f1xx_hal.o
 .debug_info    0x0000000000003551      0xde0 ./Drivers/STM32F1xx_HAL_Driver/Src/stm32f1xx_hal_cortex.o
 .debug_info    0x0000000000004331      0x66f ./Drivers/STM32F1xx_HAL_Driver/Src/stm32f1xx_hal_gpio.o
 .debug_info    0x00000000000049a0      0xafc ./Drivers/STM32F1xx_HAL_Driver/Src/stm32f1xx_hal_rcc.o
 .debug_info    0x000000000000549c     0x508c ./Drivers/STM32F1xx_HAL_Driver/Src/stm32f1xx_hal_tim.o
 .debug_info    0x000000000000a528     0x1cf0 ./Drivers/STM32F1xx_HAL_Driver/Src/stm32f1xx_hal_tim_ex.o

.debug_abbrev   0x0000000000000000     0x1ad2
 .debug_abbrev  0x0000000000000000      0x35b ./Core/Src/main.o
 .debug_abbrev  0x000000000000035b      0x203 ./Core/Src/stm32f1xx_hal_msp.o
 .debug_abbrev  0x000000000000055e      0x267 ./Core/Src/stm32f1xx_it.o
 .debug_abbrev  0x00000000000007c5      0x141 ./Core/Src/system_stm32f1xx.o
 .debug_abbrev  0x0000000000000906       0x12 ./Core/Startup/startup_stm32f103vetx.o
 .debug_abbrev  0x0000000000000918      0x277 ./Drivers/STM32F1xx_HAL_Driver/Src/stm32f1xx_hal.o
 .debug_abbrev  0x0000000000000b8f      0x349 ./Drivers/STM32F1xx_HAL_Driver/Src/stm32f1xx_hal_cortex.o
 .debug_abbrev  0x0000000000000ed8      0x1e7 ./Drivers/STM32F1xx_HAL_Driver/Src/stm32f1xx_hal_gpio.o
 .debug_abbrev  0x00000000000010bf      0x33a ./Drivers/STM32F1xx_HAL_Driver/Src/stm32f1xx_hal_rcc.o
 .debug_abbrev  0x00000000000013f9      0x381 ./Drivers/STM32F1xx_HAL_Driver/Src/stm32f1xx_hal_tim.o
 .debug_abbrev  0x000000000000177a      0x358 ./Drivers/STM32F1xx_HAL_Driver/Src/stm32f1xx_hal_tim_ex.o

.debug_loc      0x0000000000000000     0xa709
 .debug_loc     0x0000000000000000       0x17 ./Core/Src/main.o
 .debug_loc     0x0000000000000017       0x74 ./Core/Src/stm32f1xx_hal_msp.o
 .debug_loc     0x000000000000008b       0x53 ./Core/Src/stm32f1xx_it.o
 .debug_loc     0x00000000000000de       0xe7 ./Core/Src/system_stm32f1xx.o
 .debug_loc     0x00000000000001c5      0x168 ./Drivers/STM32F1xx_HAL_Driver/Src/stm32f1xx_hal.o
 .debug_loc     0x000000000000032d      0x717 ./Drivers/STM32F1xx_HAL_Driver/Src/stm32f1xx_hal_cortex.o
 .debug_loc     0x0000000000000a44      0x460 ./Drivers/STM32F1xx_HAL_Driver/Src/stm32f1xx_hal_gpio.o
 .debug_loc     0x0000000000000ea4      0x6ec ./Drivers/STM32F1xx_HAL_Driver/Src/stm32f1xx_hal_rcc.o
 .debug_loc     0x0000000000001590     0x7846 ./Drivers/STM32F1xx_HAL_Driver/Src/stm32f1xx_hal_tim.o
 .debug_loc     0x0000000000008dd6     0x1933 ./Drivers/STM32F1xx_HAL_Driver/Src/stm32f1xx_hal_tim_ex.o

.debug_aranges  0x0000000000000000      0x6f0
 .debug_aranges
                0x0000000000000000       0x30 ./Core/Src/main.o
 .debug_aranges
                0x0000000000000030       0x38 ./Core/Src/stm32f1xx_hal_msp.o
 .debug_aranges
                0x0000000000000068       0x68 ./Core/Src/stm32f1xx_it.o
 .debug_aranges
                0x00000000000000d0       0x28 ./Core/Src/system_stm32f1xx.o
 .debug_aranges
                0x00000000000000f8       0x28 ./Core/Startup/startup_stm32f103vetx.o
 .debug_aranges
                0x0000000000000120       0xd8 ./Drivers/STM32F1xx_HAL_Driver/Src/stm32f1xx_hal.o
 .debug_aranges
                0x00000000000001f8       0x90 ./Drivers/STM32F1xx_HAL_Driver/Src/stm32f1xx_hal_cortex.o
 .debug_aranges
                0x0000000000000288       0x58 ./Drivers/STM32F1xx_HAL_Driver/Src/stm32f1xx_hal_gpio.o
 .debug_aranges
                0x00000000000002e0       0x88 ./Drivers/STM32F1xx_HAL_Driver/Src/stm32f1xx_hal_rcc.o
 .debug_aranges
                0x0000000000000368      0x278 ./Drivers/STM32F1xx_HAL_Driver/Src/stm32f1xx_hal_tim.o
 .debug_aranges
                0x00000000000005e0      0x110 ./Drivers/STM32F1xx_HAL_Driver/Src/stm32f1xx_hal_tim_ex.o

.debug_ranges   0x0000000000000000     0x1470
 .debug_ranges  0x0000000000000000      0x378 ./Core/Src/main.o
 .debug_ranges  0x0000000000000378       0xf0 ./Core/Src/stm32f1xx_hal_msp.o
 .debug_ranges  0x0000000000000468       0x88 ./Core/Src/stm32f1xx_it.o
 .debug_ranges  0x00000000000004f0       0x18 ./Core/Src/system_stm32f1xx.o
 .debug_ranges  0x0000000000000508       0x20 ./Core/Startup/startup_stm32f103vetx.o
 .debug_ranges  0x0000000000000528       0xc8 ./Drivers/STM32F1xx_HAL_Driver/Src/stm32f1xx_hal.o
 .debug_ranges  0x00000000000005f0      0x180 ./Drivers/STM32F1xx_HAL_Driver/Src/stm32f1xx_hal_cortex.o
 .debug_ranges  0x0000000000000770       0x70 ./Drivers/STM32F1xx_HAL_Driver/Src/stm32f1xx_hal_gpio.o
 .debug_ranges  0x00000000000007e0      0x140 ./Drivers/STM32F1xx_HAL_Driver/Src/stm32f1xx_hal_rcc.o
 .debug_ranges  0x0000000000000920      0x908 ./Drivers/STM32F1xx_HAL_Driver/Src/stm32f1xx_hal_tim.o
 .debug_ranges  0x0000000000001228      0x248 ./Drivers/STM32F1xx_HAL_Driver/Src/stm32f1xx_hal_tim_ex.o

.debug_macro    0x0000000000000000    0x18567
 .debug_macro   0x0000000000000000      0x1a3 ./Core/Src/main.o
 .debug_macro   0x00000000000001a3      0xa6c ./Core/Src/main.o
 .debug_macro   0x0000000000000c0f      0x215 ./Core/Src/main.o
 .debug_macro   0x0000000000000e24       0x2e ./Core/Src/main.o
 .debug_macro   0x0000000000000e52       0x22 ./Core/Src/main.o
 .debug_macro   0x0000000000000e74       0x22 ./Core/Src/main.o
 .debug_macro   0x0000000000000e96       0x8e ./Core/Src/main.o
 .debug_macro   0x0000000000000f24       0x51 ./Core/Src/main.o
 .debug_macro   0x0000000000000f75      0x103 ./Core/Src/main.o
 .debug_macro   0x0000000000001078       0x6a ./Core/Src/main.o
 .debug_macro   0x00000000000010e2      0x1df ./Core/Src/main.o
 .debug_macro   0x00000000000012c1       0x1c ./Core/Src/main.o
 .debug_macro   0x00000000000012dd       0x22 ./Core/Src/main.o
 .debug_macro   0x00000000000012ff       0xbd ./Core/Src/main.o
 .debug_macro   0x00000000000013bc      0xd23 ./Core/Src/main.o
 .debug_macro   0x00000000000020df     0xfd8c ./Core/Src/main.o
 .debug_macro   0x0000000000011e6b       0x6d ./Core/Src/main.o
 .debug_macro   0x0000000000011ed8     0x34a2 ./Core/Src/main.o
 .debug_macro   0x000000000001537a      0x174 ./Core/Src/main.o
 .debug_macro   0x00000000000154ee       0x5c ./Core/Src/main.o
 .debug_macro   0x000000000001554a      0x5bc ./Core/Src/main.o
 .debug_macro   0x0000000000015b06      0x4d5 ./Core/Src/main.o
 .debug_macro   0x0000000000015fdb      0x1cb ./Core/Src/main.o
 .debug_macro   0x00000000000161a6      0x114 ./Core/Src/main.o
 .debug_macro   0x00000000000162ba      0x1ea ./Core/Src/main.o
 .debug_macro   0x00000000000164a4       0x27 ./Core/Src/main.o
 .debug_macro   0x00000000000164cb      0x144 ./Core/Src/main.o
 .debug_macro   0x000000000001660f      0x1bc ./Core/Src/main.o
 .debug_macro   0x00000000000167cb       0x30 ./Core/Src/main.o
 .debug_macro   0x00000000000167fb       0x3c ./Core/Src/main.o
 .debug_macro   0x0000000000016837       0x57 ./Core/Src/main.o
 .debug_macro   0x000000000001688e       0x87 ./Core/Src/main.o
 .debug_macro   0x0000000000016915      0x24f ./Core/Src/main.o
 .debug_macro   0x0000000000016b64      0x140 ./Core/Src/main.o
 .debug_macro   0x0000000000016ca4      0x8ed ./Core/Src/main.o
 .debug_macro   0x0000000000017591       0xb5 ./Core/Src/main.o
 .debug_macro   0x0000000000017646      0x1a3 ./Core/Src/stm32f1xx_hal_msp.o
 .debug_macro   0x00000000000177e9      0x1ad ./Core/Src/stm32f1xx_it.o
 .debug_macro   0x0000000000017996      0x199 ./Core/Src/system_stm32f1xx.o
 .debug_macro   0x0000000000017b2f      0x1bd ./Drivers/STM32F1xx_HAL_Driver/Src/stm32f1xx_hal.o
 .debug_macro   0x0000000000017cec      0x199 ./Drivers/STM32F1xx_HAL_Driver/Src/stm32f1xx_hal_cortex.o
 .debug_macro   0x0000000000017e85      0x204 ./Drivers/STM32F1xx_HAL_Driver/Src/stm32f1xx_hal_gpio.o
 .debug_macro   0x0000000000018089      0x1ab ./Drivers/STM32F1xx_HAL_Driver/Src/stm32f1xx_hal_rcc.o
 .debug_macro   0x0000000000018234      0x19a ./Drivers/STM32F1xx_HAL_Driver/Src/stm32f1xx_hal_tim.o
 .debug_macro   0x00000000000183ce      0x199 ./Drivers/STM32F1xx_HAL_Driver/Src/stm32f1xx_hal_tim_ex.o

.debug_line     0x0000000000000000     0xdb29
 .debug_line    0x0000000000000000      0xd29 ./Core/Src/main.o
 .debug_line    0x0000000000000d29      0x816 ./Core/Src/stm32f1xx_hal_msp.o
 .debug_line    0x000000000000153f      0x7c1 ./Core/Src/stm32f1xx_it.o
 .debug_line    0x0000000000001d00      0x6cd ./Core/Src/system_stm32f1xx.o
 .debug_line    0x00000000000023cd       0x87 ./Core/Startup/startup_stm32f103vetx.o
 .debug_line    0x0000000000002454      0x99b ./Drivers/STM32F1xx_HAL_Driver/Src/stm32f1xx_hal.o
 .debug_line    0x0000000000002def      0xb80 ./Drivers/STM32F1xx_HAL_Driver/Src/stm32f1xx_hal_cortex.o
 .debug_line    0x000000000000396f      0xaa7 ./Drivers/STM32F1xx_HAL_Driver/Src/stm32f1xx_hal_gpio.o
 .debug_line    0x0000000000004416     0x11d7 ./Drivers/STM32F1xx_HAL_Driver/Src/stm32f1xx_hal_rcc.o
 .debug_line    0x00000000000055ed     0x6657 ./Drivers/STM32F1xx_HAL_Driver/Src/stm32f1xx_hal_tim.o
 .debug_line    0x000000000000bc44     0x1ee5 ./Drivers/STM32F1xx_HAL_Driver/Src/stm32f1xx_hal_tim_ex.o

.debug_str      0x0000000000000000    0x92378
 .debug_str     0x0000000000000000    0x9044b ./Core/Src/main.o
                                      0x909ca (size before relaxing)
 .debug_str     0x000000000009044b       0x95 ./Core/Src/stm32f1xx_hal_msp.o
                                      0x901d3 (size before relaxing)
 .debug_str     0x00000000000904e0      0x108 ./Core/Src/stm32f1xx_it.o
                                      0x9020f (size before relaxing)
 .debug_str     0x00000000000905e8       0x88 ./Core/Src/system_stm32f1xx.o
                                      0x8fc96 (size before relaxing)
 .debug_str     0x0000000000090670       0x36 ./Core/Startup/startup_stm32f103vetx.o
                                         0x55 (size before relaxing)
 .debug_str     0x00000000000906a6      0x384 ./Drivers/STM32F1xx_HAL_Driver/Src/stm32f1xx_hal.o
                                      0x904ad (size before relaxing)
 .debug_str     0x0000000000090a2a      0x2a8 ./Drivers/STM32F1xx_HAL_Driver/Src/stm32f1xx_hal_cortex.o
                                      0x903f9 (size before relaxing)
 .debug_str     0x0000000000090cd2      0x2de ./Drivers/STM32F1xx_HAL_Driver/Src/stm32f1xx_hal_gpio.o
                                      0x9001c (size before relaxing)
 .debug_str     0x0000000000090fb0      0x217 ./Drivers/STM32F1xx_HAL_Driver/Src/stm32f1xx_hal_rcc.o
                                      0x900c5 (size before relaxing)
 .debug_str     0x00000000000911c7      0xd1e ./Drivers/STM32F1xx_HAL_Driver/Src/stm32f1xx_hal_tim.o
                                      0x910c7 (size before relaxing)
 .debug_str     0x0000000000091ee5      0x493 ./Drivers/STM32F1xx_HAL_Driver/Src/stm32f1xx_hal_tim_ex.o
                                      0x908d3 (size before relaxing)

.comment        0x0000000000000000       0x50
 .comment       0x0000000000000000       0x50 ./Core/Src/main.o
                                         0x51 (size before relaxing)
 .comment       0x0000000000000050       0x51 ./Core/Src/stm32f1xx_hal_msp.o
 .comment       0x0000000000000050       0x51 ./Core/Src/stm32f1xx_it.o
 .comment       0x0000000000000050       0x51 ./Core/Src/system_stm32f1xx.o
 .comment       0x0000000000000050       0x51 ./Drivers/STM32F1xx_HAL_Driver/Src/stm32f1xx_hal.o
 .comment       0x0000000000000050       0x51 ./Drivers/STM32F1xx_HAL_Driver/Src/stm32f1xx_hal_cortex.o
 .comment       0x0000000000000050       0x51 ./Drivers/STM32F1xx_HAL_Driver/Src/stm32f1xx_hal_gpio.o
 .comment       0x0000000000000050       0x51 ./Drivers/STM32F1xx_HAL_Driver/Src/stm32f1xx_hal_rcc.o
 .comment       0x0000000000000050       0x51 ./Drivers/STM32F1xx_HAL_Driver/Src/stm32f1xx_hal_tim.o
 .comment       0x0000000000000050       0x51 ./Drivers/STM32F1xx_HAL_Driver/Src/stm32f1xx_hal_tim_ex.o

.debug_frame    0x0000000000000000     0x1814
 .debug_frame   0x0000000000000000       0x5c ./Core/Src/main.o
 .debug_frame   0x000000000000005c       0x94 ./Core/Src/stm32f1xx_hal_msp.o
 .debug_frame   0x00000000000000f0       0xfc ./Core/Src/stm32f1xx_it.o
 .debug_frame   0x00000000000001ec       0x30 ./Core/Src/system_stm32f1xx.o
 .debug_frame   0x000000000000021c      0x1d4 ./Drivers/STM32F1xx_HAL_Driver/Src/stm32f1xx_hal.o
 .debug_frame   0x00000000000003f0      0x128 ./Drivers/STM32F1xx_HAL_Driver/Src/stm32f1xx_hal_cortex.o
 .debug_frame   0x0000000000000518       0xe4 ./Drivers/STM32F1xx_HAL_Driver/Src/stm32f1xx_hal_gpio.o
 .debug_frame   0x00000000000005fc      0x190 ./Drivers/STM32F1xx_HAL_Driver/Src/stm32f1xx_hal_rcc.o
 .debug_frame   0x000000000000078c      0xbd8 ./Drivers/STM32F1xx_HAL_Driver/Src/stm32f1xx_hal_tim.o
 .debug_frame   0x0000000000001364      0x484 ./Drivers/STM32F1xx_HAL_Driver/Src/stm32f1xx_hal_tim_ex.o
 .debug_frame   0x00000000000017e8       0x2c d:/stm32cubeide_1.9.0/stm32cubeide/plugins/com.st.stm32cube.ide.mcu.externaltools.gnu-tools-for-stm32.10.3-2021.10.win32_1.0.0.202111181127/tools/bin/../lib/gcc/arm-none-eabi/10.3.1/../../../../arm-none-eabi/lib/thumb/v7-m/nofp\libc_nano.a(lib_a-init.o)
