Archive member included to satisfy reference by file (symbol)

c:/users/47468/.eide/tools/gcc_arm/bin/../lib/gcc/arm-none-eabi/10.2.1/thumb/v7-m/nofp\libgcc.a(_arm_mulsf3.o)
                              ./build/Debug/.obj/Core/Src/bsp_xpt2046_lcd.o (__aeabi_fmul)
c:/users/47468/.eide/tools/gcc_arm/bin/../lib/gcc/arm-none-eabi/10.2.1/thumb/v7-m/nofp\libgcc.a(_arm_addsubsf3.o)
                              ./build/Debug/.obj/Core/Src/bsp_xpt2046_lcd.o (__aeabi_fadd)
c:/users/47468/.eide/tools/gcc_arm/bin/../lib/gcc/arm-none-eabi/10.2.1/thumb/v7-m/nofp\libgcc.a(_arm_muldivsf3.o)
                              ./build/Debug/.obj/Core/Src/bsp_xpt2046_lcd.o (__aeabi_fdiv)
c:/users/47468/.eide/tools/gcc_arm/bin/../lib/gcc/arm-none-eabi/10.2.1/thumb/v7-m/nofp\libgcc.a(_arm_cmpsf2.o)
                              ./build/Debug/.obj/Core/Src/bsp_xpt2046_lcd.o (__aeabi_fcmpeq)
c:/users/47468/.eide/tools/gcc_arm/bin/../lib/gcc/arm-none-eabi/10.2.1/thumb/v7-m/nofp\libgcc.a(_arm_fixsfsi.o)
                              ./build/Debug/.obj/Core/Src/bsp_xpt2046_lcd.o (__aeabi_f2iz)
c:/users/47468/.eide/tools/gcc_arm/bin/../lib/gcc/arm-none-eabi/10.2.1/thumb/v7-m/nofp\libgcc.a(_arm_fixunssfsi.o)
                              ./build/Debug/.obj/Core/Src/bsp_xpt2046_lcd.o (__aeabi_f2uiz)
c:/users/47468/.eide/tools/gcc_arm/bin/../lib/gcc/arm-none-eabi/10.2.1/../../../../arm-none-eabi/lib/thumb/v7-m/nofp\libc_nano.a(lib_a-errno.o)
                              ./build/Debug/.obj/Core/Src/syscalls.o (__errno)
c:/users/47468/.eide/tools/gcc_arm/bin/../lib/gcc/arm-none-eabi/10.2.1/../../../../arm-none-eabi/lib/thumb/v7-m/nofp\libc_nano.a(lib_a-exit.o)
                              c:/users/47468/.eide/tools/gcc_arm/bin/../lib/gcc/arm-none-eabi/10.2.1/../../../../arm-none-eabi/lib/thumb/v7-m/nofp/crt0.o (exit)
c:/users/47468/.eide/tools/gcc_arm/bin/../lib/gcc/arm-none-eabi/10.2.1/../../../../arm-none-eabi/lib/thumb/v7-m/nofp\libc_nano.a(lib_a-impure.o)
                              c:/users/47468/.eide/tools/gcc_arm/bin/../lib/gcc/arm-none-eabi/10.2.1/../../../../arm-none-eabi/lib/thumb/v7-m/nofp\libc_nano.a(lib_a-exit.o) (_global_impure_ptr)
c:/users/47468/.eide/tools/gcc_arm/bin/../lib/gcc/arm-none-eabi/10.2.1/../../../../arm-none-eabi/lib/thumb/v7-m/nofp\libc_nano.a(lib_a-init.o)
                              c:/users/47468/.eide/tools/gcc_arm/bin/../lib/gcc/arm-none-eabi/10.2.1/../../../../arm-none-eabi/lib/thumb/v7-m/nofp/crt0.o (__libc_init_array)
c:/users/47468/.eide/tools/gcc_arm/bin/../lib/gcc/arm-none-eabi/10.2.1/../../../../arm-none-eabi/lib/thumb/v7-m/nofp\libc_nano.a(lib_a-memcpy-stub.o)
                              ./build/Debug/.obj/Middlewares/Third_Party/FreeRTOS/Source/CMSIS_RTOS_V2/cmsis_os2.o (memcpy)
c:/users/47468/.eide/tools/gcc_arm/bin/../lib/gcc/arm-none-eabi/10.2.1/../../../../arm-none-eabi/lib/thumb/v7-m/nofp\libc_nano.a(lib_a-memset.o)
                              c:/users/47468/.eide/tools/gcc_arm/bin/../lib/gcc/arm-none-eabi/10.2.1/../../../../arm-none-eabi/lib/thumb/v7-m/nofp/crt0.o (memset)
c:/users/47468/.eide/tools/gcc_arm/bin/../lib/gcc/arm-none-eabi/10.2.1/../../../../arm-none-eabi/lib/thumb/v7-m/nofp\libc_nano.a(lib_a-printf.o)
                              ./build/Debug/.obj/Core/Src/bsp_spi_flash.o (printf)
c:/users/47468/.eide/tools/gcc_arm/bin/../lib/gcc/arm-none-eabi/10.2.1/../../../../arm-none-eabi/lib/thumb/v7-m/nofp\libc_nano.a(lib_a-puts.o)
                              ./build/Debug/.obj/Core/Src/bsp_spi_flash.o (puts)
c:/users/47468/.eide/tools/gcc_arm/bin/../lib/gcc/arm-none-eabi/10.2.1/../../../../arm-none-eabi/lib/thumb/v7-m/nofp\libc_nano.a(lib_a-sprintf.o)
                              ./build/Debug/.obj/Core/Src/bsp_xpt2046_lcd.o (sprintf)
c:/users/47468/.eide/tools/gcc_arm/bin/../lib/gcc/arm-none-eabi/10.2.1/../../../../arm-none-eabi/lib/thumb/v7-m/nofp\libc_nano.a(lib_a-strlen.o)
                              ./build/Debug/.obj/Core/Src/usart.o (strlen)
c:/users/47468/.eide/tools/gcc_arm/bin/../lib/gcc/arm-none-eabi/10.2.1/../../../../arm-none-eabi/lib/thumb/v7-m/nofp\libc_nano.a(lib_a-wbuf.o)
                              c:/users/47468/.eide/tools/gcc_arm/bin/../lib/gcc/arm-none-eabi/10.2.1/../../../../arm-none-eabi/lib/thumb/v7-m/nofp\libc_nano.a(lib_a-puts.o) (__swbuf_r)
c:/users/47468/.eide/tools/gcc_arm/bin/../lib/gcc/arm-none-eabi/10.2.1/../../../../arm-none-eabi/lib/thumb/v7-m/nofp\libc_nano.a(lib_a-wsetup.o)
                              c:/users/47468/.eide/tools/gcc_arm/bin/../lib/gcc/arm-none-eabi/10.2.1/../../../../arm-none-eabi/lib/thumb/v7-m/nofp\libc_nano.a(lib_a-puts.o) (__swsetup_r)
c:/users/47468/.eide/tools/gcc_arm/bin/../lib/gcc/arm-none-eabi/10.2.1/../../../../arm-none-eabi/lib/thumb/v7-m/nofp\libc_nano.a(lib_a-fflush.o)
                              c:/users/47468/.eide/tools/gcc_arm/bin/../lib/gcc/arm-none-eabi/10.2.1/../../../../arm-none-eabi/lib/thumb/v7-m/nofp\libc_nano.a(lib_a-wbuf.o) (_fflush_r)
[...]
Memory Configuration

Name             Origin             Length             Attributes
RAM              0x20000000         0x00010000         xrw
FLASH            0x08000000         0x00080000         xr
*default*        0x00000000         0xffffffff

Linker script and memory map

LOAD c:/users/47468/.eide/tools/gcc_arm/bin/../lib/gcc/arm-none-eabi/10.2.1/thumb/v7-m/nofp/crti.o
LOAD c:/users/47468/.eide/tools/gcc_arm/bin/../lib/gcc/arm-none-eabi/10.2.1/thumb/v7-m/nofp/crtbegin.o
LOAD c:/users/47468/.eide/tools/gcc_arm/bin/../lib/gcc/arm-none-eabi/10.2.1/../../../../arm-none-eabi/lib/thumb/v7-m/nofp/crt0.o
LOAD ./build/Debug/.obj/Core/Src/MGC3X30.o
LOAD ./build/Debug/.obj/Core/Src/bsp_ili9341_lcd.o
LOAD ./build/Debug/.obj/Core/Src/bsp_led.o
LOAD ./build/Debug/.obj/Core/Src/bsp_spi_flash.o
LOAD ./build/Debug/.obj/Core/Src/bsp_xpt2046_lcd.o
LOAD ./build/Debug/.obj/Core/Src/dma.o
LOAD ./build/Debug/.obj/Core/Src/fonts.o
LOAD ./build/Debug/.obj/Core/Src/freertos.o
LOAD ./build/Debug/.obj/Core/Src/fsmc.o
LOAD ./build/Debug/.obj/Core/Src/gpio.o
LOAD ./build/Debug/.obj/Core/Src/i2c.o
LOAD ./build/Debug/.obj/Core/Src/lcd.o
LOAD ./build/Debug/.obj/Core/Src/main.o
LOAD ./build/Debug/.obj/Core/Src/operating_system.o
LOAD ./build/Debug/.obj/Core/Src/palette.o
LOAD ./build/Debug/.obj/Core/Src/sdio.o
LOAD ./build/Debug/.obj/Core/Src/spi.o
LOAD ./build/Debug/.obj/Core/Src/stm32f1xx_hal_msp.o
LOAD ./build/Debug/.obj/Core/Src/stm32f1xx_it.o
LOAD ./build/Debug/.obj/Core/Src/syscalls.o
LOAD ./build/Debug/.obj/Core/Src/sysmem.o
LOAD ./build/Debug/.obj/Core/Src/system_stm32f1xx.o
LOAD ./build/Debug/.obj/Core/Src/tim.o
LOAD ./build/Debug/.obj/Core/Src/usart.o
LOAD ./build/Debug/.obj/Drivers/STM32F1xx_HAL_Driver/Src/stm32f1xx_hal.o
LOAD ./build/Debug/.obj/Drivers/STM32F1xx_HAL_Driver/Src/stm32f1xx_hal_cortex.o
LOAD ./build/Debug/.obj/Drivers/STM32F1xx_HAL_Driver/Src/stm32f1xx_hal_dma.o
LOAD ./build/Debug/.obj/Drivers/STM32F1xx_HAL_Driver/Src/stm32f1xx_hal_exti.o
LOAD ./build/Debug/.obj/Drivers/STM32F1xx_HAL_Driver/Src/stm32f1xx_hal_flash.o
LOAD ./build/Debug/.obj/Drivers/STM32F1xx_HAL_Driver/Src/stm32f1xx_hal_flash_ex.o
LOAD ./build/Debug/.obj/Drivers/STM32F1xx_HAL_Driver/Src/stm32f1xx_hal_gpio.o
LOAD ./build/Debug/.obj/Drivers/STM32F1xx_HAL_Driver/Src/stm32f1xx_hal_gpio_ex.o
LOAD ./build/Debug/.obj/Drivers/STM32F1xx_HAL_Driver/Src/stm32f1xx_hal_i2c.o
LOAD ./build/Debug/.obj/Drivers/STM32F1xx_HAL_Driver/Src/stm32f1xx_hal_mmc.o
LOAD ./build/Debug/.obj/Drivers/STM32F1xx_HAL_Driver/Src/stm32f1xx_hal_nand.o
LOAD ./build/Debug/.obj/Drivers/STM32F1xx_HAL_Driver/Src/stm32f1xx_hal_nor.o
LOAD ./build/Debug/.obj/Drivers/STM32F1xx_HAL_Driver/Src/stm32f1xx_hal_pccard.o
LOAD ./build/Debug/.obj/Drivers/STM32F1xx_HAL_Driver/Src/stm32f1xx_hal_pwr.o
LOAD ./build/Debug/.obj/Drivers/STM32F1xx_HAL_Driver/Src/stm32f1xx_hal_rcc.o
LOAD ./build/Debug/.obj/Drivers/STM32F1xx_HAL_Driver/Src/stm32f1xx_hal_rcc_ex.o
LOAD ./build/Debug/.obj/Drivers/STM32F1xx_HAL_Driver/Src/stm32f1xx_hal_sd.o
LOAD ./build/Debug/.obj/Drivers/STM32F1xx_HAL_Driver/Src/stm32f1xx_hal_spi.o
LOAD ./build/Debug/.obj/Drivers/STM32F1xx_HAL_Driver/Src/stm32f1xx_hal_sram.o
LOAD ./build/Debug/.obj/Drivers/STM32F1xx_HAL_Driver/Src/stm32f1xx_hal_tim.o
LOAD ./build/Debug/.obj/Drivers/STM32F1xx_HAL_Driver/Src/stm32f1xx_hal_tim_ex.o
LOAD ./build/Debug/.obj/Drivers/STM32F1xx_HAL_Driver/Src/stm32f1xx_hal_uart.o
LOAD ./build/Debug/.obj/Drivers/STM32F1xx_HAL_Driver/Src/stm32f1xx_ll_fsmc.o
LOAD ./build/Debug/.obj/Drivers/STM32F1xx_HAL_Driver/Src/stm32f1xx_ll_sdmmc.o
LOAD ./build/Debug/.obj/FATFS/App/fatfs.o
LOAD ./build/Debug/.obj/FATFS/Target/bsp_driver_sd.o
LOAD ./build/Debug/.obj/FATFS/Target/fatfs_platform.o
LOAD ./build/Debug/.obj/Middlewares/Third_Party/FatFs/src/diskio.o
LOAD ./build/Debug/.obj/Middlewares/Third_Party/FatFs/src/drivers/sd_diskio.o
LOAD ./build/Debug/.obj/Middlewares/Third_Party/FatFs/src/ff.o
LOAD ./build/Debug/.obj/Middlewares/Third_Party/FatFs/src/ff_gen_drv.o
LOAD ./build/Debug/.obj/Middlewares/Third_Party/FatFs/src/option/syscall.o
LOAD ./build/Debug/.obj/Middlewares/Third_Party/FreeRTOS/Source/CMSIS_RTOS_V2/cmsis_os2.o
LOAD ./build/Debug/.obj/Middlewares/Third_Party/FreeRTOS/Source/croutine.o
LOAD ./build/Debug/.obj/Middlewares/Third_Party/FreeRTOS/Source/event_groups.o
LOAD ./build/Debug/.obj/Middlewares/Third_Party/FreeRTOS/Source/list.o
LOAD ./build/Debug/.obj/Middlewares/Third_Party/FreeRTOS/Source/portable/GCC/ARM_CM3/port.o
LOAD ./build/Debug/.obj/Middlewares/Third_Party/FreeRTOS/Source/portable/MemMang/heap_4.o
LOAD ./build/Debug/.obj/Middlewares/Third_Party/FreeRTOS/Source/queue.o
LOAD ./build/Debug/.obj/Middlewares/Third_Party/FreeRTOS/Source/stream_buffer.o
LOAD ./build/Debug/.obj/Middlewares/Third_Party/FreeRTOS/Source/tasks.o
LOAD ./build/Debug/.obj/Middlewares/Third_Party/FreeRTOS/Source/timers.o
LOAD ./build/Debug/.obj/startup_stm32f103xe.o
LOAD c:/users/47468/.eide/tools/gcc_arm/bin/../lib/gcc/arm-none-eabi/10.2.1/../../../../arm-none-eabi/lib/thumb/v7-m/nofp\libm.a
START GROUP
LOAD c:/users/47468/.eide/tools/gcc_arm/bin/../lib/gcc/arm-none-eabi/10.2.1/thumb/v7-m/nofp\libgcc.a
LOAD c:/users/47468/.eide/tools/gcc_arm/bin/../lib/gcc/arm-none-eabi/10.2.1/../../../../arm-none-eabi/lib/thumb/v7-m/nofp\libc_nano.a
END GROUP
START GROUP
LOAD c:/users/47468/.eide/tools/gcc_arm/bin/../lib/gcc/arm-none-eabi/10.2.1/thumb/v7-m/nofp\libgcc.a
LOAD c:/users/47468/.eide/tools/gcc_arm/bin/../lib/gcc/arm-none-eabi/10.2.1/../../../../arm-none-eabi/lib/thumb/v7-m/nofp\libc_nano.a
LOAD c:/users/47468/.eide/tools/gcc_arm/bin/../lib/gcc/arm-none-eabi/10.2.1/../../../../arm-none-eabi/lib/thumb/v7-m/nofp\libnosys.a
END GROUP
START GROUP
LOAD c:/users/47468/.eide/tools/gcc_arm/bin/../lib/gcc/arm-none-eabi/10.2.1/thumb/v7-m/nofp\libgcc.a
LOAD c:/users/47468/.eide/tools/gcc_arm/bin/../lib/gcc/arm-none-eabi/10.2.1/../../../../arm-none-eabi/lib/thumb/v7-m/nofp\libc_nano.a
LOAD c:/users/47468/.eide/tools/gcc_arm/bin/../lib/gcc/arm-none-eabi/10.2.1/../../../../arm-none-eabi/lib/thumb/v7-m/nofp\libnosys.a
END GROUP
LOAD c:/users/47468/.eide/tools/gcc_arm/bin/../lib/gcc/arm-none-eabi/10.2.1/thumb/v7-m/nofp/crtend.o
LOAD c:/users/47468/.eide/tools/gcc_arm/bin/../lib/gcc/arm-none-eabi/10.2.1/thumb/v7-m/nofp/crtn.o
                0x20010000                _estack = (ORIGIN (RAM) + LENGTH (RAM))
                0x00000200                _Min_Heap_Size = 0x200
                0x00000400                _Min_Stack_Size = 0x400

.isr_vector     0x08000000      0x1e4
                0x08000000                . = ALIGN (0x4)
 *(.isr_vector)
 .isr_vector    0x08000000      0x1e4 ./build/Debug/.obj/startup_stm32f103xe.o
                0x08000000                g_pfnVectors
                0x080001e4                . = ALIGN (0x4)

.text           0x080001f0     0xa098
                0x080001f0                . = ALIGN (0x4)
 *(.text)
 .text          0x080001f0       0x40 c:/users/47468/.eide/tools/gcc_arm/bin/../lib/gcc/arm-none-eabi/10.2.1/thumb/v7-m/nofp/crtbegin.o
 .text          0x08000230      0x21c c:/users/47468/.eide/tools/gcc_arm/bin/../lib/gcc/arm-none-eabi/10.2.1/thumb/v7-m/nofp\libgcc.a(_arm_addsubsf3.o)
                0x08000230                __aeabi_frsub
                0x08000238                __subsf3
                0x08000238                __aeabi_fsub
                0x0800023c                __aeabi_fadd
                0x0800023c                __addsf3
                0x0800039c                __aeabi_ui2f
                0x0800039c                __floatunsisf
                0x080003a4                __aeabi_i2f
                0x080003a4                __floatsisf
                0x080003c0                __aeabi_ul2f
                0x080003c0                __floatundisf
                0x080003d0                __aeabi_l2f
                0x080003d0                __floatdisf
 .text          0x0800044c      0x2a0 c:/users/47468/.eide/tools/gcc_arm/bin/../lib/gcc/arm-none-eabi/10.2.1/thumb/v7-m/nofp\libgcc.a(_arm_muldivsf3.o)
                0x0800044c                __mulsf3
                0x0800044c                __aeabi_fmul
                0x080005b4                __aeabi_fdiv
                0x080005b4                __divsf3
 .text          0x080006ec       0x4c c:/users/47468/.eide/tools/gcc_arm/bin/../lib/gcc/arm-none-eabi/10.2.1/thumb/v7-m/nofp\libgcc.a(_arm_fixsfsi.o)
                0x080006ec                __aeabi_f2iz
                0x080006ec                __fixsfsi
 .text          0x08000738       0x10 c:/users/47468/.eide/tools/gcc_arm/bin/../lib/gcc/arm-none-eabi/10.2.1/../../../../arm-none-eabi/lib/thumb/v7-m/nofp\libc_nano.a(lib_a-strlen.o)
                0x08000738                strlen
 *(.text*)
 .text.setRuntimeparameter
                0x08000748       0x60 ./build/Debug/.obj/Core/Src/MGC3X30.o
                0x08000748                setRuntimeparameter
 .text.reset    0x080007a8       0x2c ./build/Debug/.obj/Core/Src/MGC3X30.o
                0x080007a8                reset
 .text.tsInput  0x080007d4       0x28 ./build/Debug/.obj/Core/Src/MGC3X30.o
                0x080007d4                tsInput
 .text.tsOutput
                0x080007fc       0x30 ./build/Debug/.obj/Core/Src/MGC3X30.o
                0x080007fc                tsOutput
 .text.tsRead   0x0800082c       0x14 ./build/Debug/.obj/Core/Src/MGC3X30.o
                0x0800082c                tsRead
 .text.tsWrite  0x08000840       0x24 ./build/Debug/.obj/Core/Src/MGC3X30.o
                0x08000840                tsWrite
 .text.read     0x08000864       0x48 ./build/Debug/.obj/Core/Src/MGC3X30.o
                0x08000864                read
 .text.begin    0x080008ac        0xe ./build/Debug/.obj/Core/Src/MGC3X30.o
                0x080008ac                begin
 .text.getGestureInfo
                0x080008ba        0x6 ./build/Debug/.obj/Core/Src/MGC3X30.o
                0x080008ba                getGestureInfo
 .text.getTouchInfo
                0x080008c0       0x60 ./build/Debug/.obj/Core/Src/MGC3X30.o
                0x080008c0                getTouchInfo
 .text.enableDataOutput
                0x08000920       0x4c ./build/Debug/.obj/Core/Src/MGC3X30.o
                0x08000920                enableDataOutput
 .text.lockDataOutput
                0x0800096c       0x4c ./build/Debug/.obj/Core/Src/MGC3X30.o
                0x0800096c                lockDataOutput
 .text.sensorDataRecv
                0x080009b8      0x100 ./build/Debug/.obj/Core/Src/MGC3X30.o
                0x080009b8                sensorDataRecv
 .text.ILI9341_Delay
                0x08000ab8       0x16 ./build/Debug/.obj/Core/Src/bsp_ili9341_lcd.o
 *fill*         0x08000ace        0x2 
 .text.ILI9341_GPIO_Config
                0x08000ad0       0xa4 ./build/Debug/.obj/Core/Src/bsp_ili9341_lcd.o
 .text.ILI9341_FSMC_Config
                0x08000b74       0x60 ./build/Debug/.obj/Core/Src/bsp_ili9341_lcd.o
 .text.ILI9341_Write_Cmd
                0x08000bd4        0x8 ./build/Debug/.obj/Core/Src/bsp_ili9341_lcd.o
                0x08000bd4                ILI9341_Write_Cmd
 .text.ILI9341_Write_Data
                0x08000bdc        0xc ./build/Debug/.obj/Core/Src/bsp_ili9341_lcd.o
                0x08000bdc                ILI9341_Write_Data
 .text.ILI9341_BackLed_Control
                0x08000be8       0x1c ./build/Debug/.obj/Core/Src/bsp_ili9341_lcd.o
                0x08000be8                ILI9341_BackLed_Control
 .text.ILI9341_ReadID
                0x08000c04       0x50 ./build/Debug/.obj/Core/Src/bsp_ili9341_lcd.o
                0x08000c04                ILI9341_ReadID
 .text.ILI9341_REG_Config
                0x08000c54      0x304 ./build/Debug/.obj/Core/Src/bsp_ili9341_lcd.o
 .text.ILI9341_Rst
                0x08000f58       0x24 ./build/Debug/.obj/Core/Src/bsp_ili9341_lcd.o
                0x08000f58                ILI9341_Rst
 .text.ILI9341_GramScan
                0x08000f7c       0xbc ./build/Debug/.obj/Core/Src/bsp_ili9341_lcd.o
                0x08000f7c                ILI9341_GramScan
 .text.ILI9341_Init
                0x08001038       0x28 ./build/Debug/.obj/Core/Src/bsp_ili9341_lcd.o
                0x08001038                ILI9341_Init
 .text.ILI9341_OpenWindow
                0x08001060       0x58 ./build/Debug/.obj/Core/Src/bsp_ili9341_lcd.o
                0x08001060                ILI9341_OpenWindow
 .text.ILI9341_SetCursor
                0x080010b8        0xc ./build/Debug/.obj/Core/Src/bsp_ili9341_lcd.o
 .text.ILI9341_Clear
                0x080010c4       0x34 ./build/Debug/.obj/Core/Src/bsp_ili9341_lcd.o
                0x080010c4                ILI9341_Clear
 .text.ILI9341_DispChar_EN
                0x080010f8       0x7c ./build/Debug/.obj/Core/Src/bsp_ili9341_lcd.o
                0x080010f8                ILI9341_DispChar_EN
 .text.ILI9341_DispString_EN
                0x08001174       0x5c ./build/Debug/.obj/Core/Src/bsp_ili9341_lcd.o
                0x08001174                ILI9341_DispString_EN
 .text.LCD_Color_DrawPoint
                0x080011d0       0x2c ./build/Debug/.obj/Core/Src/bsp_ili9341_lcd.o
                0x080011d0                LCD_Color_DrawPoint
 .text.XPT2046_DelayUS
                0x080011fc       0x20 ./build/Debug/.obj/Core/Src/bsp_xpt2046_lcd.o
 .text.XPT2046_WriteCMD
                0x0800121c       0x5c ./build/Debug/.obj/Core/Src/bsp_xpt2046_lcd.o
 .text.XPT2046_ReadCMD
                0x08001278       0x44 ./build/Debug/.obj/Core/Src/bsp_xpt2046_lcd.o
 .text.XPT2046_ReadAdc
                0x080012bc        0xc ./build/Debug/.obj/Core/Src/bsp_xpt2046_lcd.o
 .text.XPT2046_ReadAdc_XY
                0x080012c8       0x20 ./build/Debug/.obj/Core/Src/bsp_xpt2046_lcd.o
 .text.XPT2046_ReadAdc_Smooth_XY
                0x080012e8      0x14c ./build/Debug/.obj/Core/Src/bsp_xpt2046_lcd.o
 .text.XPT2046_Init
                0x08001434       0x9c ./build/Debug/.obj/Core/Src/bsp_xpt2046_lcd.o
                0x08001434                XPT2046_Init
 .text.XPT2046_Get_TouchedPoint
                0x080014d0       0xb0 ./build/Debug/.obj/Core/Src/bsp_xpt2046_lcd.o
                0x080014d0                XPT2046_Get_TouchedPoint
 .text.XPT2046_TouchDetect
                0x08001580       0x98 ./build/Debug/.obj/Core/Src/bsp_xpt2046_lcd.o
                0x08001580                XPT2046_TouchDetect
 .text.XPT2046_TouchUp
                0x08001618       0x24 ./build/Debug/.obj/Core/Src/bsp_xpt2046_lcd.o
                0x08001618                XPT2046_TouchUp
 .text.operating_mainpage
                0x0800163c      0x104 ./build/Debug/.obj/Core/Src/bsp_xpt2046_lcd.o
                0x0800163c                operating_mainpage
 .text.operating_gesturepage
                0x08001740      0x198 ./build/Debug/.obj/Core/Src/bsp_xpt2046_lcd.o
                0x08001740                operating_gesturepage
 .text.operating_lcddisplaypage
                0x080018d8       0x40 ./build/Debug/.obj/Core/Src/bsp_xpt2046_lcd.o
                0x080018d8                operating_lcddisplaypage
 .text.in_which_page
                0x08001918       0x34 ./build/Debug/.obj/Core/Src/bsp_xpt2046_lcd.o
                0x08001918                in_which_page
 .text.XPT2046_TouchDown
                0x0800194c       0x38 ./build/Debug/.obj/Core/Src/bsp_xpt2046_lcd.o
                0x0800194c                XPT2046_TouchDown
 .text.XPT2046_TouchEvenHandler
                0x08001984       0x6c ./build/Debug/.obj/Core/Src/bsp_xpt2046_lcd.o
                0x08001984                XPT2046_TouchEvenHandler
 .text.MX_DMA_Init
                0x080019f0       0x34 ./build/Debug/.obj/Core/Src/dma.o
                0x080019f0                MX_DMA_Init
 .text.StartDefaultTask
                0x08001a24      0x15c ./build/Debug/.obj/Core/Src/freertos.o
                0x08001a24                StartDefaultTask
 .text.StartTask02
                0x08001b80       0x6c ./build/Debug/.obj/Core/Src/freertos.o
                0x08001b80                StartTask02
 .text.StartTask03
                0x08001bec       0x40 ./build/Debug/.obj/Core/Src/freertos.o
                0x08001bec                StartTask03
 .text.StartTask04
                0x08001c2c        0xe ./build/Debug/.obj/Core/Src/freertos.o
                0x08001c2c                StartTask04
 *fill*         0x08001c3a        0x2 
 .text.StartTask05
                0x08001c3c       0x48 ./build/Debug/.obj/Core/Src/freertos.o
                0x08001c3c                StartTask05
 .text.MX_FREERTOS_Init
                0x08001c84       0xa8 ./build/Debug/.obj/Core/Src/freertos.o
                0x08001c84                MX_FREERTOS_Init
 .text.HAL_FSMC_MspInit
                0x08001d2c       0x6c ./build/Debug/.obj/Core/Src/fsmc.o
 .text.MX_FSMC_Init
                0x08001d98       0x78 ./build/Debug/.obj/Core/Src/fsmc.o
                0x08001d98                MX_FSMC_Init
 .text.HAL_SRAM_MspInit
                0x08001e10        0x8 ./build/Debug/.obj/Core/Src/fsmc.o
                0x08001e10                HAL_SRAM_MspInit
 .text.MX_GPIO_Init
                0x08001e18      0x160 ./build/Debug/.obj/Core/Src/gpio.o
                0x08001e18                MX_GPIO_Init
 .text.MX_I2C2_Init
                0x08001f78       0x3c ./build/Debug/.obj/Core/Src/i2c.o
                0x08001f78                MX_I2C2_Init
 .text.HAL_I2C_MspInit
                0x08001fb4       0x64 ./build/Debug/.obj/Core/Src/i2c.o
                0x08001fb4                HAL_I2C_MspInit
 .text.LCD_Draw_Picture_Pro
                0x08002018       0xd2 ./build/Debug/.obj/Core/Src/lcd.o
                0x08002018                LCD_Draw_Picture_Pro
 .text.Error_Handler
                0x080020ea        0x4 ./build/Debug/.obj/Core/Src/main.o
                0x080020ea                Error_Handler
 .text.SystemClock_Config
                0x080020ee       0x64 ./build/Debug/.obj/Core/Src/main.o
                0x080020ee                SystemClock_Config
 .text.main     0x08002152       0x3c ./build/Debug/.obj/Core/Src/main.o
                0x08002152                main
 .text.toggle_state
                0x0800218e        0xc ./build/Debug/.obj/Core/Src/operating_system.o
                0x0800218e                toggle_state
 .text.display_picture
                0x0800219a       0x4e ./build/Debug/.obj/Core/Src/operating_system.o
                0x0800219a                display_picture
 .text.main_page
                0x080021e8       0x20 ./build/Debug/.obj/Core/Src/operating_system.o
                0x080021e8                main_page
 .text.gesture_page
                0x08002208       0x20 ./build/Debug/.obj/Core/Src/operating_system.o
                0x08002208                gesture_page
 .text.show_page
                0x08002228       0x20 ./build/Debug/.obj/Core/Src/operating_system.o
                0x08002228                show_page
 .text.gesture_dir_arrow
                0x08002248       0xa4 ./build/Debug/.obj/Core/Src/operating_system.o
                0x08002248                gesture_dir_arrow
 .text.Touch_Button_Down
                0x080022ec       0xa8 ./build/Debug/.obj/Core/Src/palette.o
                0x080022ec                Touch_Button_Down
 .text.Touch_Button_Up
                0x08002394       0x68 ./build/Debug/.obj/Core/Src/palette.o
                0x08002394                Touch_Button_Up
 .text.MX_SDIO_SD_Init
                0x080023fc       0x20 ./build/Debug/.obj/Core/Src/sdio.o
                0x080023fc                MX_SDIO_SD_Init
 .text.HAL_SD_MspInit
                0x0800241c       0xd8 ./build/Debug/.obj/Core/Src/sdio.o
                0x0800241c                HAL_SD_MspInit
 .text.MX_SPI2_Init
                0x080024f4       0x40 ./build/Debug/.obj/Core/Src/spi.o
                0x080024f4                MX_SPI2_Init
 .text.HAL_SPI_MspInit
                0x08002534       0x78 ./build/Debug/.obj/Core/Src/spi.o
                0x08002534                HAL_SPI_MspInit
 .text.HAL_MspInit
                0x080025ac       0x54 ./build/Debug/.obj/Core/Src/stm32f1xx_hal_msp.o
                0x080025ac                HAL_MspInit
 .text.NMI_Handler
                0x08002600        0x2 ./build/Debug/.obj/Core/Src/stm32f1xx_it.o
                0x08002600                NMI_Handler
 .text.HardFault_Handler
                0x08002602        0x2 ./build/Debug/.obj/Core/Src/stm32f1xx_it.o
                0x08002602                HardFault_Handler
 .text.MemManage_Handler
                0x08002604        0x2 ./build/Debug/.obj/Core/Src/stm32f1xx_it.o
                0x08002604                MemManage_Handler
 .text.BusFault_Handler
                0x08002606        0x2 ./build/Debug/.obj/Core/Src/stm32f1xx_it.o
                0x08002606                BusFault_Handler
 .text.UsageFault_Handler
                0x08002608        0x2 ./build/Debug/.obj/Core/Src/stm32f1xx_it.o
                0x08002608                UsageFault_Handler
 .text.DebugMon_Handler
                0x0800260a        0x2 ./build/Debug/.obj/Core/Src/stm32f1xx_it.o
                0x0800260a                DebugMon_Handler
 .text.SysTick_Handler
                0x0800260c       0x16 ./build/Debug/.obj/Core/Src/stm32f1xx_it.o
                0x0800260c                SysTick_Handler
 .text.EXTI0_IRQHandler
                0x08002622        0xa ./build/Debug/.obj/Core/Src/stm32f1xx_it.o
                0x08002622                EXTI0_IRQHandler
 .text.SDIO_IRQHandler
                0x0800262c       0x10 ./build/Debug/.obj/Core/Src/stm32f1xx_it.o
                0x0800262c                SDIO_IRQHandler
 .text.DMA2_Channel4_5_IRQHandler
                0x0800263c       0x10 ./build/Debug/.obj/Core/Src/stm32f1xx_it.o
                0x0800263c                DMA2_Channel4_5_IRQHandler
 .text._sbrk    0x0800264c       0x48 ./build/Debug/.obj/Core/Src/sysmem.o
                0x0800264c                _sbrk
 .text.SystemInit
                0x08002694        0x2 ./build/Debug/.obj/Core/Src/system_stm32f1xx.o
                0x08002694                SystemInit
 *fill*         0x08002696        0x2 
 .text.HAL_TIM_Base_MspInit
                0x08002698       0x2c ./build/Debug/.obj/Core/Src/tim.o
                0x08002698                HAL_TIM_Base_MspInit
 .text.HAL_TIM_MspPostInit
                0x080026c4       0x50 ./build/Debug/.obj/Core/Src/tim.o
                0x080026c4                HAL_TIM_MspPostInit
 .text.MX_TIM3_Init
                0x08002714       0xb0 ./build/Debug/.obj/Core/Src/tim.o
                0x08002714                MX_TIM3_Init
 .text.MX_USART1_UART_Init
                0x080027c4       0x34 ./build/Debug/.obj/Core/Src/usart.o
                0x080027c4                MX_USART1_UART_Init
 .text.HAL_UART_MspInit
                0x080027f8       0x78 ./build/Debug/.obj/Core/Src/usart.o
                0x080027f8                HAL_UART_MspInit
 .text.Send_AT_Command
                0x08002870       0x38 ./build/Debug/.obj/Core/Src/usart.o
                0x08002870                Send_AT_Command
 .text.ESP8266_Config
                0x080028a8       0x4c ./build/Debug/.obj/Core/Src/usart.o
                0x080028a8                ESP8266_Config
 .text.send_data
                0x080028f4       0x2c ./build/Debug/.obj/Core/Src/usart.o
                0x080028f4                send_data
 .text.HAL_InitTick
                0x08002920       0x4c ./build/Debug/.obj/Drivers/STM32F1xx_HAL_Driver/Src/stm32f1xx_hal.o
                0x08002920                HAL_InitTick
 .text.HAL_Init
                0x0800296c       0x24 ./build/Debug/.obj/Drivers/STM32F1xx_HAL_Driver/Src/stm32f1xx_hal.o
                0x0800296c                HAL_Init
 .text.HAL_IncTick
                0x08002990       0x18 ./build/Debug/.obj/Drivers/STM32F1xx_HAL_Driver/Src/stm32f1xx_hal.o
                0x08002990                HAL_IncTick
 .text.HAL_GetTick
                0x080029a8        0xc ./build/Debug/.obj/Drivers/STM32F1xx_HAL_Driver/Src/stm32f1xx_hal.o
                0x080029a8                HAL_GetTick
 .text.HAL_Delay
                0x080029b4       0x28 ./build/Debug/.obj/Drivers/STM32F1xx_HAL_Driver/Src/stm32f1xx_hal.o
                0x080029b4                HAL_Delay
 .text.HAL_NVIC_SetPriorityGrouping
                0x080029dc       0x24 ./build/Debug/.obj/Drivers/STM32F1xx_HAL_Driver/Src/stm32f1xx_hal_cortex.o
                0x080029dc                HAL_NVIC_SetPriorityGrouping
 .text.HAL_NVIC_SetPriority
                0x08002a00       0x70 ./build/Debug/.obj/Drivers/STM32F1xx_HAL_Driver/Src/stm32f1xx_hal_cortex.o
                0x08002a00                HAL_NVIC_SetPriority
 .text.HAL_NVIC_EnableIRQ
                0x08002a70       0x1c ./build/Debug/.obj/Drivers/STM32F1xx_HAL_Driver/Src/stm32f1xx_hal_cortex.o
                0x08002a70                HAL_NVIC_EnableIRQ
 .text.HAL_SYSTICK_Config
                0x08002a8c       0x28 ./build/Debug/.obj/Drivers/STM32F1xx_HAL_Driver/Src/stm32f1xx_hal_cortex.o
                0x08002a8c                HAL_SYSTICK_Config
 .text.HAL_DMA_Init
                0x08002ab4       0x98 ./build/Debug/.obj/Drivers/STM32F1xx_HAL_Driver/Src/stm32f1xx_hal_dma.o
                0x08002ab4                HAL_DMA_Init
 .text.HAL_DMA_Abort_IT
                0x08002b4c      0x16c ./build/Debug/.obj/Drivers/STM32F1xx_HAL_Driver/Src/stm32f1xx_hal_dma.o
                0x08002b4c                HAL_DMA_Abort_IT
 .text.HAL_DMA_IRQHandler
                0x08002cb8      0x2ec ./build/Debug/.obj/Drivers/STM32F1xx_HAL_Driver/Src/stm32f1xx_hal_dma.o
                0x08002cb8                HAL_DMA_IRQHandler
 .text.HAL_GPIO_Init
                0x08002fa4      0x240 ./build/Debug/.obj/Drivers/STM32F1xx_HAL_Driver/Src/stm32f1xx_hal_gpio.o
                0x08002fa4                HAL_GPIO_Init
 .text.HAL_GPIO_ReadPin
                0x080031e4        0xe ./build/Debug/.obj/Drivers/STM32F1xx_HAL_Driver/Src/stm32f1xx_hal_gpio.o
                0x080031e4                HAL_GPIO_ReadPin
 .text.HAL_GPIO_WritePin
                0x080031f2        0xc ./build/Debug/.obj/Drivers/STM32F1xx_HAL_Driver/Src/stm32f1xx_hal_gpio.o
                0x080031f2                HAL_GPIO_WritePin
 .text.HAL_GPIO_EXTI_Callback
                0x080031fe        0x2 ./build/Debug/.obj/Drivers/STM32F1xx_HAL_Driver/Src/stm32f1xx_hal_gpio.o
                0x080031fe                HAL_GPIO_EXTI_Callback
 .text.HAL_GPIO_EXTI_IRQHandler
                0x08003200       0x1c ./build/Debug/.obj/Drivers/STM32F1xx_HAL_Driver/Src/stm32f1xx_hal_gpio.o
                0x08003200                HAL_GPIO_EXTI_IRQHandler
 .text.I2C_IsAcknowledgeFailed
                0x0800321c       0x32 ./build/Debug/.obj/Drivers/STM32F1xx_HAL_Driver/Src/stm32f1xx_hal_i2c.o
 .text.I2C_WaitOnFlagUntilTimeout
                0x0800324e       0xaa ./build/Debug/.obj/Drivers/STM32F1xx_HAL_Driver/Src/stm32f1xx_hal_i2c.o
 .text.I2C_WaitOnMasterAddressFlagUntilTimeout
                0x080032f8       0xd6 ./build/Debug/.obj/Drivers/STM32F1xx_HAL_Driver/Src/stm32f1xx_hal_i2c.o
 *fill*         0x080033ce        0x2 
 .text.I2C_MasterRequestWrite
                0x080033d0       0xb4 ./build/Debug/.obj/Drivers/STM32F1xx_HAL_Driver/Src/stm32f1xx_hal_i2c.o
 .text.I2C_MasterRequestRead
                0x08003484      0x120 ./build/Debug/.obj/Drivers/STM32F1xx_HAL_Driver/Src/stm32f1xx_hal_i2c.o
 .text.I2C_WaitOnTXEFlagUntilTimeout
                0x080035a4       0x5e ./build/Debug/.obj/Drivers/STM32F1xx_HAL_Driver/Src/stm32f1xx_hal_i2c.o
 .text.I2C_WaitOnBTFFlagUntilTimeout
                0x08003602       0x5e ./build/Debug/.obj/Drivers/STM32F1xx_HAL_Driver/Src/stm32f1xx_hal_i2c.o
 .text.I2C_WaitOnRXNEFlagUntilTimeout
                0x08003660       0x78 ./build/Debug/.obj/Drivers/STM32F1xx_HAL_Driver/Src/stm32f1xx_hal_i2c.o
 .text.HAL_I2C_Init
                0x080036d8      0x1bc ./build/Debug/.obj/Drivers/STM32F1xx_HAL_Driver/Src/stm32f1xx_hal_i2c.o
                0x080036d8                HAL_I2C_Init
 .text.HAL_I2C_Master_Transmit
                0x08003894      0x178 ./build/Debug/.obj/Drivers/STM32F1xx_HAL_Driver/Src/stm32f1xx_hal_i2c.o
                0x08003894                HAL_I2C_Master_Transmit
 .text.HAL_I2C_Master_Receive
                0x08003a0c      0x358 ./build/Debug/.obj/Drivers/STM32F1xx_HAL_Driver/Src/stm32f1xx_hal_i2c.o
                0x08003a0c                HAL_I2C_Master_Receive
 .text.RCC_Delay
                0x08003d64       0x2c ./build/Debug/.obj/Drivers/STM32F1xx_HAL_Driver/Src/stm32f1xx_hal_rcc.o
 .text.HAL_RCC_OscConfig
                0x08003d90      0x410 ./build/Debug/.obj/Drivers/STM32F1xx_HAL_Driver/Src/stm32f1xx_hal_rcc.o
                0x08003d90                HAL_RCC_OscConfig
 .text.HAL_RCC_GetSysClockFreq
                0x080041a0       0x54 ./build/Debug/.obj/Drivers/STM32F1xx_HAL_Driver/Src/stm32f1xx_hal_rcc.o
                0x080041a0                HAL_RCC_GetSysClockFreq
 .text.HAL_RCC_ClockConfig
                0x080041f4      0x16c ./build/Debug/.obj/Drivers/STM32F1xx_HAL_Driver/Src/stm32f1xx_hal_rcc.o
                0x080041f4                HAL_RCC_ClockConfig
 .text.HAL_RCC_GetHCLKFreq
                0x08004360        0xc ./build/Debug/.obj/Drivers/STM32F1xx_HAL_Driver/Src/stm32f1xx_hal_rcc.o
                0x08004360                HAL_RCC_GetHCLKFreq
 .text.HAL_RCC_GetPCLK1Freq
                0x0800436c       0x20 ./build/Debug/.obj/Drivers/STM32F1xx_HAL_Driver/Src/stm32f1xx_hal_rcc.o
                0x0800436c                HAL_RCC_GetPCLK1Freq
 .text.HAL_RCC_GetPCLK2Freq
                0x0800438c       0x20 ./build/Debug/.obj/Drivers/STM32F1xx_HAL_Driver/Src/stm32f1xx_hal_rcc.o
                0x0800438c                HAL_RCC_GetPCLK2Freq
 .text.SD_PowerON
                0x080043ac       0xc0 ./build/Debug/.obj/Drivers/STM32F1xx_HAL_Driver/Src/stm32f1xx_hal_sd.o
 .text.SD_Read_IT
                0x0800446c       0x38 ./build/Debug/.obj/Drivers/STM32F1xx_HAL_Driver/Src/stm32f1xx_hal_sd.o
 .text.SD_Write_IT
                0x080044a4       0x48 ./build/Debug/.obj/Drivers/STM32F1xx_HAL_Driver/Src/stm32f1xx_hal_sd.o
 .text.SD_SendStatus
                0x080044ec       0x2c ./build/Debug/.obj/Drivers/STM32F1xx_HAL_Driver/Src/stm32f1xx_hal_sd.o
 .text.HAL_SD_ReadBlocks
                0x08004518      0x248 ./build/Debug/.obj/Drivers/STM32F1xx_HAL_Driver/Src/stm32f1xx_hal_sd.o
                0x08004518                HAL_SD_ReadBlocks
 .text.HAL_SD_WriteBlocks
                0x08004760      0x204 ./build/Debug/.obj/Drivers/STM32F1xx_HAL_Driver/Src/stm32f1xx_hal_sd.o
                0x08004760                HAL_SD_WriteBlocks
 .text.HAL_SD_ErrorCallback
                0x08004964        0x2 ./build/Debug/.obj/Drivers/STM32F1xx_HAL_Driver/Src/stm32f1xx_hal_sd.o
                0x08004964                HAL_SD_ErrorCallback
 *fill*         0x08004966        0x2 
 .text.HAL_SD_GetCardCSD
                0x08004968      0x1b8 ./build/Debug/.obj/Drivers/STM32F1xx_HAL_Driver/Src/stm32f1xx_hal_sd.o
                0x08004968                HAL_SD_GetCardCSD
 .text.SD_InitCard
                0x08004b20      0x100 ./build/Debug/.obj/Drivers/STM32F1xx_HAL_Driver/Src/stm32f1xx_hal_sd.o
 .text.HAL_SD_InitCard
                0x08004c20       0xa8 ./build/Debug/.obj/Drivers/STM32F1xx_HAL_Driver/Src/stm32f1xx_hal_sd.o
                0x08004c20                HAL_SD_InitCard
 .text.HAL_SD_Init
                0x08004cc8       0x36 ./build/Debug/.obj/Drivers/STM32F1xx_HAL_Driver/Src/stm32f1xx_hal_sd.o
                0x08004cc8                HAL_SD_Init
 .text.HAL_SD_GetCardInfo
                0x08004cfe       0x24 ./build/Debug/.obj/Drivers/STM32F1xx_HAL_Driver/Src/stm32f1xx_hal_sd.o
                0x08004cfe                HAL_SD_GetCardInfo
 .text.HAL_SD_GetCardState
                0x08004d22       0x22 ./build/Debug/.obj/Drivers/STM32F1xx_HAL_Driver/Src/stm32f1xx_hal_sd.o
                0x08004d22                HAL_SD_GetCardState
 .text.SD_DMATxAbort
                0x08004d44       0x44 ./build/Debug/.obj/Drivers/STM32F1xx_HAL_Driver/Src/stm32f1xx_hal_sd.o
 .text.SD_DMARxAbort
                0x08004d88       0x44 ./build/Debug/.obj/Drivers/STM32F1xx_HAL_Driver/Src/stm32f1xx_hal_sd.o
 .text.HAL_SD_IRQHandler
                0x08004dcc      0x1cc ./build/Debug/.obj/Drivers/STM32F1xx_HAL_Driver/Src/stm32f1xx_hal_sd.o
                0x08004dcc                HAL_SD_IRQHandler
 .text.HAL_SPI_Init
                0x08004f98       0xb6 ./build/Debug/.obj/Drivers/STM32F1xx_HAL_Driver/Src/stm32f1xx_hal_spi.o
                0x08004f98                HAL_SPI_Init
 .text.HAL_SRAM_Init
                0x0800504e       0x64 ./build/Debug/.obj/Drivers/STM32F1xx_HAL_Driver/Src/stm32f1xx_hal_sram.o
                0x0800504e                HAL_SRAM_Init
 *fill*         0x080050b2        0x2 
 .text.TIM_OC1_SetConfig
                0x080050b4       0x68 ./build/Debug/.obj/Drivers/STM32F1xx_HAL_Driver/Src/stm32f1xx_hal_tim.o
 .text.TIM_OC3_SetConfig
                0x0800511c       0x70 ./build/Debug/.obj/Drivers/STM32F1xx_HAL_Driver/Src/stm32f1xx_hal_tim.o
 .text.TIM_OC4_SetConfig
                0x0800518c       0x50 ./build/Debug/.obj/Drivers/STM32F1xx_HAL_Driver/Src/stm32f1xx_hal_tim.o
 .text.TIM_TI1_ConfigInputStage
                0x080051dc       0x24 ./build/Debug/.obj/Drivers/STM32F1xx_HAL_Driver/Src/stm32f1xx_hal_tim.o
 .text.TIM_TI2_ConfigInputStage
                0x08005200       0x26 ./build/Debug/.obj/Drivers/STM32F1xx_HAL_Driver/Src/stm32f1xx_hal_tim.o
 .text.TIM_ITRx_SetConfig
                0x08005226       0x10 ./build/Debug/.obj/Drivers/STM32F1xx_HAL_Driver/Src/stm32f1xx_hal_tim.o
 .text.HAL_TIM_PWM_MspInit
                0x08005236        0x2 ./build/Debug/.obj/Drivers/STM32F1xx_HAL_Driver/Src/stm32f1xx_hal_tim.o
                0x08005236                HAL_TIM_PWM_MspInit
 .text.TIM_Base_SetConfig
                0x08005238       0x98 ./build/Debug/.obj/Drivers/STM32F1xx_HAL_Driver/Src/stm32f1xx_hal_tim.o
                0x08005238                TIM_Base_SetConfig
 .text.HAL_TIM_Base_Init
                0x080052d0       0x58 ./build/Debug/.obj/Drivers/STM32F1xx_HAL_Driver/Src/stm32f1xx_hal_tim.o
                0x080052d0                HAL_TIM_Base_Init
 .text.HAL_TIM_PWM_Init
                0x08005328       0x58 ./build/Debug/.obj/Drivers/STM32F1xx_HAL_Driver/Src/stm32f1xx_hal_tim.o
                0x08005328                HAL_TIM_PWM_Init
 .text.TIM_OC2_SetConfig
                0x08005380       0x70 ./build/Debug/.obj/Drivers/STM32F1xx_HAL_Driver/Src/stm32f1xx_hal_tim.o
                0x08005380                TIM_OC2_SetConfig
 .text.HAL_TIM_PWM_ConfigChannel
                0x080053f0       0xdc ./build/Debug/.obj/Drivers/STM32F1xx_HAL_Driver/Src/stm32f1xx_hal_tim.o
                0x080053f0                HAL_TIM_PWM_ConfigChannel
 .text.TIM_ETR_SetConfig
                0x080054cc       0x18 ./build/Debug/.obj/Drivers/STM32F1xx_HAL_Driver/Src/stm32f1xx_hal_tim.o
                0x080054cc                TIM_ETR_SetConfig
 .text.HAL_TIM_ConfigClockSource
                0x080054e4       0xfe ./build/Debug/.obj/Drivers/STM32F1xx_HAL_Driver/Src/stm32f1xx_hal_tim.o
                0x080054e4                HAL_TIM_ConfigClockSource
 *fill*         0x080055e2        0x2 
 .text.HAL_TIMEx_MasterConfigSynchronization
                0x080055e4       0x7c ./build/Debug/.obj/Drivers/STM32F1xx_HAL_Driver/Src/stm32f1xx_hal_tim_ex.o
                0x080055e4                HAL_TIMEx_MasterConfigSynchronization
 .text.UART_SetConfig
                0x08005660       0x94 ./build/Debug/.obj/Drivers/STM32F1xx_HAL_Driver/Src/stm32f1xx_hal_uart.o
 .text.UART_WaitOnFlagUntilTimeout
                0x080056f4       0x88 ./build/Debug/.obj/Drivers/STM32F1xx_HAL_Driver/Src/stm32f1xx_hal_uart.o
 .text.HAL_UART_Init
                0x0800577c       0x60 ./build/Debug/.obj/Drivers/STM32F1xx_HAL_Driver/Src/stm32f1xx_hal_uart.o
                0x0800577c                HAL_UART_Init
 .text.HAL_UART_Transmit
                0x080057dc       0xbe ./build/Debug/.obj/Drivers/STM32F1xx_HAL_Driver/Src/stm32f1xx_hal_uart.o
                0x080057dc                HAL_UART_Transmit
 *fill*         0x0800589a        0x2 
 .text.FSMC_NORSRAM_Init
                0x0800589c       0x68 ./build/Debug/.obj/Drivers/STM32F1xx_HAL_Driver/Src/stm32f1xx_ll_fsmc.o
                0x0800589c                FSMC_NORSRAM_Init
 .text.FSMC_NORSRAM_Timing_Init
                0x08005904       0x50 ./build/Debug/.obj/Drivers/STM32F1xx_HAL_Driver/Src/stm32f1xx_ll_fsmc.o
                0x08005904                FSMC_NORSRAM_Timing_Init
 .text.FSMC_NORSRAM_Extended_Timing_Init
                0x08005954       0x44 ./build/Debug/.obj/Drivers/STM32F1xx_HAL_Driver/Src/stm32f1xx_ll_fsmc.o
                0x08005954                FSMC_NORSRAM_Extended_Timing_Init
 .text.SDMMC_GetCmdError
                0x08005998       0x38 ./build/Debug/.obj/Drivers/STM32F1xx_HAL_Driver/Src/stm32f1xx_ll_sdmmc.o
 .text.SDIO_Init
                0x080059d0       0x32 ./build/Debug/.obj/Drivers/STM32F1xx_HAL_Driver/Src/stm32f1xx_ll_sdmmc.o
                0x080059d0                SDIO_Init
 .text.SDIO_ReadFIFO
                0x08005a02        0x6 ./build/Debug/.obj/Drivers/STM32F1xx_HAL_Driver/Src/stm32f1xx_ll_sdmmc.o
                0x08005a02                SDIO_ReadFIFO
 .text.SDIO_WriteFIFO
                0x08005a08        0xa ./build/Debug/.obj/Drivers/STM32F1xx_HAL_Driver/Src/stm32f1xx_ll_sdmmc.o
                0x08005a08                SDIO_WriteFIFO
 .text.SDIO_PowerState_ON
                0x08005a12        0x8 ./build/Debug/.obj/Drivers/STM32F1xx_HAL_Driver/Src/stm32f1xx_ll_sdmmc.o
                0x08005a12                SDIO_PowerState_ON
 .text.SDIO_GetPowerState
                0x08005a1a        0x8 ./build/Debug/.obj/Drivers/STM32F1xx_HAL_Driver/Src/stm32f1xx_ll_sdmmc.o
                0x08005a1a                SDIO_GetPowerState
 .text.SDIO_SendCommand
                0x08005a22       0x24 ./build/Debug/.obj/Drivers/STM32F1xx_HAL_Driver/Src/stm32f1xx_ll_sdmmc.o
                0x08005a22                SDIO_SendCommand
 .text.SDIO_GetCommandResponse
                0x08005a46        0x6 ./build/Debug/.obj/Drivers/STM32F1xx_HAL_Driver/Src/stm32f1xx_ll_sdmmc.o
                0x08005a46                SDIO_GetCommandResponse
 .text.SDIO_GetResponse
                0x08005a4c        0x6 ./build/Debug/.obj/Drivers/STM32F1xx_HAL_Driver/Src/stm32f1xx_ll_sdmmc.o
                0x08005a4c                SDIO_GetResponse
 .text.SDIO_ConfigData
                0x08005a52       0x24 ./build/Debug/.obj/Drivers/STM32F1xx_HAL_Driver/Src/stm32f1xx_ll_sdmmc.o
                0x08005a52                SDIO_ConfigData
 .text.SDMMC_CmdGoIdleState
                0x08005a76       0x26 ./build/Debug/.obj/Drivers/STM32F1xx_HAL_Driver/Src/stm32f1xx_ll_sdmmc.o
                0x08005a76                SDMMC_CmdGoIdleState
 .text.SDMMC_GetCmdResp1
                0x08005a9c      0x154 ./build/Debug/.obj/Drivers/STM32F1xx_HAL_Driver/Src/stm32f1xx_ll_sdmmc.o
                0x08005a9c                SDMMC_GetCmdResp1
 .text.SDMMC_CmdBlockLength
                0x08005bf0       0x30 ./build/Debug/.obj/Drivers/STM32F1xx_HAL_Driver/Src/stm32f1xx_ll_sdmmc.o
                0x08005bf0                SDMMC_CmdBlockLength
 .text.SDMMC_CmdReadSingleBlock
                0x08005c20       0x30 ./build/Debug/.obj/Drivers/STM32F1xx_HAL_Driver/Src/stm32f1xx_ll_sdmmc.o
                0x08005c20                SDMMC_CmdReadSingleBlock
 .text.SDMMC_CmdReadMultiBlock
                0x08005c50       0x30 ./build/Debug/.obj/Drivers/STM32F1xx_HAL_Driver/Src/stm32f1xx_ll_sdmmc.o
                0x08005c50                SDMMC_CmdReadMultiBlock
 .text.SDMMC_CmdWriteSingleBlock
                0x08005c80       0x30 ./build/Debug/.obj/Drivers/STM32F1xx_HAL_Driver/Src/stm32f1xx_ll_sdmmc.o
                0x08005c80                SDMMC_CmdWriteSingleBlock
 .text.SDMMC_CmdWriteMultiBlock
                0x08005cb0       0x30 ./build/Debug/.obj/Drivers/STM32F1xx_HAL_Driver/Src/stm32f1xx_ll_sdmmc.o
                0x08005cb0                SDMMC_CmdWriteMultiBlock
 .text.SDMMC_CmdStopTransfer
                0x08005ce0       0x34 ./build/Debug/.obj/Drivers/STM32F1xx_HAL_Driver/Src/stm32f1xx_ll_sdmmc.o
                0x08005ce0                SDMMC_CmdStopTransfer
 .text.SDMMC_CmdSelDesel
                0x08005d14       0x30 ./build/Debug/.obj/Drivers/STM32F1xx_HAL_Driver/Src/stm32f1xx_ll_sdmmc.o
                0x08005d14                SDMMC_CmdSelDesel
 .text.SDMMC_CmdAppCommand
                0x08005d44       0x30 ./build/Debug/.obj/Drivers/STM32F1xx_HAL_Driver/Src/stm32f1xx_ll_sdmmc.o
                0x08005d44                SDMMC_CmdAppCommand
 .text.SDMMC_CmdSendStatus
                0x08005d74       0x30 ./build/Debug/.obj/Drivers/STM32F1xx_HAL_Driver/Src/stm32f1xx_ll_sdmmc.o
                0x08005d74                SDMMC_CmdSendStatus
 .text.SDMMC_GetCmdResp2
                0x08005da4       0x5c ./build/Debug/.obj/Drivers/STM32F1xx_HAL_Driver/Src/stm32f1xx_ll_sdmmc.o
                0x08005da4                SDMMC_GetCmdResp2
 .text.SDMMC_CmdSendCID
                0x08005e00       0x2a ./build/Debug/.obj/Drivers/STM32F1xx_HAL_Driver/Src/stm32f1xx_ll_sdmmc.o
                0x08005e00                SDMMC_CmdSendCID
 .text.SDMMC_CmdSendCSD
                0x08005e2a       0x2a ./build/Debug/.obj/Drivers/STM32F1xx_HAL_Driver/Src/stm32f1xx_ll_sdmmc.o
                0x08005e2a                SDMMC_CmdSendCSD
 .text.SDMMC_GetCmdResp3
                0x08005e54       0x4c ./build/Debug/.obj/Drivers/STM32F1xx_HAL_Driver/Src/stm32f1xx_ll_sdmmc.o
                0x08005e54                SDMMC_GetCmdResp3
 .text.SDMMC_CmdAppOperCommand
                0x08005ea0       0x32 ./build/Debug/.obj/Drivers/STM32F1xx_HAL_Driver/Src/stm32f1xx_ll_sdmmc.o
                0x08005ea0                SDMMC_CmdAppOperCommand
 *fill*         0x08005ed2        0x2 
 .text.SDMMC_GetCmdResp6
                0x08005ed4       0xa0 ./build/Debug/.obj/Drivers/STM32F1xx_HAL_Driver/Src/stm32f1xx_ll_sdmmc.o
                0x08005ed4                SDMMC_GetCmdResp6
 .text.SDMMC_CmdSetRelAdd
                0x08005f74       0x30 ./build/Debug/.obj/Drivers/STM32F1xx_HAL_Driver/Src/stm32f1xx_ll_sdmmc.o
                0x08005f74                SDMMC_CmdSetRelAdd
 .text.SDMMC_GetCmdResp7
                0x08005fa4       0x64 ./build/Debug/.obj/Drivers/STM32F1xx_HAL_Driver/Src/stm32f1xx_ll_sdmmc.o
                0x08005fa4                SDMMC_GetCmdResp7
 .text.SDMMC_CmdOperCond
                0x08006008       0x2e ./build/Debug/.obj/Drivers/STM32F1xx_HAL_Driver/Src/stm32f1xx_ll_sdmmc.o
                0x08006008                SDMMC_CmdOperCond
 *fill*         0x08006036        0x2 
 .text.MX_FATFS_Init
                0x08006038       0x1c ./build/Debug/.obj/FATFS/App/fatfs.o
                0x08006038                MX_FATFS_Init
 .text.get_fattime
                0x08006054        0x4 ./build/Debug/.obj/FATFS/App/fatfs.o
                0x08006054                get_fattime
 .text.BSP_SD_ReadBlocks
                0x08006058       0x20 ./build/Debug/.obj/FATFS/Target/bsp_driver_sd.o
                0x08006058                BSP_SD_ReadBlocks
 .text.BSP_SD_WriteBlocks
                0x08006078       0x20 ./build/Debug/.obj/FATFS/Target/bsp_driver_sd.o
                0x08006078                BSP_SD_WriteBlocks
 .text.BSP_SD_GetCardState
                0x08006098       0x14 ./build/Debug/.obj/FATFS/Target/bsp_driver_sd.o
                0x08006098                BSP_SD_GetCardState
 .text.BSP_SD_GetCardInfo
                0x080060ac       0x10 ./build/Debug/.obj/FATFS/Target/bsp_driver_sd.o
                0x080060ac                BSP_SD_GetCardInfo
 .text.BSP_SD_AbortCallback
                0x080060bc        0x2 ./build/Debug/.obj/FATFS/Target/bsp_driver_sd.o
                0x080060bc                BSP_SD_AbortCallback
 .text.HAL_SD_AbortCallback
                0x080060be        0x8 ./build/Debug/.obj/FATFS/Target/bsp_driver_sd.o
                0x080060be                HAL_SD_AbortCallback
 .text.BSP_SD_WriteCpltCallback
                0x080060c6        0x2 ./build/Debug/.obj/FATFS/Target/bsp_driver_sd.o
                0x080060c6                BSP_SD_WriteCpltCallback
 .text.HAL_SD_TxCpltCallback
                0x080060c8        0x8 ./build/Debug/.obj/FATFS/Target/bsp_driver_sd.o
                0x080060c8                HAL_SD_TxCpltCallback
 .text.BSP_SD_ReadCpltCallback
                0x080060d0        0x2 ./build/Debug/.obj/FATFS/Target/bsp_driver_sd.o
                0x080060d0                BSP_SD_ReadCpltCallback
 .text.HAL_SD_RxCpltCallback
                0x080060d2        0x8 ./build/Debug/.obj/FATFS/Target/bsp_driver_sd.o
                0x080060d2                HAL_SD_RxCpltCallback
 .text.BSP_SD_IsDetected
                0x080060da       0x20 ./build/Debug/.obj/FATFS/Target/bsp_driver_sd.o
                0x080060da                BSP_SD_IsDetected
 *fill*         0x080060fa        0x2 
 .text.BSP_SD_Init
                0x080060fc       0x1c ./build/Debug/.obj/FATFS/Target/bsp_driver_sd.o
                0x080060fc                BSP_SD_Init
 .text.BSP_PlatformIsDetected
                0x08006118       0x18 ./build/Debug/.obj/FATFS/Target/fatfs_platform.o
                0x08006118                BSP_PlatformIsDetected
 .text.disk_status
                0x08006130       0x18 ./build/Debug/.obj/Middlewares/Third_Party/FatFs/src/diskio.o
                0x08006130                disk_status
 .text.disk_initialize
                0x08006148       0x28 ./build/Debug/.obj/Middlewares/Third_Party/FatFs/src/diskio.o
                0x08006148                disk_initialize
 .text.disk_read
                0x08006170       0x18 ./build/Debug/.obj/Middlewares/Third_Party/FatFs/src/diskio.o
                0x08006170                disk_read
 .text.disk_write
                0x08006188       0x18 ./build/Debug/.obj/Middlewares/Third_Party/FatFs/src/diskio.o
                0x08006188                disk_write
 .text.disk_ioctl
                0x080061a0       0x18 ./build/Debug/.obj/Middlewares/Third_Party/FatFs/src/diskio.o
                0x080061a0                disk_ioctl
 .text.SD_initialize
                0x080061b8       0x24 ./build/Debug/.obj/Middlewares/Third_Party/FatFs/src/drivers/sd_diskio.o
                0x080061b8                SD_initialize
 .text.SD_status
                0x080061dc       0x24 ./build/Debug/.obj/Middlewares/Third_Party/FatFs/src/drivers/sd_diskio.o
                0x080061dc                SD_status
 .text.SD_read  0x08006200       0x38 ./build/Debug/.obj/Middlewares/Third_Party/FatFs/src/drivers/sd_diskio.o
                0x08006200                SD_read
 .text.SD_write
                0x08006238       0x38 ./build/Debug/.obj/Middlewares/Third_Party/FatFs/src/drivers/sd_diskio.o
                0x08006238                SD_write
 .text.SD_ioctl
                0x08006270       0x54 ./build/Debug/.obj/Middlewares/Third_Party/FatFs/src/drivers/sd_diskio.o
                0x08006270                SD_ioctl
 .text.mem_cpy  0x080062c4       0x14 ./build/Debug/.obj/Middlewares/Third_Party/FatFs/src/ff.o
 .text.mem_set  0x080062d8       0x10 ./build/Debug/.obj/Middlewares/Third_Party/FatFs/src/ff.o
 .text.mem_cmp  0x080062e8       0x1e ./build/Debug/.obj/Middlewares/Third_Party/FatFs/src/ff.o
 .text.chk_chr  0x08006306       0x10 ./build/Debug/.obj/Middlewares/Third_Party/FatFs/src/ff.o
 .text.clmt_clust
                0x08006316       0x2e ./build/Debug/.obj/Middlewares/Third_Party/FatFs/src/ff.o
 .text.ld_clust
                0x08006344       0x24 ./build/Debug/.obj/Middlewares/Third_Party/FatFs/src/ff.o
 .text.st_clust
                0x08006368       0x14 ./build/Debug/.obj/Middlewares/Third_Party/FatFs/src/ff.o
 .text.create_name
                0x0800637c      0x1a0 ./build/Debug/.obj/Middlewares/Third_Party/FatFs/src/ff.o
 .text.get_ldnumber
                0x0800651c       0x52 ./build/Debug/.obj/Middlewares/Third_Party/FatFs/src/ff.o
 .text.sync_window
                0x0800656e       0x5e ./build/Debug/.obj/Middlewares/Third_Party/FatFs/src/ff.o
 .text.move_window
                0x080065cc       0x40 ./build/Debug/.obj/Middlewares/Third_Party/FatFs/src/ff.o
 .text.check_fs
                0x0800660c       0x90 ./build/Debug/.obj/Middlewares/Third_Party/FatFs/src/ff.o
 .text.validate
                0x0800669c       0x3e ./build/Debug/.obj/Middlewares/Third_Party/FatFs/src/ff.o
 *fill*         0x080066da        0x2 
 .text.find_volume
                0x080066dc      0x408 ./build/Debug/.obj/Middlewares/Third_Party/FatFs/src/ff.o
 .text.sync_fs  0x08006ae4       0xbe ./build/Debug/.obj/Middlewares/Third_Party/FatFs/src/ff.o
 .text.clust2sect
                0x08006ba2       0x20 ./build/Debug/.obj/Middlewares/Third_Party/FatFs/src/ff.o
                0x08006ba2                clust2sect
 .text.get_fat  0x08006bc2      0x122 ./build/Debug/.obj/Middlewares/Third_Party/FatFs/src/ff.o
                0x08006bc2                get_fat
 .text.dir_sdi  0x08006ce4       0xe2 ./build/Debug/.obj/Middlewares/Third_Party/FatFs/src/ff.o
 .text.put_fat  0x08006dc6      0x15c ./build/Debug/.obj/Middlewares/Third_Party/FatFs/src/ff.o
                0x08006dc6                put_fat
 .text.create_chain
                0x08006f22       0xd0 ./build/Debug/.obj/Middlewares/Third_Party/FatFs/src/ff.o
 .text.dir_next
                0x08006ff2      0x182 ./build/Debug/.obj/Middlewares/Third_Party/FatFs/src/ff.o
 .text.dir_find
                0x08007174       0x5a ./build/Debug/.obj/Middlewares/Third_Party/FatFs/src/ff.o
 .text.follow_path
                0x080071ce       0xc2 ./build/Debug/.obj/Middlewares/Third_Party/FatFs/src/ff.o
 .text.dir_alloc
                0x08007290       0x56 ./build/Debug/.obj/Middlewares/Third_Party/FatFs/src/ff.o
 .text.dir_register
                0x080072e6       0x48 ./build/Debug/.obj/Middlewares/Third_Party/FatFs/src/ff.o
 .text.remove_chain
                0x0800732e       0x78 ./build/Debug/.obj/Middlewares/Third_Party/FatFs/src/ff.o
 *fill*         0x080073a6        0x2 
 .text.f_mount  0x080073a8       0x5c ./build/Debug/.obj/Middlewares/Third_Party/FatFs/src/ff.o
                0x080073a8                f_mount
 .text.f_open   0x08007404      0x1bc ./build/Debug/.obj/Middlewares/Third_Party/FatFs/src/ff.o
                0x08007404                f_open
 .text.f_read   0x080075c0      0x260 ./build/Debug/.obj/Middlewares/Third_Party/FatFs/src/ff.o
                0x080075c0                f_read
 .text.f_sync   0x08007820       0xb4 ./build/Debug/.obj/Middlewares/Third_Party/FatFs/src/ff.o
                0x08007820                f_sync
 .text.f_close  0x080078d4       0x1e ./build/Debug/.obj/Middlewares/Third_Party/FatFs/src/ff.o
                0x080078d4                f_close
 .text.f_lseek  0x080078f2      0x38a ./build/Debug/.obj/Middlewares/Third_Party/FatFs/src/ff.o
                0x080078f2                f_lseek
 .text.FATFS_LinkDriverEx
                0x08007c7c       0x54 ./build/Debug/.obj/Middlewares/Third_Party/FatFs/src/ff_gen_drv.o
                0x08007c7c                FATFS_LinkDriverEx
 .text.FATFS_LinkDriver
                0x08007cd0        0xa ./build/Debug/.obj/Middlewares/Third_Party/FatFs/src/ff_gen_drv.o
                0x08007cd0                FATFS_LinkDriver
 *fill*         0x08007cda        0x2 
 .text.osKernelInitialize
                0x08007cdc       0x44 ./build/Debug/.obj/Middlewares/Third_Party/FreeRTOS/Source/CMSIS_RTOS_V2/cmsis_os2.o
                0x08007cdc                osKernelInitialize
 .text.osKernelStart
                0x08007d20       0x4c ./build/Debug/.obj/Middlewares/Third_Party/FreeRTOS/Source/CMSIS_RTOS_V2/cmsis_os2.o
                0x08007d20                osKernelStart
 .text.osThreadNew
                0x08007d6c       0xec ./build/Debug/.obj/Middlewares/Third_Party/FreeRTOS/Source/CMSIS_RTOS_V2/cmsis_os2.o
                0x08007d6c                osThreadNew
 .text.osDelay  0x08007e58       0x44 ./build/Debug/.obj/Middlewares/Third_Party/FreeRTOS/Source/CMSIS_RTOS_V2/cmsis_os2.o
                0x08007e58                osDelay
 .text.vApplicationGetIdleTaskMemory
                0x08007e9c       0x18 ./build/Debug/.obj/Middlewares/Third_Party/FreeRTOS/Source/CMSIS_RTOS_V2/cmsis_os2.o
                0x08007e9c                vApplicationGetIdleTaskMemory
 .text.vApplicationGetTimerTaskMemory
                0x08007eb4       0x18 ./build/Debug/.obj/Middlewares/Third_Party/FreeRTOS/Source/CMSIS_RTOS_V2/cmsis_os2.o
                0x08007eb4                vApplicationGetTimerTaskMemory
 .text.vListInitialise
                0x08007ecc       0x16 ./build/Debug/.obj/Middlewares/Third_Party/FreeRTOS/Source/list.o
                0x08007ecc                vListInitialise
 .text.vListInitialiseItem
                0x08007ee2        0x6 ./build/Debug/.obj/Middlewares/Third_Party/FreeRTOS/Source/list.o
                0x08007ee2                vListInitialiseItem
 .text.vListInsertEnd
                0x08007ee8       0x16 ./build/Debug/.obj/Middlewares/Third_Party/FreeRTOS/Source/list.o
                0x08007ee8                vListInsertEnd
 .text.vListInsert
                0x08007efe       0x32 ./build/Debug/.obj/Middlewares/Third_Party/FreeRTOS/Source/list.o
                0x08007efe                vListInsert
 .text.uxListRemove
                0x08007f30       0x26 ./build/Debug/.obj/Middlewares/Third_Party/FreeRTOS/Source/list.o
                0x08007f30                uxListRemove
 *fill*         0x08007f56        0x2 
 .text.prvTaskExitError
                0x08007f58       0x40 ./build/Debug/.obj/Middlewares/Third_Party/FreeRTOS/Source/portable/GCC/ARM_CM3/port.o
 .text.prvPortStartFirstTask
                0x08007f98       0x20 ./build/Debug/.obj/Middlewares/Third_Party/FreeRTOS/Source/portable/GCC/ARM_CM3/port.o
 .text.pxPortInitialiseStack
                0x08007fb8       0x24 ./build/Debug/.obj/Middlewares/Third_Party/FreeRTOS/Source/portable/GCC/ARM_CM3/port.o
                0x08007fb8                pxPortInitialiseStack
 *fill*         0x08007fdc        0x4 
 .text.SVC_Handler
                0x08007fe0       0x24 ./build/Debug/.obj/Middlewares/Third_Party/FreeRTOS/Source/portable/GCC/ARM_CM3/port.o
                0x08007fe0                SVC_Handler
 .text.vPortEnterCritical
                0x08008004       0x44 ./build/Debug/.obj/Middlewares/Third_Party/FreeRTOS/Source/portable/GCC/ARM_CM3/port.o
                0x08008004                vPortEnterCritical
 .text.vPortExitCritical
                0x08008048       0x2c ./build/Debug/.obj/Middlewares/Third_Party/FreeRTOS/Source/portable/GCC/ARM_CM3/port.o
                0x08008048                vPortExitCritical
 *fill*         0x08008074        0xc 
 .text.PendSV_Handler
                0x08008080       0x44 ./build/Debug/.obj/Middlewares/Third_Party/FreeRTOS/Source/portable/GCC/ARM_CM3/port.o
                0x08008080                PendSV_Handler
 .text.xPortSysTickHandler
                0x080080c4       0x2c ./build/Debug/.obj/Middlewares/Third_Party/FreeRTOS/Source/portable/GCC/ARM_CM3/port.o
                0x080080c4                xPortSysTickHandler
 .text.vPortSetupTimerInterrupt
                0x080080f0       0x28 ./build/Debug/.obj/Middlewares/Third_Party/FreeRTOS/Source/portable/GCC/ARM_CM3/port.o
                0x080080f0                vPortSetupTimerInterrupt
 .text.xPortStartScheduler
                0x08008118       0xc0 ./build/Debug/.obj/Middlewares/Third_Party/FreeRTOS/Source/portable/GCC/ARM_CM3/port.o
                0x08008118                xPortStartScheduler
 .text.vPortValidateInterruptPriority
                0x080081d8       0x5c ./build/Debug/.obj/Middlewares/Third_Party/FreeRTOS/Source/portable/GCC/ARM_CM3/port.o
                0x080081d8                vPortValidateInterruptPriority
 .text.prvHeapInit
                0x08008234       0x68 ./build/Debug/.obj/Middlewares/Third_Party/FreeRTOS/Source/portable/MemMang/heap_4.o
 .text.prvInsertBlockIntoFreeList
                0x0800829c       0x60 ./build/Debug/.obj/Middlewares/Third_Party/FreeRTOS/Source/portable/MemMang/heap_4.o
 .text.pvPortMalloc
                0x080082fc       0xf0 ./build/Debug/.obj/Middlewares/Third_Party/FreeRTOS/Source/portable/MemMang/heap_4.o
                0x080082fc                pvPortMalloc
 .text.vPortFree
                0x080083ec       0x70 ./build/Debug/.obj/Middlewares/Third_Party/FreeRTOS/Source/portable/MemMang/heap_4.o
                0x080083ec                vPortFree
 .text.prvIsQueueFull
                0x0800845c       0x1e ./build/Debug/.obj/Middlewares/Third_Party/FreeRTOS/Source/queue.o
 .text.prvIsQueueEmpty
                0x0800847a       0x1a ./build/Debug/.obj/Middlewares/Third_Party/FreeRTOS/Source/queue.o
 .text.prvCopyDataToQueue
                0x08008494       0x76 ./build/Debug/.obj/Middlewares/Third_Party/FreeRTOS/Source/queue.o
 .text.prvCopyDataFromQueue
                0x0800850a       0x24 ./build/Debug/.obj/Middlewares/Third_Party/FreeRTOS/Source/queue.o
 .text.prvUnlockQueue
                0x0800852e       0x6e ./build/Debug/.obj/Middlewares/Third_Party/FreeRTOS/Source/queue.o
 .text.xQueueGenericReset
                0x0800859c       0x84 ./build/Debug/.obj/Middlewares/Third_Party/FreeRTOS/Source/queue.o
                0x0800859c                xQueueGenericReset
 .text.prvInitialiseNewQueue
                0x08008620       0x22 ./build/Debug/.obj/Middlewares/Third_Party/FreeRTOS/Source/queue.o
 .text.xQueueGenericCreateStatic
                0x08008642       0x92 ./build/Debug/.obj/Middlewares/Third_Party/FreeRTOS/Source/queue.o
                0x08008642                xQueueGenericCreateStatic
 .text.xQueueGenericCreate
                0x080086d4       0x4e ./build/Debug/.obj/Middlewares/Third_Party/FreeRTOS/Source/queue.o
                0x080086d4                xQueueGenericCreate
 .text.xQueueGenericSend
                0x08008722      0x188 ./build/Debug/.obj/Middlewares/Third_Party/FreeRTOS/Source/queue.o
                0x08008722                xQueueGenericSend
 .text.xQueueGenericSendFromISR
                0x080088aa       0xcc ./build/Debug/.obj/Middlewares/Third_Party/FreeRTOS/Source/queue.o
                0x080088aa                xQueueGenericSendFromISR
 .text.xQueueReceive
                0x08008976      0x15e ./build/Debug/.obj/Middlewares/Third_Party/FreeRTOS/Source/queue.o
                0x08008976                xQueueReceive
 .text.vQueueAddToRegistry
                0x08008ad4       0x28 ./build/Debug/.obj/Middlewares/Third_Party/FreeRTOS/Source/queue.o
                0x08008ad4                vQueueAddToRegistry
 .text.vQueueWaitForMessageRestricted
                0x08008afc       0x52 ./build/Debug/.obj/Middlewares/Third_Party/FreeRTOS/Source/queue.o
                0x08008afc                vQueueWaitForMessageRestricted
 *fill*         0x08008b4e        0x2 
 .text.prvResetNextTaskUnblockTime
                0x08008b50       0x2c ./build/Debug/.obj/Middlewares/Third_Party/FreeRTOS/Source/tasks.o
 .text.prvInitialiseNewTask
                0x08008b7c       0x9c ./build/Debug/.obj/Middlewares/Third_Party/FreeRTOS/Source/tasks.o
 .text.prvInitialiseTaskLists
                0x08008c18       0x68 ./build/Debug/.obj/Middlewares/Third_Party/FreeRTOS/Source/tasks.o
 .text.prvAddNewTaskToReadyList
                0x08008c80       0xac ./build/Debug/.obj/Middlewares/Third_Party/FreeRTOS/Source/tasks.o
 .text.prvDeleteTCB
                0x08008d2c       0x38 ./build/Debug/.obj/Middlewares/Third_Party/FreeRTOS/Source/tasks.o
 .text.prvCheckTasksWaitingTermination
                0x08008d64       0x4c ./build/Debug/.obj/Middlewares/Third_Party/FreeRTOS/Source/tasks.o
 .text.prvIdleTask
                0x08008db0       0x28 ./build/Debug/.obj/Middlewares/Third_Party/FreeRTOS/Source/tasks.o
 .text.prvAddCurrentTaskToDelayedList
                0x08008dd8       0x7c ./build/Debug/.obj/Middlewares/Third_Party/FreeRTOS/Source/tasks.o
 .text.xTaskCreateStatic
                0x08008e54       0x74 ./build/Debug/.obj/Middlewares/Third_Party/FreeRTOS/Source/tasks.o
                0x08008e54                xTaskCreateStatic
 .text.xTaskCreate
                0x08008ec8       0x68 ./build/Debug/.obj/Middlewares/Third_Party/FreeRTOS/Source/tasks.o
                0x08008ec8                xTaskCreate
 .text.vTaskStartScheduler
                0x08008f30       0x9c ./build/Debug/.obj/Middlewares/Third_Party/FreeRTOS/Source/tasks.o
                0x08008f30                vTaskStartScheduler
 .text.vTaskSuspendAll
                0x08008fcc       0x10 ./build/Debug/.obj/Middlewares/Third_Party/FreeRTOS/Source/tasks.o
                0x08008fcc                vTaskSuspendAll
 .text.xTaskGetTickCount
                0x08008fdc        0xc ./build/Debug/.obj/Middlewares/Third_Party/FreeRTOS/Source/tasks.o
                0x08008fdc                xTaskGetTickCount
 .text.xTaskIncrementTick
                0x08008fe8      0x118 ./build/Debug/.obj/Middlewares/Third_Party/FreeRTOS/Source/tasks.o
                0x08008fe8                xTaskIncrementTick
 .text.xTaskResumeAll
                0x08009100       0xf8 ./build/Debug/.obj/Middlewares/Third_Party/FreeRTOS/Source/tasks.o
                0x08009100                xTaskResumeAll
 .text.vTaskDelay
                0x080091f8       0x4c ./build/Debug/.obj/Middlewares/Third_Party/FreeRTOS/Source/tasks.o
                0x080091f8                vTaskDelay
 .text.vTaskSwitchContext
                0x08009244       0x94 ./build/Debug/.obj/Middlewares/Third_Party/FreeRTOS/Source/tasks.o
                0x08009244                vTaskSwitchContext
 .text.vTaskPlaceOnEventList
                0x080092d8       0x30 ./build/Debug/.obj/Middlewares/Third_Party/FreeRTOS/Source/tasks.o
                0x080092d8                vTaskPlaceOnEventList
 .text.vTaskPlaceOnEventListRestricted
                0x08009308       0x38 ./build/Debug/.obj/Middlewares/Third_Party/FreeRTOS/Source/tasks.o
                0x08009308                vTaskPlaceOnEventListRestricted
 .text.xTaskRemoveFromEventList
                0x08009340       0x8c ./build/Debug/.obj/Middlewares/Third_Party/FreeRTOS/Source/tasks.o
                0x08009340                xTaskRemoveFromEventList
 .text.vTaskInternalSetTimeOutState
                0x080093cc       0x18 ./build/Debug/.obj/Middlewares/Third_Party/FreeRTOS/Source/tasks.o
                0x080093cc                vTaskInternalSetTimeOutState
 .text.xTaskCheckForTimeOut
                0x080093e4       0x84 ./build/Debug/.obj/Middlewares/Third_Party/FreeRTOS/Source/tasks.o
                0x080093e4                xTaskCheckForTimeOut
 .text.vTaskMissedYield
                0x08009468        0xc ./build/Debug/.obj/Middlewares/Third_Party/FreeRTOS/Source/tasks.o
                0x08009468                vTaskMissedYield
 .text.xTaskGetSchedulerState
                0x08009474       0x20 ./build/Debug/.obj/Middlewares/Third_Party/FreeRTOS/Source/tasks.o
                0x08009474                xTaskGetSchedulerState
 .text.xTaskPriorityDisinherit
                0x08009494       0x90 ./build/Debug/.obj/Middlewares/Third_Party/FreeRTOS/Source/tasks.o
                0x08009494                xTaskPriorityDisinherit
 .text.prvGetNextExpireTime
                0x08009524       0x20 ./build/Debug/.obj/Middlewares/Third_Party/FreeRTOS/Source/timers.o
 .text.prvInsertTimerInActiveList
                0x08009544       0x48 ./build/Debug/.obj/Middlewares/Third_Party/FreeRTOS/Source/timers.o
 .text.prvCheckForValidListAndQueue
                0x0800958c       0x70 ./build/Debug/.obj/Middlewares/Third_Party/FreeRTOS/Source/timers.o
 .text.xTimerCreateTimerTask
                0x080095fc       0x64 ./build/Debug/.obj/Middlewares/Third_Party/FreeRTOS/Source/timers.o
                0x080095fc                xTimerCreateTimerTask
 .text.xTimerGenericCommand
                0x08009660       0x6c ./build/Debug/.obj/Middlewares/Third_Party/FreeRTOS/Source/timers.o
                0x08009660                xTimerGenericCommand
 .text.prvSwitchTimerLists
                0x080096cc       0x78 ./build/Debug/.obj/Middlewares/Third_Party/FreeRTOS/Source/timers.o
 .text.prvSampleTimeNow
                0x08009744       0x2c ./build/Debug/.obj/Middlewares/Third_Party/FreeRTOS/Source/timers.o
 .text.prvProcessExpiredTimer
                0x08009770       0x60 ./build/Debug/.obj/Middlewares/Third_Party/FreeRTOS/Source/timers.o
 .text.prvProcessTimerOrBlockTask
                0x080097d0       0x74 ./build/Debug/.obj/Middlewares/Third_Party/FreeRTOS/Source/timers.o
 .text.prvProcessReceivedCommands
                0x08009844       0xf8 ./build/Debug/.obj/Middlewares/Third_Party/FreeRTOS/Source/timers.o
 .text.prvTimerTask
                0x0800993c       0x16 ./build/Debug/.obj/Middlewares/Third_Party/FreeRTOS/Source/timers.o
 *fill*         0x08009952        0x2 
 .text.Reset_Handler
                0x08009954       0x48 ./build/Debug/.obj/startup_stm32f103xe.o
                0x08009954                Reset_Handler
 .text.Default_Handler
                0x0800999c        0x2 ./build/Debug/.obj/startup_stm32f103xe.o
                0x0800999c                RTC_Alarm_IRQHandler
                0x0800999c                EXTI2_IRQHandler
                0x0800999c                TIM8_TRG_COM_IRQHandler
                0x0800999c                TIM8_CC_IRQHandler
                0x0800999c                TIM1_CC_IRQHandler
                0x0800999c                TIM6_IRQHandler
                0x0800999c                PVD_IRQHandler
                0x0800999c                EXTI3_IRQHandler
                0x0800999c                I2C2_EV_IRQHandler
                0x0800999c                ADC1_2_IRQHandler
                0x0800999c                SPI1_IRQHandler
                0x0800999c                TAMPER_IRQHandler
                0x0800999c                TIM8_UP_IRQHandler
                0x0800999c                DMA2_Channel2_IRQHandler
                0x0800999c                DMA1_Channel4_IRQHandler
                0x0800999c                USART3_IRQHandler
                0x0800999c                RTC_IRQHandler
                0x0800999c                DMA1_Channel7_IRQHandler
                0x0800999c                CAN1_RX1_IRQHandler
                0x0800999c                UART5_IRQHandler
                0x0800999c                ADC3_IRQHandler
                0x0800999c                TIM4_IRQHandler
                0x0800999c                DMA2_Channel1_IRQHandler
                0x0800999c                I2C1_EV_IRQHandler
                0x0800999c                DMA1_Channel6_IRQHandler
                0x0800999c                UART4_IRQHandler
                0x0800999c                TIM3_IRQHandler
                0x0800999c                RCC_IRQHandler
                0x0800999c                TIM1_TRG_COM_IRQHandler
                0x0800999c                DMA1_Channel1_IRQHandler
                0x0800999c                Default_Handler
                0x0800999c                EXTI15_10_IRQHandler
                0x0800999c                TIM7_IRQHandler
                0x0800999c                TIM5_IRQHandler
                0x0800999c                EXTI9_5_IRQHandler
                0x0800999c                SPI2_IRQHandler
                0x0800999c                DMA1_Channel5_IRQHandler
                0x0800999c                EXTI4_IRQHandler
                0x0800999c                USB_LP_CAN1_RX0_IRQHandler
                0x0800999c                USB_HP_CAN1_TX_IRQHandler
                0x0800999c                DMA1_Channel3_IRQHandler
                0x0800999c                FSMC_IRQHandler
                0x0800999c                TIM1_UP_IRQHandler
                0x0800999c                WWDG_IRQHandler
                0x0800999c                TIM2_IRQHandler
                0x0800999c                TIM1_BRK_IRQHandler
                0x0800999c                EXTI1_IRQHandler
                0x0800999c                USART2_IRQHandler
                0x0800999c                I2C2_ER_IRQHandler
                0x0800999c                DMA1_Channel2_IRQHandler
                0x0800999c                TIM8_BRK_IRQHandler
                0x0800999c                CAN1_SCE_IRQHandler
                0x0800999c                FLASH_IRQHandler
                0x0800999c                USART1_IRQHandler
                0x0800999c                SPI3_IRQHandler
                0x0800999c                I2C1_ER_IRQHandler
                0x0800999c                USBWakeUp_IRQHandler
                0x0800999c                DMA2_Channel3_IRQHandler
 *fill*         0x0800999e        0x2 
 .text.__errno  0x080099a0        0xc c:/users/47468/.eide/tools/gcc_arm/bin/../lib/gcc/arm-none-eabi/10.2.1/../../../../arm-none-eabi/lib/thumb/v7-m/nofp\libc_nano.a(lib_a-errno.o)
                0x080099a0                __errno
 .text.__libc_init_array
                0x080099ac       0x48 c:/users/47468/.eide/tools/gcc_arm/bin/../lib/gcc/arm-none-eabi/10.2.1/../../../../arm-none-eabi/lib/thumb/v7-m/nofp\libc_nano.a(lib_a-init.o)
                0x080099ac                __libc_init_array
 .text.memcpy   0x080099f4       0x1c c:/users/47468/.eide/tools/gcc_arm/bin/../lib/gcc/arm-none-eabi/10.2.1/../../../../arm-none-eabi/lib/thumb/v7-m/nofp\libc_nano.a(lib_a-memcpy-stub.o)
                0x080099f4                memcpy
 .text.memset   0x08009a10       0x10 c:/users/47468/.eide/tools/gcc_arm/bin/../lib/gcc/arm-none-eabi/10.2.1/../../../../arm-none-eabi/lib/thumb/v7-m/nofp\libc_nano.a(lib_a-memset.o)
                0x08009a10                memset
 .text.sprintf  0x08009a20       0x40 c:/users/47468/.eide/tools/gcc_arm/bin/../lib/gcc/arm-none-eabi/10.2.1/../../../../arm-none-eabi/lib/thumb/v7-m/nofp\libc_nano.a(lib_a-sprintf.o)
                0x08009a20                siprintf
                0x08009a20                sprintf
 .text.__retarget_lock_acquire_recursive
                0x08009a60        0x2 c:/users/47468/.eide/tools/gcc_arm/bin/../lib/gcc/arm-none-eabi/10.2.1/../../../../arm-none-eabi/lib/thumb/v7-m/nofp\libc_nano.a(lib_a-lock.o)
                0x08009a60                __retarget_lock_acquire_recursive
 .text.__retarget_lock_release_recursive
                0x08009a62        0x2 c:/users/47468/.eide/tools/gcc_arm/bin/../lib/gcc/arm-none-eabi/10.2.1/../../../../arm-none-eabi/lib/thumb/v7-m/nofp\libc_nano.a(lib_a-lock.o)
                0x08009a62                __retarget_lock_release_recursive
 .text._free_r  0x08009a64       0x90 c:/users/47468/.eide/tools/gcc_arm/bin/../lib/gcc/arm-none-eabi/10.2.1/../../../../arm-none-eabi/lib/thumb/v7-m/nofp\libc_nano.a(lib_a-nano-freer.o)
                0x08009a64                _free_r
 .text._malloc_r
                0x08009af4       0xb4 c:/users/47468/.eide/tools/gcc_arm/bin/../lib/gcc/arm-none-eabi/10.2.1/../../../../arm-none-eabi/lib/thumb/v7-m/nofp\libc_nano.a(lib_a-nano-mallocr.o)
                0x08009af4                _malloc_r
 .text.__ssputs_r
                0x08009ba8       0xb6 c:/users/47468/.eide/tools/gcc_arm/bin/../lib/gcc/arm-none-eabi/10.2.1/../../../../arm-none-eabi/lib/thumb/v7-m/nofp\libc_nano.a(lib_a-nano-svfprintf.o)
                0x08009ba8                __ssputs_r
 *fill*         0x08009c5e        0x2 
 .text._svfprintf_r
                0x08009c60      0x200 c:/users/47468/.eide/tools/gcc_arm/bin/../lib/gcc/arm-none-eabi/10.2.1/../../../../arm-none-eabi/lib/thumb/v7-m/nofp\libc_nano.a(lib_a-nano-svfprintf.o)
                0x08009c60                _svfiprintf_r
                0x08009c60                _svfprintf_r
 .text._printf_common
                0x08009e60       0xde c:/users/47468/.eide/tools/gcc_arm/bin/../lib/gcc/arm-none-eabi/10.2.1/../../../../arm-none-eabi/lib/thumb/v7-m/nofp\libc_nano.a(lib_a-nano-vfprintf_i.o)
                0x08009e60                _printf_common
 *fill*         0x08009f3e        0x2 
 .text._printf_i
                0x08009f40      0x24c c:/users/47468/.eide/tools/gcc_arm/bin/../lib/gcc/arm-none-eabi/10.2.1/../../../../arm-none-eabi/lib/thumb/v7-m/nofp\libc_nano.a(lib_a-nano-vfprintf_i.o)
                0x08009f40                _printf_i
 .text._sbrk_r  0x0800a18c       0x20 c:/users/47468/.eide/tools/gcc_arm/bin/../lib/gcc/arm-none-eabi/10.2.1/../../../../arm-none-eabi/lib/thumb/v7-m/nofp\libc_nano.a(lib_a-sbrkr.o)
                0x0800a18c                _sbrk_r
 .text.memchr   0x0800a1ac       0x1c c:/users/47468/.eide/tools/gcc_arm/bin/../lib/gcc/arm-none-eabi/10.2.1/../../../../arm-none-eabi/lib/thumb/v7-m/nofp\libc_nano.a(lib_a-memchr-stub.o)
                0x0800a1ac                memchr
 .text.memmove  0x0800a1c8       0x34 c:/users/47468/.eide/tools/gcc_arm/bin/../lib/gcc/arm-none-eabi/10.2.1/../../../../arm-none-eabi/lib/thumb/v7-m/nofp\libc_nano.a(lib_a-memmove.o)
                0x0800a1c8                memmove
 .text.__malloc_lock
                0x0800a1fc        0xc c:/users/47468/.eide/tools/gcc_arm/bin/../lib/gcc/arm-none-eabi/10.2.1/../../../../arm-none-eabi/lib/thumb/v7-m/nofp\libc_nano.a(lib_a-mlock.o)
                0x0800a1fc                __malloc_lock
 .text.__malloc_unlock
                0x0800a208        0xc c:/users/47468/.eide/tools/gcc_arm/bin/../lib/gcc/arm-none-eabi/10.2.1/../../../../arm-none-eabi/lib/thumb/v7-m/nofp\libc_nano.a(lib_a-mlock.o)
                0x0800a208                __malloc_unlock
 .text._realloc_r
                0x0800a214       0x4c c:/users/47468/.eide/tools/gcc_arm/bin/../lib/gcc/arm-none-eabi/10.2.1/../../../../arm-none-eabi/lib/thumb/v7-m/nofp\libc_nano.a(lib_a-nano-reallocr.o)
                0x0800a214                _realloc_r
 .text._malloc_usable_size_r
                0x0800a260       0x10 c:/users/47468/.eide/tools/gcc_arm/bin/../lib/gcc/arm-none-eabi/10.2.1/../../../../arm-none-eabi/lib/thumb/v7-m/nofp\libc_nano.a(lib_a-nano-msizer.o)
                0x0800a260                _malloc_usable_size_r
 *(.glue_7)
 .glue_7        0x0800a270        0x0 linker stubs
 *(.glue_7t)
 .glue_7t       0x0800a270        0x0 linker stubs
 *(.eh_frame)
 .eh_frame      0x0800a270        0x0 c:/users/47468/.eide/tools/gcc_arm/bin/../lib/gcc/arm-none-eabi/10.2.1/thumb/v7-m/nofp/crtbegin.o
 *(.init)
 .init          0x0800a270        0x4 c:/users/47468/.eide/tools/gcc_arm/bin/../lib/gcc/arm-none-eabi/10.2.1/thumb/v7-m/nofp/crti.o
                0x0800a270                _init
 .init          0x0800a274        0x8 c:/users/47468/.eide/tools/gcc_arm/bin/../lib/gcc/arm-none-eabi/10.2.1/thumb/v7-m/nofp/crtn.o
 *(.fini)
 .fini          0x0800a27c        0x4 c:/users/47468/.eide/tools/gcc_arm/bin/../lib/gcc/arm-none-eabi/10.2.1/thumb/v7-m/nofp/crti.o
                0x0800a27c                _fini
 .fini          0x0800a280        0x8 c:/users/47468/.eide/tools/gcc_arm/bin/../lib/gcc/arm-none-eabi/10.2.1/thumb/v7-m/nofp/crtn.o
                0x0800a288                . = ALIGN (0x4)
                0x0800a288                _etext = .

.vfp11_veneer   0x0800a288        0x0
 .vfp11_veneer  0x0800a288        0x0 linker stubs

.v4_bx          0x0800a288        0x0
 .v4_bx         0x0800a288        0x0 linker stubs

.iplt           0x0800a288        0x0
 .iplt          0x0800a288        0x0 c:/users/47468/.eide/tools/gcc_arm/bin/../lib/gcc/arm-none-eabi/10.2.1/thumb/v7-m/nofp/crtbegin.o

.rodata         0x0800a288    0x71130
                0x0800a288                . = ALIGN (0x4)
 *(.rodata)
 .rodata        0x0800a288       0x54 ./build/Debug/.obj/Core/Src/MGC3X30.o
 *(.rodata*)
 .rodata.operating_mainpage.str1.4
                0x0800a2dc        0x6 ./build/Debug/.obj/Core/Src/bsp_xpt2046_lcd.o
                                  0xa (size before relaxing)
 *fill*         0x0800a2e2        0x2 
 .rodata.operating_gesturepage.str1.4
                0x0800a2e4        0xe ./build/Debug/.obj/Core/Src/bsp_xpt2046_lcd.o
 *fill*         0x0800a2f2        0x2 
 .rodata.ASCII8x16_Table
                0x0800a2f4      0x5f0 ./build/Debug/.obj/Core/Src/fonts.o
                0x0800a2f4                ASCII8x16_Table
 .rodata.StartDefaultTask.str1.4
                0x0800a8e4       0x4e ./build/Debug/.obj/Core/Src/freertos.o
                                 0x5a (size before relaxing)
 *fill*         0x0800a932        0x2 
 .rodata.StartTask03.str1.4
                0x0800a934        0x9 ./build/Debug/.obj/Core/Src/freertos.o
 *fill*         0x0800a93d        0x3 
 .rodata.str1.4
                0x0800a940       0x40 ./build/Debug/.obj/Core/Src/freertos.o
 .rodata.defaultTask_attributes
                0x0800a980       0x24 ./build/Debug/.obj/Core/Src/freertos.o
                0x0800a980                defaultTask_attributes
 .rodata.myTask03_attributes
                0x0800a9a4       0x24 ./build/Debug/.obj/Core/Src/freertos.o
                0x0800a9a4                myTask03_attributes
 .rodata.myTask04_attributes
                0x0800a9c8       0x24 ./build/Debug/.obj/Core/Src/freertos.o
                0x0800a9c8                myTask04_attributes
 .rodata.myTask05_attributes
                0x0800a9ec       0x24 ./build/Debug/.obj/Core/Src/freertos.o
                0x0800a9ec                myTask05_attributes
 .rodata.switch_window_attributes
                0x0800aa10       0x24 ./build/Debug/.obj/Core/Src/freertos.o
                0x0800aa10                switch_window_attributes
 .rodata.gesture_dir_arrow.str1.4
                0x0800aa34        0x4 ./build/Debug/.obj/Core/Src/operating_system.o
 .rodata.gesturepage
                0x0800aa38    0x25800 ./build/Debug/.obj/Core/Src/operating_system.o
                0x0800aa38                gesturepage
 .rodata.mainpage
                0x08030238    0x25800 ./build/Debug/.obj/Core/Src/operating_system.o
                0x08030238                mainpage
 .rodata.showpage
                0x08055a38    0x25800 ./build/Debug/.obj/Core/Src/operating_system.o
                0x08055a38                showpage
 .rodata.AHBPrescTable
                0x0807b238       0x10 ./build/Debug/.obj/Core/Src/system_stm32f1xx.o
                0x0807b238                AHBPrescTable
 .rodata.APBPrescTable
                0x0807b248        0x8 ./build/Debug/.obj/Core/Src/system_stm32f1xx.o
                0x0807b248                APBPrescTable
 .rodata.ESP8266_Config.str1.4
                0x0807b250       0x6f ./build/Debug/.obj/Core/Src/usart.o
 *fill*         0x0807b2bf        0x1 
 .rodata.send_data.str1.4
                0x0807b2c0       0x11 ./build/Debug/.obj/Core/Src/usart.o
 *fill*         0x0807b2d1        0x3 
 .rodata.aPLLMULFactorTable.1
                0x0807b2d4       0x10 ./build/Debug/.obj/Drivers/STM32F1xx_HAL_Driver/Src/stm32f1xx_hal_rcc.o
 .rodata.aPredivFactorTable.0
                0x0807b2e4        0x2 ./build/Debug/.obj/Drivers/STM32F1xx_HAL_Driver/Src/stm32f1xx_hal_rcc.o
 *fill*         0x0807b2e6        0x2 
 .rodata.SD_Driver
                0x0807b2e8       0x14 ./build/Debug/.obj/Middlewares/Third_Party/FatFs/src/drivers/sd_diskio.o
                0x0807b2e8                SD_Driver
 .rodata.create_name.str1.4
                0x0807b2fc        0xf ./build/Debug/.obj/Middlewares/Third_Party/FatFs/src/ff.o
 *fill*         0x0807b30b        0x1 
 .rodata.vTaskStartScheduler.str1.4
                0x0807b30c        0x5 ./build/Debug/.obj/Middlewares/Third_Party/FreeRTOS/Source/tasks.o
 *fill*         0x0807b311        0x3 
 .rodata.prvCheckForValidListAndQueue.str1.4
                0x0807b314        0x5 ./build/Debug/.obj/Middlewares/Third_Party/FreeRTOS/Source/timers.o
 *fill*         0x0807b319        0x3 
 .rodata.xTimerCreateTimerTask.str1.4
                0x0807b31c        0x8 ./build/Debug/.obj/Middlewares/Third_Party/FreeRTOS/Source/timers.o
 .rodata.__sf_fake_stderr
                0x0807b324       0x20 c:/users/47468/.eide/tools/gcc_arm/bin/../lib/gcc/arm-none-eabi/10.2.1/../../../../arm-none-eabi/lib/thumb/v7-m/nofp\libc_nano.a(lib_a-findfp.o)
                0x0807b324                __sf_fake_stderr
 .rodata.__sf_fake_stdin
                0x0807b344       0x20 c:/users/47468/.eide/tools/gcc_arm/bin/../lib/gcc/arm-none-eabi/10.2.1/../../../../arm-none-eabi/lib/thumb/v7-m/nofp\libc_nano.a(lib_a-findfp.o)
                0x0807b344                __sf_fake_stdin
 .rodata.__sf_fake_stdout
                0x0807b364       0x20 c:/users/47468/.eide/tools/gcc_arm/bin/../lib/gcc/arm-none-eabi/10.2.1/../../../../arm-none-eabi/lib/thumb/v7-m/nofp\libc_nano.a(lib_a-findfp.o)
                0x0807b364                __sf_fake_stdout
 .rodata._svfprintf_r.str1.1
                0x0807b384       0x11 c:/users/47468/.eide/tools/gcc_arm/bin/../lib/gcc/arm-none-eabi/10.2.1/../../../../arm-none-eabi/lib/thumb/v7-m/nofp\libc_nano.a(lib_a-nano-svfprintf.o)
 .rodata._printf_i.str1.1
                0x0807b395       0x22 c:/users/47468/.eide/tools/gcc_arm/bin/../lib/gcc/arm-none-eabi/10.2.1/../../../../arm-none-eabi/lib/thumb/v7-m/nofp\libc_nano.a(lib_a-nano-vfprintf_i.o)
                0x0807b3b8                . = ALIGN (0x4)
 *fill*         0x0807b3b7        0x1 

.rel.dyn        0x0807b3b8        0x0
 .rel.iplt      0x0807b3b8        0x0 c:/users/47468/.eide/tools/gcc_arm/bin/../lib/gcc/arm-none-eabi/10.2.1/thumb/v7-m/nofp/crtbegin.o

.ARM.extab      0x0807b3b8        0x0
                0x0807b3b8                . = ALIGN (0x4)
 *(.ARM.extab* .gnu.linkonce.armextab.*)
                0x0807b3b8                . = ALIGN (0x4)

.ARM            0x0807b3b8        0x0
                0x0807b3b8                . = ALIGN (0x4)
                0x0807b3b8                __exidx_start = .
 *(.ARM.exidx*)
                0x0807b3b8                __exidx_end = .
                0x0807b3b8                . = ALIGN (0x4)

.preinit_array  0x0807b3b8        0x0
                0x0807b3b8                . = ALIGN (0x4)
                0x0807b3b8                PROVIDE (__preinit_array_start = .)
 *(.preinit_array*)
                0x0807b3b8                PROVIDE (__preinit_array_end = .)
                0x0807b3b8                . = ALIGN (0x4)

.init_array     0x0807b3b8        0x4
                0x0807b3b8                . = ALIGN (0x4)
                0x0807b3b8                PROVIDE (__init_array_start = .)
 *(SORT_BY_NAME(.init_array.*))
 *(.init_array*)
 .init_array    0x0807b3b8        0x4 c:/users/47468/.eide/tools/gcc_arm/bin/../lib/gcc/arm-none-eabi/10.2.1/thumb/v7-m/nofp/crtbegin.o
                0x0807b3bc                PROVIDE (__init_array_end = .)
                0x0807b3bc                . = ALIGN (0x4)

.fini_array     0x0807b3bc        0x4
                0x0807b3bc                . = ALIGN (0x4)
                [!provide]                PROVIDE (__fini_array_start = .)
 *(SORT_BY_NAME(.fini_array.*))
 *(.fini_array*)
 .fini_array    0x0807b3bc        0x4 c:/users/47468/.eide/tools/gcc_arm/bin/../lib/gcc/arm-none-eabi/10.2.1/thumb/v7-m/nofp/crtbegin.o
                [!provide]                PROVIDE (__fini_array_end = .)
                0x0807b3c0                . = ALIGN (0x4)
                0x0807b3c0                _sidata = LOADADDR (.data)

.data           0x20000000      0x15c load address 0x0807b3c0
                0x20000000                . = ALIGN (0x4)
                0x20000000                _sdata = .
 *(.data)
 *(.data*)
 .data.CurrentBackColor
                0x20000000        0x2 ./build/Debug/.obj/Core/Src/bsp_ili9341_lcd.o
 *fill*         0x20000002        0x2 
 .data.LCD_Currentfonts
                0x20000004        0x4 ./build/Debug/.obj/Core/Src/bsp_ili9341_lcd.o
 .data.LCD_SCAN_MODE
                0x20000008        0x1 ./build/Debug/.obj/Core/Src/bsp_ili9341_lcd.o
                0x20000008                LCD_SCAN_MODE
 *fill*         0x20000009        0x1 
 .data.LCD_X_LENGTH
                0x2000000a        0x2 ./build/Debug/.obj/Core/Src/bsp_ili9341_lcd.o
                0x2000000a                LCD_X_LENGTH
 .data.LCD_Y_LENGTH
                0x2000000c        0x2 ./build/Debug/.obj/Core/Src/bsp_ili9341_lcd.o
                0x2000000c                LCD_Y_LENGTH
 *fill*         0x2000000e        0x2 
 .data.cinfo.0  0x20000010        0x8 ./build/Debug/.obj/Core/Src/bsp_xpt2046_lcd.o
 .data.strXPT2046_TouchPara
                0x20000018       0xc0 ./build/Debug/.obj/Core/Src/bsp_xpt2046_lcd.o
                0x20000018                strXPT2046_TouchPara
 .data.xstr     0x200000d8        0x2 ./build/Debug/.obj/Core/Src/bsp_xpt2046_lcd.o
                0x200000d8                xstr
 .data.ystr     0x200000da        0x2 ./build/Debug/.obj/Core/Src/bsp_xpt2046_lcd.o
                0x200000da                ystr
 .data.Font8x16
                0x200000dc        0x8 ./build/Debug/.obj/Core/Src/fonts.o
                0x200000dc                Font8x16
 .data.SystemCoreClock
                0x200000e4        0x4 ./build/Debug/.obj/Core/Src/system_stm32f1xx.o
                0x200000e4                SystemCoreClock
 .data.uwTickFreq
                0x200000e8        0x1 ./build/Debug/.obj/Drivers/STM32F1xx_HAL_Driver/Src/stm32f1xx_hal.o
                0x200000e8                uwTickFreq
 *fill*         0x200000e9        0x3 
 .data.uwTickPrio
                0x200000ec        0x4 ./build/Debug/.obj/Drivers/STM32F1xx_HAL_Driver/Src/stm32f1xx_hal.o
                0x200000ec                uwTickPrio
 .data.Stat     0x200000f0        0x1 ./build/Debug/.obj/Middlewares/Third_Party/FatFs/src/drivers/sd_diskio.o
 *fill*         0x200000f1        0x3 
 .data.uxCriticalNesting
                0x200000f4        0x4 ./build/Debug/.obj/Middlewares/Third_Party/FreeRTOS/Source/portable/GCC/ARM_CM3/port.o
 .data._impure_ptr
                0x200000f8        0x4 c:/users/47468/.eide/tools/gcc_arm/bin/../lib/gcc/arm-none-eabi/10.2.1/../../../../arm-none-eabi/lib/thumb/v7-m/nofp\libc_nano.a(lib_a-impure.o)
                0x200000f8                _impure_ptr
 .data.impure_data
                0x200000fc       0x60 c:/users/47468/.eide/tools/gcc_arm/bin/../lib/gcc/arm-none-eabi/10.2.1/../../../../arm-none-eabi/lib/thumb/v7-m/nofp\libc_nano.a(lib_a-impure.o)
 *(.RamFunc)
 *(.RamFunc*)
                0x2000015c                . = ALIGN (0x4)
                0x2000015c                _edata = .

.igot.plt       0x2000015c        0x0 load address 0x0807b51c
 .igot.plt      0x2000015c        0x0 c:/users/47468/.eide/tools/gcc_arm/bin/../lib/gcc/arm-none-eabi/10.2.1/thumb/v7-m/nofp/crtbegin.o
                0x2000015c                . = ALIGN (0x4)

.bss            0x2000015c     0x83b4 load address 0x0807b51c
                0x2000015c                _sbss = .
                0x2000015c                __bss_start__ = _sbss
 *(.bss)
 .bss           0x2000015c       0x1c c:/users/47468/.eide/tools/gcc_arm/bin/../lib/gcc/arm-none-eabi/10.2.1/thumb/v7-m/nofp/crtbegin.o
 *(.bss*)
 .bss.position  0x20000178        0x1 ./build/Debug/.obj/Core/Src/MGC3X30.o
                0x20000178                position
 *fill*         0x20000179        0x1 
 .bss.CurrentTextColor
                0x2000017a        0x2 ./build/Debug/.obj/Core/Src/bsp_ili9341_lcd.o
 .bss.SRAM_Handler
                0x2000017c       0x48 ./build/Debug/.obj/Core/Src/bsp_ili9341_lcd.o
 .bss.Timing    0x200001c4       0x1c ./build/Debug/.obj/Core/Src/bsp_ili9341_lcd.o
 .bss.lcdid     0x200001e0        0x2 ./build/Debug/.obj/Core/Src/bsp_ili9341_lcd.o
                0x200001e0                lcdid
 *fill*         0x200001e2        0x2 
 .bss.i.1       0x200001e4        0x4 ./build/Debug/.obj/Core/Src/bsp_xpt2046_lcd.o
 .bss.page      0x200001e8        0x1 ./build/Debug/.obj/Core/Src/bsp_xpt2046_lcd.o
                0x200001e8                page
 *fill*         0x200001e9        0x3 
 .bss.test      0x200001ec      0x12c ./build/Debug/.obj/Core/Src/bsp_xpt2046_lcd.o
                0x200001ec                test
 .bss.touch_state.2
                0x20000318        0x1 ./build/Debug/.obj/Core/Src/bsp_xpt2046_lcd.o
 .bss.ucXPT2046_TouchFlag
                0x20000319        0x1 ./build/Debug/.obj/Core/Src/bsp_xpt2046_lcd.o
                0x20000319                ucXPT2046_TouchFlag
 *fill*         0x2000031a        0x2 
 .bss.defaultTaskHandle
                0x2000031c        0x4 ./build/Debug/.obj/Core/Src/freertos.o
                0x2000031c                defaultTaskHandle
 .bss.mode      0x20000320        0x1 ./build/Debug/.obj/Core/Src/freertos.o
                0x20000320                mode
 *fill*         0x20000321        0x3 
 .bss.myTask03Handle
                0x20000324        0x4 ./build/Debug/.obj/Core/Src/freertos.o
                0x20000324                myTask03Handle
 .bss.myTask04Handle
                0x20000328        0x4 ./build/Debug/.obj/Core/Src/freertos.o
                0x20000328                myTask04Handle
 .bss.myTask05Handle
                0x2000032c        0x4 ./build/Debug/.obj/Core/Src/freertos.o
                0x2000032c                myTask05Handle
 .bss.switch_windowHandle
                0x20000330        0x4 ./build/Debug/.obj/Core/Src/freertos.o
                0x20000330                switch_windowHandle
 .bss.xSensorDataQueue
                0x20000334        0x4 ./build/Debug/.obj/Core/Src/freertos.o
                0x20000334                xSensorDataQueue
 .bss.FSMC_Initialized
                0x20000338        0x4 ./build/Debug/.obj/Core/Src/fsmc.o
 .bss.hsram1    0x2000033c       0x48 ./build/Debug/.obj/Core/Src/fsmc.o
                0x2000033c                hsram1
 .bss.hi2c2     0x20000384       0x54 ./build/Debug/.obj/Core/Src/i2c.o
                0x20000384                hi2c2
 .bss.brr       0x200003d8        0x4 ./build/Debug/.obj/Core/Src/operating_system.o
                0x200003d8                brr
 .bss.buff      0x200003dc      0x200 ./build/Debug/.obj/Core/Src/operating_system.o
                0x200003dc                buff
 .bss.function1
                0x200005dc        0x1 ./build/Debug/.obj/Core/Src/operating_system.o
                0x200005dc                function1
 .bss.function2
                0x200005dd        0x1 ./build/Debug/.obj/Core/Src/operating_system.o
                0x200005dd                function2
 .bss.function3
                0x200005de        0x1 ./build/Debug/.obj/Core/Src/operating_system.o
                0x200005de                function3
 *fill*         0x200005df        0x1 
 .bss.move      0x200005e0        0x4 ./build/Debug/.obj/Core/Src/operating_system.o
                0x200005e0                move
 .bss.touchnum  0x200005e4        0x1 ./build/Debug/.obj/Core/Src/operating_system.o
                0x200005e4                touchnum
 .bss.x         0x200005e5        0x1 ./build/Debug/.obj/Core/Src/operating_system.o
                0x200005e5                x
 *fill*         0x200005e6        0x2 
 .bss.button    0x200005e8      0x180 ./build/Debug/.obj/Core/Src/palette.o
                0x200005e8                button
 .bss.hdma_sdio
                0x20000768       0x44 ./build/Debug/.obj/Core/Src/sdio.o
                0x20000768                hdma_sdio
 .bss.hsd       0x200007ac       0x84 ./build/Debug/.obj/Core/Src/sdio.o
                0x200007ac                hsd
 .bss.hspi2     0x20000830       0x58 ./build/Debug/.obj/Core/Src/spi.o
                0x20000830                hspi2
 .bss.__sbrk_heap_end
                0x20000888        0x4 ./build/Debug/.obj/Core/Src/sysmem.o
 .bss.htim3     0x2000088c       0x48 ./build/Debug/.obj/Core/Src/tim.o
                0x2000088c                htim3
 .bss.huart1    0x200008d4       0x48 ./build/Debug/.obj/Core/Src/usart.o
                0x200008d4                huart1
 .bss.uwTick    0x2000091c        0x4 ./build/Debug/.obj/Drivers/STM32F1xx_HAL_Driver/Src/stm32f1xx_hal.o
                0x2000091c                uwTick
 .bss.SDFatFS   0x20000920     0x1034 ./build/Debug/.obj/FATFS/App/fatfs.o
                0x20000920                SDFatFS
 .bss.SDFile    0x20001954     0x1028 ./build/Debug/.obj/FATFS/App/fatfs.o
                0x20001954                SDFile
 .bss.SDPath    0x2000297c        0x4 ./build/Debug/.obj/FATFS/App/fatfs.o
                0x2000297c                SDPath
 .bss.retSD     0x20002980        0x1 ./build/Debug/.obj/FATFS/App/fatfs.o
                0x20002980                retSD
 *fill*         0x20002981        0x3 
 .bss.FatFs     0x20002984        0x4 ./build/Debug/.obj/Middlewares/Third_Party/FatFs/src/ff.o
 .bss.Fsid      0x20002988        0x2 ./build/Debug/.obj/Middlewares/Third_Party/FatFs/src/ff.o
 *fill*         0x2000298a        0x2 
 .bss.disk      0x2000298c        0xc ./build/Debug/.obj/Middlewares/Third_Party/FatFs/src/ff_gen_drv.o
                0x2000298c                disk
 .bss.Idle_Stack
                0x20002998      0x200 ./build/Debug/.obj/Middlewares/Third_Party/FreeRTOS/Source/CMSIS_RTOS_V2/cmsis_os2.o
 .bss.Idle_TCB  0x20002b98       0x5c ./build/Debug/.obj/Middlewares/Third_Party/FreeRTOS/Source/CMSIS_RTOS_V2/cmsis_os2.o
 .bss.KernelState
                0x20002bf4        0x4 ./build/Debug/.obj/Middlewares/Third_Party/FreeRTOS/Source/CMSIS_RTOS_V2/cmsis_os2.o
 .bss.Timer_Stack
                0x20002bf8      0x400 ./build/Debug/.obj/Middlewares/Third_Party/FreeRTOS/Source/CMSIS_RTOS_V2/cmsis_os2.o
 .bss.Timer_TCB
                0x20002ff8       0x5c ./build/Debug/.obj/Middlewares/Third_Party/FreeRTOS/Source/CMSIS_RTOS_V2/cmsis_os2.o
 .bss.ucMaxSysCallPriority
                0x20003054        0x1 ./build/Debug/.obj/Middlewares/Third_Party/FreeRTOS/Source/portable/GCC/ARM_CM3/port.o
 *fill*         0x20003055        0x3 
 .bss.ulMaxPRIGROUPValue
                0x20003058        0x4 ./build/Debug/.obj/Middlewares/Third_Party/FreeRTOS/Source/portable/GCC/ARM_CM3/port.o
 .bss.pxEnd     0x2000305c        0x4 ./build/Debug/.obj/Middlewares/Third_Party/FreeRTOS/Source/portable/MemMang/heap_4.o
 .bss.ucHeap    0x20003060     0x4e20 ./build/Debug/.obj/Middlewares/Third_Party/FreeRTOS/Source/portable/MemMang/heap_4.o
 .bss.xBlockAllocatedBit
                0x20007e80        0x4 ./build/Debug/.obj/Middlewares/Third_Party/FreeRTOS/Source/portable/MemMang/heap_4.o
 .bss.xFreeBytesRemaining
                0x20007e84        0x4 ./build/Debug/.obj/Middlewares/Third_Party/FreeRTOS/Source/portable/MemMang/heap_4.o
 .bss.xMinimumEverFreeBytesRemaining
                0x20007e88        0x4 ./build/Debug/.obj/Middlewares/Third_Party/FreeRTOS/Source/portable/MemMang/heap_4.o