Archive member included to satisfy reference by file (symbol)

c:/users/25223/.eide/tools/gcc_arm/bin/../lib/gcc/arm-none-eabi/10.2.1/thumb/v7-m/nofp\libgcc.a(_arm_mulsf3.o)
                              ./build/Debug/.obj/Core/Src/bsp_xpt2046_lcd.o (__aeabi_fmul)
c:/users/25223/.eide/tools/gcc_arm/bin/../lib/gcc/arm-none-eabi/10.2.1/thumb/v7-m/nofp\libgcc.a(_arm_addsubsf3.o)
                              ./build/Debug/.obj/Core/Src/bsp_xpt2046_lcd.o (__aeabi_fadd)
c:/users/25223/.eide/tools/gcc_arm/bin/../lib/gcc/arm-none-eabi/10.2.1/thumb/v7-m/nofp\libgcc.a(_arm_muldivsf3.o)
                              ./build/Debug/.obj/Core/Src/bsp_xpt2046_lcd.o (__aeabi_fdiv)
c:/users/25223/.eide/tools/gcc_arm/bin/../lib/gcc/arm-none-eabi/10.2.1/thumb/v7-m/nofp\libgcc.a(_arm_cmpsf2.o)
                              ./build/Debug/.obj/Core/Src/bsp_xpt2046_lcd.o (__aeabi_fcmpeq)
c:/users/25223/.eide/tools/gcc_arm/bin/../lib/gcc/arm-none-eabi/10.2.1/thumb/v7-m/nofp\libgcc.a(_arm_fixsfsi.o)
                              ./build/Debug/.obj/Core/Src/bsp_xpt2046_lcd.o (__aeabi_f2iz)
c:/users/25223/.eide/tools/gcc_arm/bin/../lib/gcc/arm-none-eabi/10.2.1/thumb/v7-m/nofp\libgcc.a(_arm_fixunssfsi.o)
                              ./build/Debug/.obj/Core/Src/bsp_xpt2046_lcd.o (__aeabi_f2uiz)
c:/users/25223/.eide/tools/gcc_arm/bin/../lib/gcc/arm-none-eabi/10.2.1/../../../../arm-none-eabi/lib/thumb/v7-m/nofp\libc_nano.a(lib_a-errno.o)
                              ./build/Debug/.obj/Core/Src/syscalls.o (__errno)
c:/users/25223/.eide/tools/gcc_arm/bin/../lib/gcc/arm-none-eabi/10.2.1/../../../../arm-none-eabi/lib/thumb/v7-m/nofp\libc_nano.a(lib_a-exit.o)
                              c:/users/25223/.eide/tools/gcc_arm/bin/../lib/gcc/arm-none-eabi/10.2.1/../../../../arm-none-eabi/lib/thumb/v7-m/nofp/crt0.o (exit)
c:/users/25223/.eide/tools/gcc_arm/bin/../lib/gcc/arm-none-eabi/10.2.1/../../../../arm-none-eabi/lib/thumb/v7-m/nofp\libc_nano.a(lib_a-impure.o)
                              c:/users/25223/.eide/tools/gcc_arm/bin/../lib/gcc/arm-none-eabi/10.2.1/../../../../arm-none-eabi/lib/thumb/v7-m/nofp\libc_nano.a(lib_a-exit.o) (_global_impure_ptr)
c:/users/25223/.eide/tools/gcc_arm/bin/../lib/gcc/arm-none-eabi/10.2.1/../../../../arm-none-eabi/lib/thumb/v7-m/nofp\libc_nano.a(lib_a-init.o)
                              c:/users/25223/.eide/tools/gcc_arm/bin/../lib/gcc/arm-none-eabi/10.2.1/../../../../arm-none-eabi/lib/thumb/v7-m/nofp/crt0.o (__libc_init_array)
c:/users/25223/.eide/tools/gcc_arm/bin/../lib/gcc/arm-none-eabi/10.2.1/../../../../arm-none-eabi/lib/thumb/v7-m/nofp\libc_nano.a(lib_a-memcpy-stub.o)
                              ./build/Debug/.obj/Middlewares/Third_Party/FreeRTOS/Source/CMSIS_RTOS_V2/cmsis_os2.o (memcpy)
c:/users/25223/.eide/tools/gcc_arm/bin/../lib/gcc/arm-none-eabi/10.2.1/../../../../arm-none-eabi/lib/thumb/v7-m/nofp\libc_nano.a(lib_a-memset.o)
                              c:/users/25223/.eide/tools/gcc_arm/bin/../lib/gcc/arm-none-eabi/10.2.1/../../../../arm-none-eabi/lib/thumb/v7-m/nofp/crt0.o (memset)
c:/users/25223/.eide/tools/gcc_arm/bin/../lib/gcc/arm-none-eabi/10.2.1/../../../../arm-none-eabi/lib/thumb/v7-m/nofp\libc_nano.a(lib_a-printf.o)
                              ./build/Debug/.obj/Core/Src/bsp_spi_flash.o (printf)
c:/users/25223/.eide/tools/gcc_arm/bin/../lib/gcc/arm-none-eabi/10.2.1/../../../../arm-none-eabi/lib/thumb/v7-m/nofp\libc_nano.a(lib_a-puts.o)
                              ./build/Debug/.obj/Core/Src/bsp_spi_flash.o (puts)
c:/users/25223/.eide/tools/gcc_arm/bin/../lib/gcc/arm-none-eabi/10.2.1/../../../../arm-none-eabi/lib/thumb/v7-m/nofp\libc_nano.a(lib_a-sprintf.o)
                              ./build/Debug/.obj/Core/Src/bsp_xpt2046_lcd.o (sprintf)
c:/users/25223/.eide/tools/gcc_arm/bin/../lib/gcc/arm-none-eabi/10.2.1/../../../../arm-none-eabi/lib/thumb/v7-m/nofp\libc_nano.a(lib_a-strlen.o)
                              ./build/Debug/.obj/Core/Src/usart.o (strlen)
c:/users/25223/.eide/tools/gcc_arm/bin/../lib/gcc/arm-none-eabi/10.2.1/../../../../arm-none-eabi/lib/thumb/v7-m/nofp\libc_nano.a(lib_a-wbuf.o)
                              c:/users/25223/.eide/tools/gcc_arm/bin/../lib/gcc/arm-none-eabi/10.2.1/../../../../arm-none-eabi/lib/thumb/v7-m/nofp\libc_nano.a(lib_a-puts.o) (__swbuf_r)
c:/users/25223/.eide/tools/gcc_arm/bin/../lib/gcc/arm-none-eabi/10.2.1/../../../../arm-none-eabi/lib/thumb/v7-m/nofp\libc_nano.a(lib_a-wsetup.o)
                              c:/users/25223/.eide/tools/gcc_arm/bin/../lib/gcc/arm-none-eabi/10.2.1/../../../../arm-none-eabi/lib/thumb/v7-m/nofp\libc_nano.a(lib_a-puts.o) (__swsetup_r)
c:/users/25223/.eide/tools/gcc_arm/bin/../lib/gcc/arm-none-eabi/10.2.1/../../../../arm-none-eabi/lib/thumb/v7-m/nofp\libc_nano.a(lib_a-fflush.o)
                              c:/users/25223/.eide/tools/gcc_arm/bin/../lib/gcc/arm-none-eabi/10.2.1/../../../../arm-none-eabi/lib/thumb/v7-m/nofp\libc_nano.a(lib_a-wbuf.o) (_fflush_r)
[...]
Memory Configuration

Name             Origin             Length             Attributes
RAM              0x20000000         0x00010000         xrw
FLASH            0x08000000         0x00080000         xr
*default*        0x00000000         0xffffffff

Linker script and memory map

LOAD c:/users/25223/.eide/tools/gcc_arm/bin/../lib/gcc/arm-none-eabi/10.2.1/thumb/v7-m/nofp/crti.o
LOAD c:/users/25223/.eide/tools/gcc_arm/bin/../lib/gcc/arm-none-eabi/10.2.1/thumb/v7-m/nofp/crtbegin.o
LOAD c:/users/25223/.eide/tools/gcc_arm/bin/../lib/gcc/arm-none-eabi/10.2.1/../../../../arm-none-eabi/lib/thumb/v7-m/nofp/crt0.o
LOAD ./build/Debug/.obj/Core/Src/MGC3X30.o
LOAD ./build/Debug/.obj/Core/Src/bsp_ili9341_lcd.o
LOAD ./build/Debug/.obj/Core/Src/bsp_led.o
LOAD ./build/Debug/.obj/Core/Src/bsp_spi_flash.o
LOAD ./build/Debug/.obj/Core/Src/bsp_xpt2046_lcd.o
LOAD ./build/Debug/.obj/Core/Src/dma.o
LOAD ./build/Debug/.obj/Core/Src/fonts.o
LOAD ./build/Debug/.obj/Core/Src/freertos.o
LOAD ./build/Debug/.obj/Core/Src/fsmc.o
LOAD ./build/Debug/.obj/Core/Src/gpio.o
LOAD ./build/Debug/.obj/Core/Src/i2c.o
LOAD ./build/Debug/.obj/Core/Src/lcd.o
LOAD ./build/Debug/.obj/Core/Src/main.o
LOAD ./build/Debug/.obj/Core/Src/operating_system.o
LOAD ./build/Debug/.obj/Core/Src/palette.o
LOAD ./build/Debug/.obj/Core/Src/sdio.o
LOAD ./build/Debug/.obj/Core/Src/spi.o
LOAD ./build/Debug/.obj/Core/Src/stm32f1xx_hal_msp.o
LOAD ./build/Debug/.obj/Core/Src/stm32f1xx_it.o
LOAD ./build/Debug/.obj/Core/Src/syscalls.o
LOAD ./build/Debug/.obj/Core/Src/sysmem.o
LOAD ./build/Debug/.obj/Core/Src/system_stm32f1xx.o
LOAD ./build/Debug/.obj/Core/Src/tim.o
LOAD ./build/Debug/.obj/Core/Src/usart.o
LOAD ./build/Debug/.obj/Drivers/STM32F1xx_HAL_Driver/Src/stm32f1xx_hal.o
LOAD ./build/Debug/.obj/Drivers/STM32F1xx_HAL_Driver/Src/stm32f1xx_hal_cortex.o
LOAD ./build/Debug/.obj/Drivers/STM32F1xx_HAL_Driver/Src/stm32f1xx_hal_dma.o
LOAD ./build/Debug/.obj/Drivers/STM32F1xx_HAL_Driver/Src/stm32f1xx_hal_exti.o
LOAD ./build/Debug/.obj/Drivers/STM32F1xx_HAL_Driver/Src/stm32f1xx_hal_flash.o
LOAD ./build/Debug/.obj/Drivers/STM32F1xx_HAL_Driver/Src/stm32f1xx_hal_flash_ex.o
LOAD ./build/Debug/.obj/Drivers/STM32F1xx_HAL_Driver/Src/stm32f1xx_hal_gpio.o
LOAD ./build/Debug/.obj/Drivers/STM32F1xx_HAL_Driver/Src/stm32f1xx_hal_gpio_ex.o
LOAD ./build/Debug/.obj/Drivers/STM32F1xx_HAL_Driver/Src/stm32f1xx_hal_i2c.o
LOAD ./build/Debug/.obj/Drivers/STM32F1xx_HAL_Driver/Src/stm32f1xx_hal_mmc.o
LOAD ./build/Debug/.obj/Drivers/STM32F1xx_HAL_Driver/Src/stm32f1xx_hal_nand.o
LOAD ./build/Debug/.obj/Drivers/STM32F1xx_HAL_Driver/Src/stm32f1xx_hal_nor.o
LOAD ./build/Debug/.obj/Drivers/STM32F1xx_HAL_Driver/Src/stm32f1xx_hal_pccard.o
LOAD ./build/Debug/.obj/Drivers/STM32F1xx_HAL_Driver/Src/stm32f1xx_hal_pwr.o
LOAD ./build/Debug/.obj/Drivers/STM32F1xx_HAL_Driver/Src/stm32f1xx_hal_rcc.o
LOAD ./build/Debug/.obj/Drivers/STM32F1xx_HAL_Driver/Src/stm32f1xx_hal_rcc_ex.o
LOAD ./build/Debug/.obj/Drivers/STM32F1xx_HAL_Driver/Src/stm32f1xx_hal_sd.o
LOAD ./build/Debug/.obj/Drivers/STM32F1xx_HAL_Driver/Src/stm32f1xx_hal_spi.o
LOAD ./build/Debug/.obj/Drivers/STM32F1xx_HAL_Driver/Src/stm32f1xx_hal_sram.o
LOAD ./build/Debug/.obj/Drivers/STM32F1xx_HAL_Driver/Src/stm32f1xx_hal_tim.o
LOAD ./build/Debug/.obj/Drivers/STM32F1xx_HAL_Driver/Src/stm32f1xx_hal_tim_ex.o
LOAD ./build/Debug/.obj/Drivers/STM32F1xx_HAL_Driver/Src/stm32f1xx_hal_uart.o
LOAD ./build/Debug/.obj/Drivers/STM32F1xx_HAL_Driver/Src/stm32f1xx_ll_fsmc.o
LOAD ./build/Debug/.obj/Drivers/STM32F1xx_HAL_Driver/Src/stm32f1xx_ll_sdmmc.o
LOAD ./build/Debug/.obj/FATFS/App/fatfs.o
LOAD ./build/Debug/.obj/FATFS/Target/bsp_driver_sd.o
LOAD ./build/Debug/.obj/FATFS/Target/fatfs_platform.o
LOAD ./build/Debug/.obj/Middlewares/Third_Party/FatFs/src/diskio.o
LOAD ./build/Debug/.obj/Middlewares/Third_Party/FatFs/src/drivers/sd_diskio.o
LOAD ./build/Debug/.obj/Middlewares/Third_Party/FatFs/src/ff.o
LOAD ./build/Debug/.obj/Middlewares/Third_Party/FatFs/src/ff_gen_drv.o
LOAD ./build/Debug/.obj/Middlewares/Third_Party/FatFs/src/option/syscall.o
LOAD ./build/Debug/.obj/Middlewares/Third_Party/FreeRTOS/Source/CMSIS_RTOS_V2/cmsis_os2.o
LOAD ./build/Debug/.obj/Middlewares/Third_Party/FreeRTOS/Source/croutine.o
LOAD ./build/Debug/.obj/Middlewares/Third_Party/FreeRTOS/Source/event_groups.o
LOAD ./build/Debug/.obj/Middlewares/Third_Party/FreeRTOS/Source/list.o
LOAD ./build/Debug/.obj/Middlewares/Third_Party/FreeRTOS/Source/portable/GCC/ARM_CM3/port.o
LOAD ./build/Debug/.obj/Middlewares/Third_Party/FreeRTOS/Source/portable/MemMang/heap_4.o
LOAD ./build/Debug/.obj/Middlewares/Third_Party/FreeRTOS/Source/queue.o
LOAD ./build/Debug/.obj/Middlewares/Third_Party/FreeRTOS/Source/stream_buffer.o
LOAD ./build/Debug/.obj/Middlewares/Third_Party/FreeRTOS/Source/tasks.o
LOAD ./build/Debug/.obj/Middlewares/Third_Party/FreeRTOS/Source/timers.o
LOAD ./build/Debug/.obj/startup_stm32f103xe.o
LOAD c:/users/25223/.eide/tools/gcc_arm/bin/../lib/gcc/arm-none-eabi/10.2.1/../../../../arm-none-eabi/lib/thumb/v7-m/nofp\libm.a
START GROUP
LOAD c:/users/25223/.eide/tools/gcc_arm/bin/../lib/gcc/arm-none-eabi/10.2.1/thumb/v7-m/nofp\libgcc.a
LOAD c:/users/25223/.eide/tools/gcc_arm/bin/../lib/gcc/arm-none-eabi/10.2.1/../../../../arm-none-eabi/lib/thumb/v7-m/nofp\libc_nano.a
END GROUP
START GROUP
LOAD c:/users/25223/.eide/tools/gcc_arm/bin/../lib/gcc/arm-none-eabi/10.2.1/thumb/v7-m/nofp\libgcc.a
LOAD c:/users/25223/.eide/tools/gcc_arm/bin/../lib/gcc/arm-none-eabi/10.2.1/../../../../arm-none-eabi/lib/thumb/v7-m/nofp\libc_nano.a
LOAD c:/users/25223/.eide/tools/gcc_arm/bin/../lib/gcc/arm-none-eabi/10.2.1/../../../../arm-none-eabi/lib/thumb/v7-m/nofp\libnosys.a
END GROUP
START GROUP
LOAD c:/users/25223/.eide/tools/gcc_arm/bin/../lib/gcc/arm-none-eabi/10.2.1/thumb/v7-m/nofp\libgcc.a
LOAD c:/users/25223/.eide/tools/gcc_arm/bin/../lib/gcc/arm-none-eabi/10.2.1/../../../../arm-none-eabi/lib/thumb/v7-m/nofp\libc_nano.a
LOAD c:/users/25223/.eide/tools/gcc_arm/bin/../lib/gcc/arm-none-eabi/10.2.1/../../../../arm-none-eabi/lib/thumb/v7-m/nofp\libnosys.a
END GROUP
LOAD c:/users/25223/.eide/tools/gcc_arm/bin/../lib/gcc/arm-none-eabi/10.2.1/thumb/v7-m/nofp/crtend.o
LOAD c:/users/25223/.eide/tools/gcc_arm/bin/../lib/gcc/arm-none-eabi/10.2.1/thumb/v7-m/nofp/crtn.o
                0x20010000                _estack = (ORIGIN (RAM) + LENGTH (RAM))
                0x00000200                _Min_Heap_Size = 0x200
                0x00000400                _Min_Stack_Size = 0x400

.isr_vector     0x08000000      0x1e4
                0x08000000                . = ALIGN (0x4)
 *(.isr_vector)
 .isr_vector    0x08000000      0x1e4 ./build/Debug/.obj/startup_stm32f103xe.o
                0x08000000                g_pfnVectors
                0x080001e4                . = ALIGN (0x4)

.text           0x080001f0     0x9fb8
                0x080001f0                . = ALIGN (0x4)
 *(.text)
 .text          0x080001f0       0x40 c:/users/25223/.eide/tools/gcc_arm/bin/../lib/gcc/arm-none-eabi/10.2.1/thumb/v7-m/nofp/crtbegin.o
 .text          0x08000230      0x21c c:/users/25223/.eide/tools/gcc_arm/bin/../lib/gcc/arm-none-eabi/10.2.1/thumb/v7-m/nofp\libgcc.a(_arm_addsubsf3.o)
                0x08000230                __aeabi_frsub
                0x08000238                __subsf3
                0x08000238                __aeabi_fsub
                0x0800023c                __aeabi_fadd
                0x0800023c                __addsf3
                0x0800039c                __aeabi_ui2f
                0x0800039c                __floatunsisf
                0x080003a4                __aeabi_i2f
                0x080003a4                __floatsisf
                0x080003c0                __aeabi_ul2f
                0x080003c0                __floatundisf
                0x080003d0                __aeabi_l2f
                0x080003d0                __floatdisf
 .text          0x0800044c      0x2a0 c:/users/25223/.eide/tools/gcc_arm/bin/../lib/gcc/arm-none-eabi/10.2.1/thumb/v7-m/nofp\libgcc.a(_arm_muldivsf3.o)
                0x0800044c                __mulsf3
                0x0800044c                __aeabi_fmul
                0x080005b4                __aeabi_fdiv
                0x080005b4                __divsf3
 .text          0x080006ec       0x4c c:/users/25223/.eide/tools/gcc_arm/bin/../lib/gcc/arm-none-eabi/10.2.1/thumb/v7-m/nofp\libgcc.a(_arm_fixsfsi.o)
                0x080006ec                __aeabi_f2iz
                0x080006ec                __fixsfsi
 .text          0x08000738       0x10 c:/users/25223/.eide/tools/gcc_arm/bin/../lib/gcc/arm-none-eabi/10.2.1/../../../../arm-none-eabi/lib/thumb/v7-m/nofp\libc_nano.a(lib_a-strlen.o)
                0x08000738                strlen
 *(.text*)
 .text.setRuntimeparameter
                0x08000748       0x60 ./build/Debug/.obj/Core/Src/MGC3X30.o
                0x08000748                setRuntimeparameter
 .text.reset    0x080007a8       0x2c ./build/Debug/.obj/Core/Src/MGC3X30.o
                0x080007a8                reset
 .text.tsInput  0x080007d4       0x28 ./build/Debug/.obj/Core/Src/MGC3X30.o
                0x080007d4                tsInput
 .text.tsOutput
                0x080007fc       0x30 ./build/Debug/.obj/Core/Src/MGC3X30.o
                0x080007fc                tsOutput
 .text.tsRead   0x0800082c       0x14 ./build/Debug/.obj/Core/Src/MGC3X30.o
                0x0800082c                tsRead
 .text.tsWrite  0x08000840       0x24 ./build/Debug/.obj/Core/Src/MGC3X30.o
                0x08000840                tsWrite
 .text.read     0x08000864       0x48 ./build/Debug/.obj/Core/Src/MGC3X30.o
                0x08000864                read
 .text.begin    0x080008ac        0xe ./build/Debug/.obj/Core/Src/MGC3X30.o
                0x080008ac                begin
 .text.getGestureInfo
                0x080008ba        0x6 ./build/Debug/.obj/Core/Src/MGC3X30.o
                0x080008ba                getGestureInfo
 .text.getTouchInfo
                0x080008c0       0x60 ./build/Debug/.obj/Core/Src/MGC3X30.o
                0x080008c0                getTouchInfo
 .text.enableDataOutput
                0x08000920       0x4c ./build/Debug/.obj/Core/Src/MGC3X30.o
                0x08000920                enableDataOutput
 .text.lockDataOutput
                0x0800096c       0x4c ./build/Debug/.obj/Core/Src/MGC3X30.o
                0x0800096c                lockDataOutput
 .text.sensorDataRecv
                0x080009b8      0x100 ./build/Debug/.obj/Core/Src/MGC3X30.o
                0x080009b8                sensorDataRecv
 .text.ILI9341_Delay
                0x08000ab8       0x16 ./build/Debug/.obj/Core/Src/bsp_ili9341_lcd.o
 *fill*         0x08000ace        0x2 
 .text.ILI9341_GPIO_Config
                0x08000ad0       0xa4 ./build/Debug/.obj/Core/Src/bsp_ili9341_lcd.o
 .text.ILI9341_FSMC_Config
                0x08000b74       0x60 ./build/Debug/.obj/Core/Src/bsp_ili9341_lcd.o
 .text.ILI9341_Write_Cmd
                0x08000bd4        0x8 ./build/Debug/.obj/Core/Src/bsp_ili9341_lcd.o
                0x08000bd4                ILI9341_Write_Cmd
 .text.ILI9341_Write_Data
                0x08000bdc        0xc ./build/Debug/.obj/Core/Src/bsp_ili9341_lcd.o
                0x08000bdc                ILI9341_Write_Data
 .text.ILI9341_BackLed_Control
                0x08000be8       0x1c ./build/Debug/.obj/Core/Src/bsp_ili9341_lcd.o
                0x08000be8                ILI9341_BackLed_Control
 .text.ILI9341_ReadID
                0x08000c04       0x50 ./build/Debug/.obj/Core/Src/bsp_ili9341_lcd.o
                0x08000c04                ILI9341_ReadID
 .text.ILI9341_REG_Config
                0x08000c54      0x304 ./build/Debug/.obj/Core/Src/bsp_ili9341_lcd.o
 .text.ILI9341_Rst
                0x08000f58       0x24 ./build/Debug/.obj/Core/Src/bsp_ili9341_lcd.o
                0x08000f58                ILI9341_Rst
 .text.ILI9341_GramScan
                0x08000f7c       0xbc ./build/Debug/.obj/Core/Src/bsp_ili9341_lcd.o
                0x08000f7c                ILI9341_GramScan
 .text.ILI9341_Init
                0x08001038       0x28 ./build/Debug/.obj/Core/Src/bsp_ili9341_lcd.o
                0x08001038                ILI9341_Init
 .text.ILI9341_OpenWindow
                0x08001060       0x58 ./build/Debug/.obj/Core/Src/bsp_ili9341_lcd.o
                0x08001060                ILI9341_OpenWindow
 .text.ILI9341_SetCursor
                0x080010b8        0xc ./build/Debug/.obj/Core/Src/bsp_ili9341_lcd.o
 .text.ILI9341_Clear
                0x080010c4       0x34 ./build/Debug/.obj/Core/Src/bsp_ili9341_lcd.o
                0x080010c4                ILI9341_Clear
 .text.ILI9341_DispChar_EN
                0x080010f8       0x7c ./build/Debug/.obj/Core/Src/bsp_ili9341_lcd.o
                0x080010f8                ILI9341_DispChar_EN
 .text.ILI9341_DispString_EN
                0x08001174       0x5c ./build/Debug/.obj/Core/Src/bsp_ili9341_lcd.o
                0x08001174                ILI9341_DispString_EN
 .text.LCD_Color_DrawPoint
                0x080011d0       0x2c ./build/Debug/.obj/Core/Src/bsp_ili9341_lcd.o
                0x080011d0                LCD_Color_DrawPoint
 .text.XPT2046_DelayUS
                0x080011fc       0x20 ./build/Debug/.obj/Core/Src/bsp_xpt2046_lcd.o
 .text.XPT2046_WriteCMD
                0x0800121c       0x5c ./build/Debug/.obj/Core/Src/bsp_xpt2046_lcd.o
 .text.XPT2046_ReadCMD
                0x08001278       0x44 ./build/Debug/.obj/Core/Src/bsp_xpt2046_lcd.o
 .text.XPT2046_ReadAdc
                0x080012bc        0xc ./build/Debug/.obj/Core/Src/bsp_xpt2046_lcd.o
 .text.XPT2046_ReadAdc_XY
                0x080012c8       0x20 ./build/Debug/.obj/Core/Src/bsp_xpt2046_lcd.o
 .text.XPT2046_ReadAdc_Smooth_XY
                0x080012e8      0x14c ./build/Debug/.obj/Core/Src/bsp_xpt2046_lcd.o
 .text.XPT2046_Init
                0x08001434       0x9c ./build/Debug/.obj/Core/Src/bsp_xpt2046_lcd.o
                0x08001434                XPT2046_Init
 .text.XPT2046_Get_TouchedPoint
                0x080014d0       0xb0 ./build/Debug/.obj/Core/Src/bsp_xpt2046_lcd.o
                0x080014d0                XPT2046_Get_TouchedPoint
 .text.XPT2046_TouchDetect
                0x08001580       0x98 ./build/Debug/.obj/Core/Src/bsp_xpt2046_lcd.o
                0x08001580                XPT2046_TouchDetect
 .text.XPT2046_TouchUp
                0x08001618       0x24 ./build/Debug/.obj/Core/Src/bsp_xpt2046_lcd.o
                0x08001618                XPT2046_TouchUp
 .text.operating_mainpage
                0x0800163c      0x104 ./build/Debug/.obj/Core/Src/bsp_xpt2046_lcd.o
                0x0800163c                operating_mainpage
 .text.operating_gesturepage
                0x08001740      0x168 ./build/Debug/.obj/Core/Src/bsp_xpt2046_lcd.o
                0x08001740                operating_gesturepage
 .text.in_which_page
                0x080018a8       0x14 ./build/Debug/.obj/Core/Src/bsp_xpt2046_lcd.o
                0x080018a8                in_which_page
 .text.XPT2046_TouchDown
                0x080018bc       0x38 ./build/Debug/.obj/Core/Src/bsp_xpt2046_lcd.o
                0x080018bc                XPT2046_TouchDown
 .text.XPT2046_TouchEvenHandler
                0x080018f4       0x6c ./build/Debug/.obj/Core/Src/bsp_xpt2046_lcd.o
                0x080018f4                XPT2046_TouchEvenHandler
 .text.MX_DMA_Init
                0x08001960       0x34 ./build/Debug/.obj/Core/Src/dma.o
                0x08001960                MX_DMA_Init
 .text.StartDefaultTask
                0x08001994      0x110 ./build/Debug/.obj/Core/Src/freertos.o
                0x08001994                StartDefaultTask
 .text.StartTask02
                0x08001aa4      0x108 ./build/Debug/.obj/Core/Src/freertos.o
                0x08001aa4                StartTask02
 .text.StartTask03
                0x08001bac       0x3c ./build/Debug/.obj/Core/Src/freertos.o
                0x08001bac                StartTask03
 .text.StartTask04
                0x08001be8        0xe ./build/Debug/.obj/Core/Src/freertos.o
                0x08001be8                StartTask04
 *fill*         0x08001bf6        0x2 
 .text.StartTask05
                0x08001bf8       0x2c ./build/Debug/.obj/Core/Src/freertos.o
                0x08001bf8                StartTask05
 .text.MX_FREERTOS_Init
                0x08001c24       0xa8 ./build/Debug/.obj/Core/Src/freertos.o
                0x08001c24                MX_FREERTOS_Init
 .text.HAL_FSMC_MspInit
                0x08001ccc       0x6c ./build/Debug/.obj/Core/Src/fsmc.o
 .text.MX_FSMC_Init
                0x08001d38       0x78 ./build/Debug/.obj/Core/Src/fsmc.o
                0x08001d38                MX_FSMC_Init
 .text.HAL_SRAM_MspInit
                0x08001db0        0x8 ./build/Debug/.obj/Core/Src/fsmc.o
                0x08001db0                HAL_SRAM_MspInit
 .text.MX_GPIO_Init
                0x08001db8      0x140 ./build/Debug/.obj/Core/Src/gpio.o
                0x08001db8                MX_GPIO_Init
 .text.MX_I2C2_Init
                0x08001ef8       0x3c ./build/Debug/.obj/Core/Src/i2c.o
                0x08001ef8                MX_I2C2_Init
 .text.HAL_I2C_MspInit
                0x08001f34       0x64 ./build/Debug/.obj/Core/Src/i2c.o
                0x08001f34                HAL_I2C_MspInit
 .text.LCD_Draw_Picture_Pro
                0x08001f98       0xd2 ./build/Debug/.obj/Core/Src/lcd.o
                0x08001f98                LCD_Draw_Picture_Pro
 .text.Error_Handler
                0x0800206a        0x4 ./build/Debug/.obj/Core/Src/main.o
                0x0800206a                Error_Handler
 .text.SystemClock_Config
                0x0800206e       0x64 ./build/Debug/.obj/Core/Src/main.o
                0x0800206e                SystemClock_Config
 .text.main     0x080020d2       0x3c ./build/Debug/.obj/Core/Src/main.o
                0x080020d2                main
 .text.toggle_state
                0x0800210e        0xc ./build/Debug/.obj/Core/Src/operating_system.o
                0x0800210e                toggle_state
 .text.display_picture
                0x0800211a       0x4e ./build/Debug/.obj/Core/Src/operating_system.o
                0x0800211a                display_picture
 .text.main_page
                0x08002168       0x20 ./build/Debug/.obj/Core/Src/operating_system.o
                0x08002168                main_page
 .text.gesture_page
                0x08002188       0x20 ./build/Debug/.obj/Core/Src/operating_system.o
                0x08002188                gesture_page
 .text.gesture_dir_arrow
                0x080021a8       0xa4 ./build/Debug/.obj/Core/Src/operating_system.o
                0x080021a8                gesture_dir_arrow
 .text.Touch_Button_Down
                0x0800224c       0xa8 ./build/Debug/.obj/Core/Src/palette.o
                0x0800224c                Touch_Button_Down
 .text.Touch_Button_Up
                0x080022f4       0x68 ./build/Debug/.obj/Core/Src/palette.o
                0x080022f4                Touch_Button_Up
 .text.MX_SDIO_SD_Init
                0x0800235c       0x20 ./build/Debug/.obj/Core/Src/sdio.o
                0x0800235c                MX_SDIO_SD_Init
 .text.HAL_SD_MspInit
                0x0800237c       0xd8 ./build/Debug/.obj/Core/Src/sdio.o
                0x0800237c                HAL_SD_MspInit
 .text.MX_SPI2_Init
                0x08002454       0x40 ./build/Debug/.obj/Core/Src/spi.o
                0x08002454                MX_SPI2_Init
 .text.HAL_SPI_MspInit
                0x08002494       0x78 ./build/Debug/.obj/Core/Src/spi.o
                0x08002494                HAL_SPI_MspInit
 .text.HAL_MspInit
                0x0800250c       0x54 ./build/Debug/.obj/Core/Src/stm32f1xx_hal_msp.o
                0x0800250c                HAL_MspInit
 .text.NMI_Handler
                0x08002560        0x2 ./build/Debug/.obj/Core/Src/stm32f1xx_it.o
                0x08002560                NMI_Handler
 .text.HardFault_Handler
                0x08002562        0x2 ./build/Debug/.obj/Core/Src/stm32f1xx_it.o
                0x08002562                HardFault_Handler
 .text.MemManage_Handler
                0x08002564        0x2 ./build/Debug/.obj/Core/Src/stm32f1xx_it.o
                0x08002564                MemManage_Handler
 .text.BusFault_Handler
                0x08002566        0x2 ./build/Debug/.obj/Core/Src/stm32f1xx_it.o
                0x08002566                BusFault_Handler
 .text.UsageFault_Handler
                0x08002568        0x2 ./build/Debug/.obj/Core/Src/stm32f1xx_it.o
                0x08002568                UsageFault_Handler
 .text.DebugMon_Handler
                0x0800256a        0x2 ./build/Debug/.obj/Core/Src/stm32f1xx_it.o
                0x0800256a                DebugMon_Handler
 .text.SysTick_Handler
                0x0800256c       0x16 ./build/Debug/.obj/Core/Src/stm32f1xx_it.o
                0x0800256c                SysTick_Handler
 *fill*         0x08002582        0x2 
 .text.SDIO_IRQHandler
                0x08002584       0x10 ./build/Debug/.obj/Core/Src/stm32f1xx_it.o
                0x08002584                SDIO_IRQHandler
 .text.DMA2_Channel4_5_IRQHandler
                0x08002594       0x10 ./build/Debug/.obj/Core/Src/stm32f1xx_it.o
                0x08002594                DMA2_Channel4_5_IRQHandler
 .text._sbrk    0x080025a4       0x48 ./build/Debug/.obj/Core/Src/sysmem.o
                0x080025a4                _sbrk
 .text.SystemInit
                0x080025ec        0x2 ./build/Debug/.obj/Core/Src/system_stm32f1xx.o
                0x080025ec                SystemInit
 *fill*         0x080025ee        0x2 
 .text.HAL_TIM_Base_MspInit
                0x080025f0       0x2c ./build/Debug/.obj/Core/Src/tim.o
                0x080025f0                HAL_TIM_Base_MspInit
 .text.HAL_TIM_MspPostInit
                0x0800261c       0x50 ./build/Debug/.obj/Core/Src/tim.o
                0x0800261c                HAL_TIM_MspPostInit
 .text.MX_TIM3_Init
                0x0800266c       0xb0 ./build/Debug/.obj/Core/Src/tim.o
                0x0800266c                MX_TIM3_Init
 .text.MX_USART1_UART_Init
                0x0800271c       0x34 ./build/Debug/.obj/Core/Src/usart.o
                0x0800271c                MX_USART1_UART_Init
 .text.HAL_UART_MspInit
                0x08002750       0x78 ./build/Debug/.obj/Core/Src/usart.o
                0x08002750                HAL_UART_MspInit
 .text.Send_AT_Command
                0x080027c8       0x38 ./build/Debug/.obj/Core/Src/usart.o
                0x080027c8                Send_AT_Command
 .text.ESP8266_Config
                0x08002800       0x30 ./build/Debug/.obj/Core/Src/usart.o
                0x08002800                ESP8266_Config
 .text.send_data
                0x08002830       0x2c ./build/Debug/.obj/Core/Src/usart.o
                0x08002830                send_data
 .text.HAL_InitTick
                0x0800285c       0x4c ./build/Debug/.obj/Drivers/STM32F1xx_HAL_Driver/Src/stm32f1xx_hal.o
                0x0800285c                HAL_InitTick
 .text.HAL_Init
                0x080028a8       0x24 ./build/Debug/.obj/Drivers/STM32F1xx_HAL_Driver/Src/stm32f1xx_hal.o
                0x080028a8                HAL_Init
 .text.HAL_IncTick
                0x080028cc       0x18 ./build/Debug/.obj/Drivers/STM32F1xx_HAL_Driver/Src/stm32f1xx_hal.o
                0x080028cc                HAL_IncTick
 .text.HAL_GetTick
                0x080028e4        0xc ./build/Debug/.obj/Drivers/STM32F1xx_HAL_Driver/Src/stm32f1xx_hal.o
                0x080028e4                HAL_GetTick
 .text.HAL_Delay
                0x080028f0       0x28 ./build/Debug/.obj/Drivers/STM32F1xx_HAL_Driver/Src/stm32f1xx_hal.o
                0x080028f0                HAL_Delay
 .text.HAL_NVIC_SetPriorityGrouping
                0x08002918       0x24 ./build/Debug/.obj/Drivers/STM32F1xx_HAL_Driver/Src/stm32f1xx_hal_cortex.o
                0x08002918                HAL_NVIC_SetPriorityGrouping
 .text.HAL_NVIC_SetPriority
                0x0800293c       0x70 ./build/Debug/.obj/Drivers/STM32F1xx_HAL_Driver/Src/stm32f1xx_hal_cortex.o
                0x0800293c                HAL_NVIC_SetPriority
 .text.HAL_NVIC_EnableIRQ
                0x080029ac       0x1c ./build/Debug/.obj/Drivers/STM32F1xx_HAL_Driver/Src/stm32f1xx_hal_cortex.o
                0x080029ac                HAL_NVIC_EnableIRQ
 .text.HAL_SYSTICK_Config
                0x080029c8       0x28 ./build/Debug/.obj/Drivers/STM32F1xx_HAL_Driver/Src/stm32f1xx_hal_cortex.o
                0x080029c8                HAL_SYSTICK_Config
 .text.HAL_DMA_Init
                0x080029f0       0x98 ./build/Debug/.obj/Drivers/STM32F1xx_HAL_Driver/Src/stm32f1xx_hal_dma.o
                0x080029f0                HAL_DMA_Init
 .text.HAL_DMA_Abort_IT
                0x08002a88      0x16c ./build/Debug/.obj/Drivers/STM32F1xx_HAL_Driver/Src/stm32f1xx_hal_dma.o
                0x08002a88                HAL_DMA_Abort_IT
 .text.HAL_DMA_IRQHandler
                0x08002bf4      0x2ec ./build/Debug/.obj/Drivers/STM32F1xx_HAL_Driver/Src/stm32f1xx_hal_dma.o
                0x08002bf4                HAL_DMA_IRQHandler
 .text.HAL_GPIO_Init
                0x08002ee0      0x240 ./build/Debug/.obj/Drivers/STM32F1xx_HAL_Driver/Src/stm32f1xx_hal_gpio.o
                0x08002ee0                HAL_GPIO_Init
 .text.HAL_GPIO_ReadPin
                0x08003120        0xe ./build/Debug/.obj/Drivers/STM32F1xx_HAL_Driver/Src/stm32f1xx_hal_gpio.o
                0x08003120                HAL_GPIO_ReadPin
 .text.HAL_GPIO_WritePin
                0x0800312e        0xc ./build/Debug/.obj/Drivers/STM32F1xx_HAL_Driver/Src/stm32f1xx_hal_gpio.o
                0x0800312e                HAL_GPIO_WritePin
 .text.I2C_IsAcknowledgeFailed
                0x0800313a       0x32 ./build/Debug/.obj/Drivers/STM32F1xx_HAL_Driver/Src/stm32f1xx_hal_i2c.o
 .text.I2C_WaitOnFlagUntilTimeout
                0x0800316c       0xaa ./build/Debug/.obj/Drivers/STM32F1xx_HAL_Driver/Src/stm32f1xx_hal_i2c.o
 .text.I2C_WaitOnMasterAddressFlagUntilTimeout
                0x08003216       0xd6 ./build/Debug/.obj/Drivers/STM32F1xx_HAL_Driver/Src/stm32f1xx_hal_i2c.o
 .text.I2C_MasterRequestWrite
                0x080032ec       0xb4 ./build/Debug/.obj/Drivers/STM32F1xx_HAL_Driver/Src/stm32f1xx_hal_i2c.o
 .text.I2C_MasterRequestRead
                0x080033a0      0x120 ./build/Debug/.obj/Drivers/STM32F1xx_HAL_Driver/Src/stm32f1xx_hal_i2c.o
 .text.I2C_WaitOnTXEFlagUntilTimeout
                0x080034c0       0x5e ./build/Debug/.obj/Drivers/STM32F1xx_HAL_Driver/Src/stm32f1xx_hal_i2c.o
 .text.I2C_WaitOnBTFFlagUntilTimeout
                0x0800351e       0x5e ./build/Debug/.obj/Drivers/STM32F1xx_HAL_Driver/Src/stm32f1xx_hal_i2c.o
 .text.I2C_WaitOnRXNEFlagUntilTimeout
                0x0800357c       0x78 ./build/Debug/.obj/Drivers/STM32F1xx_HAL_Driver/Src/stm32f1xx_hal_i2c.o
 .text.HAL_I2C_Init
                0x080035f4      0x1bc ./build/Debug/.obj/Drivers/STM32F1xx_HAL_Driver/Src/stm32f1xx_hal_i2c.o
                0x080035f4                HAL_I2C_Init
 .text.HAL_I2C_Master_Transmit
                0x080037b0      0x178 ./build/Debug/.obj/Drivers/STM32F1xx_HAL_Driver/Src/stm32f1xx_hal_i2c.o
                0x080037b0                HAL_I2C_Master_Transmit
 .text.HAL_I2C_Master_Receive
                0x08003928      0x358 ./build/Debug/.obj/Drivers/STM32F1xx_HAL_Driver/Src/stm32f1xx_hal_i2c.o
                0x08003928                HAL_I2C_Master_Receive
 .text.RCC_Delay
                0x08003c80       0x2c ./build/Debug/.obj/Drivers/STM32F1xx_HAL_Driver/Src/stm32f1xx_hal_rcc.o
 .text.HAL_RCC_OscConfig
                0x08003cac      0x410 ./build/Debug/.obj/Drivers/STM32F1xx_HAL_Driver/Src/stm32f1xx_hal_rcc.o
                0x08003cac                HAL_RCC_OscConfig
 .text.HAL_RCC_GetSysClockFreq
                0x080040bc       0x54 ./build/Debug/.obj/Drivers/STM32F1xx_HAL_Driver/Src/stm32f1xx_hal_rcc.o
                0x080040bc                HAL_RCC_GetSysClockFreq
 .text.HAL_RCC_ClockConfig
                0x08004110      0x16c ./build/Debug/.obj/Drivers/STM32F1xx_HAL_Driver/Src/stm32f1xx_hal_rcc.o
                0x08004110                HAL_RCC_ClockConfig
 .text.HAL_RCC_GetHCLKFreq
                0x0800427c        0xc ./build/Debug/.obj/Drivers/STM32F1xx_HAL_Driver/Src/stm32f1xx_hal_rcc.o
                0x0800427c                HAL_RCC_GetHCLKFreq
 .text.HAL_RCC_GetPCLK1Freq
                0x08004288       0x20 ./build/Debug/.obj/Drivers/STM32F1xx_HAL_Driver/Src/stm32f1xx_hal_rcc.o
                0x08004288                HAL_RCC_GetPCLK1Freq
 .text.HAL_RCC_GetPCLK2Freq
                0x080042a8       0x20 ./build/Debug/.obj/Drivers/STM32F1xx_HAL_Driver/Src/stm32f1xx_hal_rcc.o
                0x080042a8                HAL_RCC_GetPCLK2Freq
 .text.SD_PowerON
                0x080042c8       0xc0 ./build/Debug/.obj/Drivers/STM32F1xx_HAL_Driver/Src/stm32f1xx_hal_sd.o
 .text.SD_Read_IT
                0x08004388       0x38 ./build/Debug/.obj/Drivers/STM32F1xx_HAL_Driver/Src/stm32f1xx_hal_sd.o
 .text.SD_Write_IT
                0x080043c0       0x48 ./build/Debug/.obj/Drivers/STM32F1xx_HAL_Driver/Src/stm32f1xx_hal_sd.o
 .text.SD_SendStatus
                0x08004408       0x2c ./build/Debug/.obj/Drivers/STM32F1xx_HAL_Driver/Src/stm32f1xx_hal_sd.o
 .text.HAL_SD_ReadBlocks
                0x08004434      0x248 ./build/Debug/.obj/Drivers/STM32F1xx_HAL_Driver/Src/stm32f1xx_hal_sd.o
                0x08004434                HAL_SD_ReadBlocks
 .text.HAL_SD_WriteBlocks
                0x0800467c      0x204 ./build/Debug/.obj/Drivers/STM32F1xx_HAL_Driver/Src/stm32f1xx_hal_sd.o
                0x0800467c                HAL_SD_WriteBlocks
 .text.HAL_SD_ErrorCallback
                0x08004880        0x2 ./build/Debug/.obj/Drivers/STM32F1xx_HAL_Driver/Src/stm32f1xx_hal_sd.o
                0x08004880                HAL_SD_ErrorCallback
 *fill*         0x08004882        0x2 
 .text.HAL_SD_GetCardCSD
                0x08004884      0x1b8 ./build/Debug/.obj/Drivers/STM32F1xx_HAL_Driver/Src/stm32f1xx_hal_sd.o
                0x08004884                HAL_SD_GetCardCSD
 .text.SD_InitCard
                0x08004a3c      0x100 ./build/Debug/.obj/Drivers/STM32F1xx_HAL_Driver/Src/stm32f1xx_hal_sd.o
 .text.HAL_SD_InitCard
                0x08004b3c       0xa8 ./build/Debug/.obj/Drivers/STM32F1xx_HAL_Driver/Src/stm32f1xx_hal_sd.o
                0x08004b3c                HAL_SD_InitCard
 .text.HAL_SD_Init
                0x08004be4       0x36 ./build/Debug/.obj/Drivers/STM32F1xx_HAL_Driver/Src/stm32f1xx_hal_sd.o
                0x08004be4                HAL_SD_Init
 .text.HAL_SD_GetCardInfo
                0x08004c1a       0x24 ./build/Debug/.obj/Drivers/STM32F1xx_HAL_Driver/Src/stm32f1xx_hal_sd.o
                0x08004c1a                HAL_SD_GetCardInfo
 .text.HAL_SD_GetCardState
                0x08004c3e       0x22 ./build/Debug/.obj/Drivers/STM32F1xx_HAL_Driver/Src/stm32f1xx_hal_sd.o
                0x08004c3e                HAL_SD_GetCardState
 .text.SD_DMATxAbort
                0x08004c60       0x44 ./build/Debug/.obj/Drivers/STM32F1xx_HAL_Driver/Src/stm32f1xx_hal_sd.o
 .text.SD_DMARxAbort
                0x08004ca4       0x44 ./build/Debug/.obj/Drivers/STM32F1xx_HAL_Driver/Src/stm32f1xx_hal_sd.o
 .text.HAL_SD_IRQHandler
                0x08004ce8      0x1cc ./build/Debug/.obj/Drivers/STM32F1xx_HAL_Driver/Src/stm32f1xx_hal_sd.o
                0x08004ce8                HAL_SD_IRQHandler
 .text.HAL_SPI_Init
                0x08004eb4       0xb6 ./build/Debug/.obj/Drivers/STM32F1xx_HAL_Driver/Src/stm32f1xx_hal_spi.o
                0x08004eb4                HAL_SPI_Init
 .text.HAL_SRAM_Init
                0x08004f6a       0x64 ./build/Debug/.obj/Drivers/STM32F1xx_HAL_Driver/Src/stm32f1xx_hal_sram.o
                0x08004f6a                HAL_SRAM_Init
 *fill*         0x08004fce        0x2 
 .text.TIM_OC1_SetConfig
                0x08004fd0       0x68 ./build/Debug/.obj/Drivers/STM32F1xx_HAL_Driver/Src/stm32f1xx_hal_tim.o
 .text.TIM_OC3_SetConfig
                0x08005038       0x70 ./build/Debug/.obj/Drivers/STM32F1xx_HAL_Driver/Src/stm32f1xx_hal_tim.o
 .text.TIM_OC4_SetConfig
                0x080050a8       0x50 ./build/Debug/.obj/Drivers/STM32F1xx_HAL_Driver/Src/stm32f1xx_hal_tim.o
 .text.TIM_TI1_ConfigInputStage
                0x080050f8       0x24 ./build/Debug/.obj/Drivers/STM32F1xx_HAL_Driver/Src/stm32f1xx_hal_tim.o
 .text.TIM_TI2_ConfigInputStage
                0x0800511c       0x26 ./build/Debug/.obj/Drivers/STM32F1xx_HAL_Driver/Src/stm32f1xx_hal_tim.o
 .text.TIM_ITRx_SetConfig
                0x08005142       0x10 ./build/Debug/.obj/Drivers/STM32F1xx_HAL_Driver/Src/stm32f1xx_hal_tim.o
 .text.HAL_TIM_PWM_MspInit
                0x08005152        0x2 ./build/Debug/.obj/Drivers/STM32F1xx_HAL_Driver/Src/stm32f1xx_hal_tim.o
                0x08005152                HAL_TIM_PWM_MspInit
 .text.TIM_Base_SetConfig
                0x08005154       0x98 ./build/Debug/.obj/Drivers/STM32F1xx_HAL_Driver/Src/stm32f1xx_hal_tim.o
                0x08005154                TIM_Base_SetConfig
 .text.HAL_TIM_Base_Init
                0x080051ec       0x58 ./build/Debug/.obj/Drivers/STM32F1xx_HAL_Driver/Src/stm32f1xx_hal_tim.o
                0x080051ec                HAL_TIM_Base_Init
 .text.HAL_TIM_PWM_Init
                0x08005244       0x58 ./build/Debug/.obj/Drivers/STM32F1xx_HAL_Driver/Src/stm32f1xx_hal_tim.o
                0x08005244                HAL_TIM_PWM_Init
 .text.TIM_OC2_SetConfig
                0x0800529c       0x70 ./build/Debug/.obj/Drivers/STM32F1xx_HAL_Driver/Src/stm32f1xx_hal_tim.o
                0x0800529c                TIM_OC2_SetConfig
 .text.HAL_TIM_PWM_ConfigChannel
                0x0800530c       0xdc ./build/Debug/.obj/Drivers/STM32F1xx_HAL_Driver/Src/stm32f1xx_hal_tim.o
                0x0800530c                HAL_TIM_PWM_ConfigChannel
 .text.TIM_ETR_SetConfig
                0x080053e8       0x18 ./build/Debug/.obj/Drivers/STM32F1xx_HAL_Driver/Src/stm32f1xx_hal_tim.o
                0x080053e8                TIM_ETR_SetConfig
 .text.HAL_TIM_ConfigClockSource
                0x08005400       0xfe ./build/Debug/.obj/Drivers/STM32F1xx_HAL_Driver/Src/stm32f1xx_hal_tim.o
                0x08005400                HAL_TIM_ConfigClockSource
 *fill*         0x080054fe        0x2 
 .text.HAL_TIMEx_MasterConfigSynchronization
                0x08005500       0x7c ./build/Debug/.obj/Drivers/STM32F1xx_HAL_Driver/Src/stm32f1xx_hal_tim_ex.o
                0x08005500                HAL_TIMEx_MasterConfigSynchronization
 .text.UART_SetConfig
                0x0800557c       0x94 ./build/Debug/.obj/Drivers/STM32F1xx_HAL_Driver/Src/stm32f1xx_hal_uart.o
 .text.UART_WaitOnFlagUntilTimeout
                0x08005610       0x88 ./build/Debug/.obj/Drivers/STM32F1xx_HAL_Driver/Src/stm32f1xx_hal_uart.o
 .text.HAL_UART_Init
                0x08005698       0x60 ./build/Debug/.obj/Drivers/STM32F1xx_HAL_Driver/Src/stm32f1xx_hal_uart.o
                0x08005698                HAL_UART_Init
 .text.HAL_UART_Transmit
                0x080056f8       0xbe ./build/Debug/.obj/Drivers/STM32F1xx_HAL_Driver/Src/stm32f1xx_hal_uart.o
                0x080056f8                HAL_UART_Transmit
 *fill*         0x080057b6        0x2 
 .text.FSMC_NORSRAM_Init
                0x080057b8       0x68 ./build/Debug/.obj/Drivers/STM32F1xx_HAL_Driver/Src/stm32f1xx_ll_fsmc.o
                0x080057b8                FSMC_NORSRAM_Init
 .text.FSMC_NORSRAM_Timing_Init
                0x08005820       0x50 ./build/Debug/.obj/Drivers/STM32F1xx_HAL_Driver/Src/stm32f1xx_ll_fsmc.o
                0x08005820                FSMC_NORSRAM_Timing_Init
 .text.FSMC_NORSRAM_Extended_Timing_Init
                0x08005870       0x44 ./build/Debug/.obj/Drivers/STM32F1xx_HAL_Driver/Src/stm32f1xx_ll_fsmc.o
                0x08005870                FSMC_NORSRAM_Extended_Timing_Init
 .text.SDMMC_GetCmdError
                0x080058b4       0x38 ./build/Debug/.obj/Drivers/STM32F1xx_HAL_Driver/Src/stm32f1xx_ll_sdmmc.o
 .text.SDIO_Init
                0x080058ec       0x32 ./build/Debug/.obj/Drivers/STM32F1xx_HAL_Driver/Src/stm32f1xx_ll_sdmmc.o
                0x080058ec                SDIO_Init
 .text.SDIO_ReadFIFO
                0x0800591e        0x6 ./build/Debug/.obj/Drivers/STM32F1xx_HAL_Driver/Src/stm32f1xx_ll_sdmmc.o
                0x0800591e                SDIO_ReadFIFO
 .text.SDIO_WriteFIFO
                0x08005924        0xa ./build/Debug/.obj/Drivers/STM32F1xx_HAL_Driver/Src/stm32f1xx_ll_sdmmc.o
                0x08005924                SDIO_WriteFIFO
 .text.SDIO_PowerState_ON
                0x0800592e        0x8 ./build/Debug/.obj/Drivers/STM32F1xx_HAL_Driver/Src/stm32f1xx_ll_sdmmc.o
                0x0800592e                SDIO_PowerState_ON
 .text.SDIO_GetPowerState
                0x08005936        0x8 ./build/Debug/.obj/Drivers/STM32F1xx_HAL_Driver/Src/stm32f1xx_ll_sdmmc.o
                0x08005936                SDIO_GetPowerState
 .text.SDIO_SendCommand
                0x0800593e       0x24 ./build/Debug/.obj/Drivers/STM32F1xx_HAL_Driver/Src/stm32f1xx_ll_sdmmc.o
                0x0800593e                SDIO_SendCommand
 .text.SDIO_GetCommandResponse
                0x08005962        0x6 ./build/Debug/.obj/Drivers/STM32F1xx_HAL_Driver/Src/stm32f1xx_ll_sdmmc.o
                0x08005962                SDIO_GetCommandResponse
 .text.SDIO_GetResponse
                0x08005968        0x6 ./build/Debug/.obj/Drivers/STM32F1xx_HAL_Driver/Src/stm32f1xx_ll_sdmmc.o
                0x08005968                SDIO_GetResponse
 .text.SDIO_ConfigData
                0x0800596e       0x24 ./build/Debug/.obj/Drivers/STM32F1xx_HAL_Driver/Src/stm32f1xx_ll_sdmmc.o
                0x0800596e                SDIO_ConfigData
 .text.SDMMC_CmdGoIdleState
                0x08005992       0x26 ./build/Debug/.obj/Drivers/STM32F1xx_HAL_Driver/Src/stm32f1xx_ll_sdmmc.o
                0x08005992                SDMMC_CmdGoIdleState
 .text.SDMMC_GetCmdResp1
                0x080059b8      0x154 ./build/Debug/.obj/Drivers/STM32F1xx_HAL_Driver/Src/stm32f1xx_ll_sdmmc.o
                0x080059b8                SDMMC_GetCmdResp1
 .text.SDMMC_CmdBlockLength
                0x08005b0c       0x30 ./build/Debug/.obj/Drivers/STM32F1xx_HAL_Driver/Src/stm32f1xx_ll_sdmmc.o
                0x08005b0c                SDMMC_CmdBlockLength
 .text.SDMMC_CmdReadSingleBlock
                0x08005b3c       0x30 ./build/Debug/.obj/Drivers/STM32F1xx_HAL_Driver/Src/stm32f1xx_ll_sdmmc.o
                0x08005b3c                SDMMC_CmdReadSingleBlock
 .text.SDMMC_CmdReadMultiBlock
                0x08005b6c       0x30 ./build/Debug/.obj/Drivers/STM32F1xx_HAL_Driver/Src/stm32f1xx_ll_sdmmc.o
                0x08005b6c                SDMMC_CmdReadMultiBlock
 .text.SDMMC_CmdWriteSingleBlock
                0x08005b9c       0x30 ./build/Debug/.obj/Drivers/STM32F1xx_HAL_Driver/Src/stm32f1xx_ll_sdmmc.o
                0x08005b9c                SDMMC_CmdWriteSingleBlock
 .text.SDMMC_CmdWriteMultiBlock
                0x08005bcc       0x30 ./build/Debug/.obj/Drivers/STM32F1xx_HAL_Driver/Src/stm32f1xx_ll_sdmmc.o
                0x08005bcc                SDMMC_CmdWriteMultiBlock
 .text.SDMMC_CmdStopTransfer
                0x08005bfc       0x34 ./build/Debug/.obj/Drivers/STM32F1xx_HAL_Driver/Src/stm32f1xx_ll_sdmmc.o
                0x08005bfc                SDMMC_CmdStopTransfer
 .text.SDMMC_CmdSelDesel
                0x08005c30       0x30 ./build/Debug/.obj/Drivers/STM32F1xx_HAL_Driver/Src/stm32f1xx_ll_sdmmc.o
                0x08005c30                SDMMC_CmdSelDesel
 .text.SDMMC_CmdAppCommand
                0x08005c60       0x30 ./build/Debug/.obj/Drivers/STM32F1xx_HAL_Driver/Src/stm32f1xx_ll_sdmmc.o
                0x08005c60                SDMMC_CmdAppCommand
 .text.SDMMC_CmdSendStatus
                0x08005c90       0x30 ./build/Debug/.obj/Drivers/STM32F1xx_HAL_Driver/Src/stm32f1xx_ll_sdmmc.o
                0x08005c90                SDMMC_CmdSendStatus
 .text.SDMMC_GetCmdResp2
                0x08005cc0       0x5c ./build/Debug/.obj/Drivers/STM32F1xx_HAL_Driver/Src/stm32f1xx_ll_sdmmc.o
                0x08005cc0                SDMMC_GetCmdResp2
 .text.SDMMC_CmdSendCID
                0x08005d1c       0x2a ./build/Debug/.obj/Drivers/STM32F1xx_HAL_Driver/Src/stm32f1xx_ll_sdmmc.o
                0x08005d1c                SDMMC_CmdSendCID
 .text.SDMMC_CmdSendCSD
                0x08005d46       0x2a ./build/Debug/.obj/Drivers/STM32F1xx_HAL_Driver/Src/stm32f1xx_ll_sdmmc.o
                0x08005d46                SDMMC_CmdSendCSD
 .text.SDMMC_GetCmdResp3
                0x08005d70       0x4c ./build/Debug/.obj/Drivers/STM32F1xx_HAL_Driver/Src/stm32f1xx_ll_sdmmc.o
                0x08005d70                SDMMC_GetCmdResp3
 .text.SDMMC_CmdAppOperCommand
                0x08005dbc       0x32 ./build/Debug/.obj/Drivers/STM32F1xx_HAL_Driver/Src/stm32f1xx_ll_sdmmc.o
                0x08005dbc                SDMMC_CmdAppOperCommand
 *fill*         0x08005dee        0x2 
 .text.SDMMC_GetCmdResp6
                0x08005df0       0xa0 ./build/Debug/.obj/Drivers/STM32F1xx_HAL_Driver/Src/stm32f1xx_ll_sdmmc.o
                0x08005df0                SDMMC_GetCmdResp6
 .text.SDMMC_CmdSetRelAdd
                0x08005e90       0x30 ./build/Debug/.obj/Drivers/STM32F1xx_HAL_Driver/Src/stm32f1xx_ll_sdmmc.o
                0x08005e90                SDMMC_CmdSetRelAdd
 .text.SDMMC_GetCmdResp7
                0x08005ec0       0x64 ./build/Debug/.obj/Drivers/STM32F1xx_HAL_Driver/Src/stm32f1xx_ll_sdmmc.o
                0x08005ec0                SDMMC_GetCmdResp7
 .text.SDMMC_CmdOperCond
                0x08005f24       0x2e ./build/Debug/.obj/Drivers/STM32F1xx_HAL_Driver/Src/stm32f1xx_ll_sdmmc.o
                0x08005f24                SDMMC_CmdOperCond
 *fill*         0x08005f52        0x2 
 .text.MX_FATFS_Init
                0x08005f54       0x1c ./build/Debug/.obj/FATFS/App/fatfs.o
                0x08005f54                MX_FATFS_Init
 .text.get_fattime
                0x08005f70        0x4 ./build/Debug/.obj/FATFS/App/fatfs.o
                0x08005f70                get_fattime
 .text.BSP_SD_ReadBlocks
                0x08005f74       0x20 ./build/Debug/.obj/FATFS/Target/bsp_driver_sd.o
                0x08005f74                BSP_SD_ReadBlocks
 .text.BSP_SD_WriteBlocks
                0x08005f94       0x20 ./build/Debug/.obj/FATFS/Target/bsp_driver_sd.o
                0x08005f94                BSP_SD_WriteBlocks
 .text.BSP_SD_GetCardState
                0x08005fb4       0x14 ./build/Debug/.obj/FATFS/Target/bsp_driver_sd.o
                0x08005fb4                BSP_SD_GetCardState
 .text.BSP_SD_GetCardInfo
                0x08005fc8       0x10 ./build/Debug/.obj/FATFS/Target/bsp_driver_sd.o
                0x08005fc8                BSP_SD_GetCardInfo
 .text.BSP_SD_AbortCallback
                0x08005fd8        0x2 ./build/Debug/.obj/FATFS/Target/bsp_driver_sd.o
                0x08005fd8                BSP_SD_AbortCallback
 .text.HAL_SD_AbortCallback
                0x08005fda        0x8 ./build/Debug/.obj/FATFS/Target/bsp_driver_sd.o
                0x08005fda                HAL_SD_AbortCallback
 .text.BSP_SD_WriteCpltCallback
                0x08005fe2        0x2 ./build/Debug/.obj/FATFS/Target/bsp_driver_sd.o
                0x08005fe2                BSP_SD_WriteCpltCallback
 .text.HAL_SD_TxCpltCallback
                0x08005fe4        0x8 ./build/Debug/.obj/FATFS/Target/bsp_driver_sd.o
                0x08005fe4                HAL_SD_TxCpltCallback
 .text.BSP_SD_ReadCpltCallback
                0x08005fec        0x2 ./build/Debug/.obj/FATFS/Target/bsp_driver_sd.o
                0x08005fec                BSP_SD_ReadCpltCallback
 .text.HAL_SD_RxCpltCallback
                0x08005fee        0x8 ./build/Debug/.obj/FATFS/Target/bsp_driver_sd.o
                0x08005fee                HAL_SD_RxCpltCallback
 .text.BSP_SD_IsDetected
                0x08005ff6       0x20 ./build/Debug/.obj/FATFS/Target/bsp_driver_sd.o
                0x08005ff6                BSP_SD_IsDetected
 *fill*         0x08006016        0x2 
 .text.BSP_SD_Init
                0x08006018       0x1c ./build/Debug/.obj/FATFS/Target/bsp_driver_sd.o
                0x08006018                BSP_SD_Init
 .text.BSP_PlatformIsDetected
                0x08006034       0x18 ./build/Debug/.obj/FATFS/Target/fatfs_platform.o
                0x08006034                BSP_PlatformIsDetected
 .text.disk_status
                0x0800604c       0x18 ./build/Debug/.obj/Middlewares/Third_Party/FatFs/src/diskio.o
                0x0800604c                disk_status
 .text.disk_initialize
                0x08006064       0x28 ./build/Debug/.obj/Middlewares/Third_Party/FatFs/src/diskio.o
                0x08006064                disk_initialize
 .text.disk_read
                0x0800608c       0x18 ./build/Debug/.obj/Middlewares/Third_Party/FatFs/src/diskio.o
                0x0800608c                disk_read
 .text.disk_write
                0x080060a4       0x18 ./build/Debug/.obj/Middlewares/Third_Party/FatFs/src/diskio.o
                0x080060a4                disk_write
 .text.disk_ioctl
                0x080060bc       0x18 ./build/Debug/.obj/Middlewares/Third_Party/FatFs/src/diskio.o
                0x080060bc                disk_ioctl
 .text.SD_initialize
                0x080060d4       0x24 ./build/Debug/.obj/Middlewares/Third_Party/FatFs/src/drivers/sd_diskio.o
                0x080060d4                SD_initialize
 .text.SD_status
                0x080060f8       0x24 ./build/Debug/.obj/Middlewares/Third_Party/FatFs/src/drivers/sd_diskio.o
                0x080060f8                SD_status
 .text.SD_read  0x0800611c       0x38 ./build/Debug/.obj/Middlewares/Third_Party/FatFs/src/drivers/sd_diskio.o
                0x0800611c                SD_read
 .text.SD_write
                0x08006154       0x38 ./build/Debug/.obj/Middlewares/Third_Party/FatFs/src/drivers/sd_diskio.o
                0x08006154                SD_write
 .text.SD_ioctl
                0x0800618c       0x54 ./build/Debug/.obj/Middlewares/Third_Party/FatFs/src/drivers/sd_diskio.o
                0x0800618c                SD_ioctl
 .text.mem_cpy  0x080061e0       0x14 ./build/Debug/.obj/Middlewares/Third_Party/FatFs/src/ff.o
 .text.mem_set  0x080061f4       0x10 ./build/Debug/.obj/Middlewares/Third_Party/FatFs/src/ff.o
 .text.mem_cmp  0x08006204       0x1e ./build/Debug/.obj/Middlewares/Third_Party/FatFs/src/ff.o
 .text.chk_chr  0x08006222       0x10 ./build/Debug/.obj/Middlewares/Third_Party/FatFs/src/ff.o
 .text.clmt_clust
                0x08006232       0x2e ./build/Debug/.obj/Middlewares/Third_Party/FatFs/src/ff.o
 .text.ld_clust
                0x08006260       0x24 ./build/Debug/.obj/Middlewares/Third_Party/FatFs/src/ff.o
 .text.st_clust
                0x08006284       0x14 ./build/Debug/.obj/Middlewares/Third_Party/FatFs/src/ff.o
 .text.create_name
                0x08006298      0x1a0 ./build/Debug/.obj/Middlewares/Third_Party/FatFs/src/ff.o
 .text.get_ldnumber
                0x08006438       0x52 ./build/Debug/.obj/Middlewares/Third_Party/FatFs/src/ff.o
 .text.sync_window
                0x0800648a       0x5e ./build/Debug/.obj/Middlewares/Third_Party/FatFs/src/ff.o
 .text.move_window
                0x080064e8       0x40 ./build/Debug/.obj/Middlewares/Third_Party/FatFs/src/ff.o
 .text.check_fs
                0x08006528       0x90 ./build/Debug/.obj/Middlewares/Third_Party/FatFs/src/ff.o
 .text.validate
                0x080065b8       0x3e ./build/Debug/.obj/Middlewares/Third_Party/FatFs/src/ff.o
 *fill*         0x080065f6        0x2 
 .text.find_volume
                0x080065f8      0x408 ./build/Debug/.obj/Middlewares/Third_Party/FatFs/src/ff.o
 .text.sync_fs  0x08006a00       0xbe ./build/Debug/.obj/Middlewares/Third_Party/FatFs/src/ff.o
 .text.clust2sect
                0x08006abe       0x20 ./build/Debug/.obj/Middlewares/Third_Party/FatFs/src/ff.o
                0x08006abe                clust2sect
 .text.get_fat  0x08006ade      0x122 ./build/Debug/.obj/Middlewares/Third_Party/FatFs/src/ff.o
                0x08006ade                get_fat
 .text.dir_sdi  0x08006c00       0xe2 ./build/Debug/.obj/Middlewares/Third_Party/FatFs/src/ff.o
 .text.put_fat  0x08006ce2      0x15c ./build/Debug/.obj/Middlewares/Third_Party/FatFs/src/ff.o
                0x08006ce2                put_fat
 .text.create_chain
                0x08006e3e       0xd0 ./build/Debug/.obj/Middlewares/Third_Party/FatFs/src/ff.o
 .text.dir_next
                0x08006f0e      0x182 ./build/Debug/.obj/Middlewares/Third_Party/FatFs/src/ff.o
 .text.dir_find
                0x08007090       0x5a ./build/Debug/.obj/Middlewares/Third_Party/FatFs/src/ff.o
 .text.follow_path
                0x080070ea       0xc2 ./build/Debug/.obj/Middlewares/Third_Party/FatFs/src/ff.o
 .text.dir_alloc
                0x080071ac       0x56 ./build/Debug/.obj/Middlewares/Third_Party/FatFs/src/ff.o
 .text.dir_register
                0x08007202       0x48 ./build/Debug/.obj/Middlewares/Third_Party/FatFs/src/ff.o
 .text.remove_chain
                0x0800724a       0x78 ./build/Debug/.obj/Middlewares/Third_Party/FatFs/src/ff.o
 *fill*         0x080072c2        0x2 
 .text.f_mount  0x080072c4       0x5c ./build/Debug/.obj/Middlewares/Third_Party/FatFs/src/ff.o
                0x080072c4                f_mount
 .text.f_open   0x08007320      0x1bc ./build/Debug/.obj/Middlewares/Third_Party/FatFs/src/ff.o
                0x08007320                f_open
 .text.f_read   0x080074dc      0x260 ./build/Debug/.obj/Middlewares/Third_Party/FatFs/src/ff.o
                0x080074dc                f_read
 .text.f_sync   0x0800773c       0xb4 ./build/Debug/.obj/Middlewares/Third_Party/FatFs/src/ff.o
                0x0800773c                f_sync
 .text.f_close  0x080077f0       0x1e ./build/Debug/.obj/Middlewares/Third_Party/FatFs/src/ff.o
                0x080077f0                f_close
 .text.f_lseek  0x0800780e      0x38a ./build/Debug/.obj/Middlewares/Third_Party/FatFs/src/ff.o
                0x0800780e                f_lseek
 .text.FATFS_LinkDriverEx
                0x08007b98       0x54 ./build/Debug/.obj/Middlewares/Third_Party/FatFs/src/ff_gen_drv.o
                0x08007b98                FATFS_LinkDriverEx
 .text.FATFS_LinkDriver
                0x08007bec        0xa ./build/Debug/.obj/Middlewares/Third_Party/FatFs/src/ff_gen_drv.o
                0x08007bec                FATFS_LinkDriver
 *fill*         0x08007bf6        0x2 
 .text.osKernelInitialize
                0x08007bf8       0x44 ./build/Debug/.obj/Middlewares/Third_Party/FreeRTOS/Source/CMSIS_RTOS_V2/cmsis_os2.o
                0x08007bf8                osKernelInitialize
 .text.osKernelStart
                0x08007c3c       0x4c ./build/Debug/.obj/Middlewares/Third_Party/FreeRTOS/Source/CMSIS_RTOS_V2/cmsis_os2.o
                0x08007c3c                osKernelStart
 .text.osThreadNew
                0x08007c88       0xec ./build/Debug/.obj/Middlewares/Third_Party/FreeRTOS/Source/CMSIS_RTOS_V2/cmsis_os2.o
                0x08007c88                osThreadNew
 .text.osDelay  0x08007d74       0x44 ./build/Debug/.obj/Middlewares/Third_Party/FreeRTOS/Source/CMSIS_RTOS_V2/cmsis_os2.o
                0x08007d74                osDelay
 .text.vApplicationGetIdleTaskMemory
                0x08007db8       0x18 ./build/Debug/.obj/Middlewares/Third_Party/FreeRTOS/Source/CMSIS_RTOS_V2/cmsis_os2.o
                0x08007db8                vApplicationGetIdleTaskMemory
 .text.vApplicationGetTimerTaskMemory
                0x08007dd0       0x18 ./build/Debug/.obj/Middlewares/Third_Party/FreeRTOS/Source/CMSIS_RTOS_V2/cmsis_os2.o
                0x08007dd0                vApplicationGetTimerTaskMemory
 .text.vListInitialise
                0x08007de8       0x16 ./build/Debug/.obj/Middlewares/Third_Party/FreeRTOS/Source/list.o
                0x08007de8                vListInitialise
 .text.vListInitialiseItem
                0x08007dfe        0x6 ./build/Debug/.obj/Middlewares/Third_Party/FreeRTOS/Source/list.o
                0x08007dfe                vListInitialiseItem
 .text.vListInsertEnd
                0x08007e04       0x16 ./build/Debug/.obj/Middlewares/Third_Party/FreeRTOS/Source/list.o
                0x08007e04                vListInsertEnd
 .text.vListInsert
                0x08007e1a       0x32 ./build/Debug/.obj/Middlewares/Third_Party/FreeRTOS/Source/list.o
                0x08007e1a                vListInsert
 .text.uxListRemove
                0x08007e4c       0x26 ./build/Debug/.obj/Middlewares/Third_Party/FreeRTOS/Source/list.o
                0x08007e4c                uxListRemove
 *fill*         0x08007e72        0x2 
 .text.prvTaskExitError
                0x08007e74       0x40 ./build/Debug/.obj/Middlewares/Third_Party/FreeRTOS/Source/portable/GCC/ARM_CM3/port.o
 .text.prvPortStartFirstTask
                0x08007eb4       0x20 ./build/Debug/.obj/Middlewares/Third_Party/FreeRTOS/Source/portable/GCC/ARM_CM3/port.o
 .text.pxPortInitialiseStack
                0x08007ed4       0x24 ./build/Debug/.obj/Middlewares/Third_Party/FreeRTOS/Source/portable/GCC/ARM_CM3/port.o
                0x08007ed4                pxPortInitialiseStack
 *fill*         0x08007ef8        0x8 
 .text.SVC_Handler
                0x08007f00       0x24 ./build/Debug/.obj/Middlewares/Third_Party/FreeRTOS/Source/portable/GCC/ARM_CM3/port.o
                0x08007f00                SVC_Handler
 .text.vPortEnterCritical
                0x08007f24       0x44 ./build/Debug/.obj/Middlewares/Third_Party/FreeRTOS/Source/portable/GCC/ARM_CM3/port.o
                0x08007f24                vPortEnterCritical
 .text.vPortExitCritical
                0x08007f68       0x2c ./build/Debug/.obj/Middlewares/Third_Party/FreeRTOS/Source/portable/GCC/ARM_CM3/port.o
                0x08007f68                vPortExitCritical
 *fill*         0x08007f94        0xc 
 .text.PendSV_Handler
                0x08007fa0       0x44 ./build/Debug/.obj/Middlewares/Third_Party/FreeRTOS/Source/portable/GCC/ARM_CM3/port.o
                0x08007fa0                PendSV_Handler
 .text.xPortSysTickHandler
                0x08007fe4       0x2c ./build/Debug/.obj/Middlewares/Third_Party/FreeRTOS/Source/portable/GCC/ARM_CM3/port.o
                0x08007fe4                xPortSysTickHandler
 .text.vPortSetupTimerInterrupt
                0x08008010       0x28 ./build/Debug/.obj/Middlewares/Third_Party/FreeRTOS/Source/portable/GCC/ARM_CM3/port.o
                0x08008010                vPortSetupTimerInterrupt
 .text.xPortStartScheduler
                0x08008038       0xc0 ./build/Debug/.obj/Middlewares/Third_Party/FreeRTOS/Source/portable/GCC/ARM_CM3/port.o
                0x08008038                xPortStartScheduler
 .text.vPortValidateInterruptPriority
                0x080080f8       0x5c ./build/Debug/.obj/Middlewares/Third_Party/FreeRTOS/Source/portable/GCC/ARM_CM3/port.o
                0x080080f8                vPortValidateInterruptPriority
 .text.prvHeapInit
                0x08008154       0x68 ./build/Debug/.obj/Middlewares/Third_Party/FreeRTOS/Source/portable/MemMang/heap_4.o
 .text.prvInsertBlockIntoFreeList
                0x080081bc       0x60 ./build/Debug/.obj/Middlewares/Third_Party/FreeRTOS/Source/portable/MemMang/heap_4.o
 .text.pvPortMalloc
                0x0800821c       0xf0 ./build/Debug/.obj/Middlewares/Third_Party/FreeRTOS/Source/portable/MemMang/heap_4.o
                0x0800821c                pvPortMalloc
 .text.vPortFree
                0x0800830c       0x70 ./build/Debug/.obj/Middlewares/Third_Party/FreeRTOS/Source/portable/MemMang/heap_4.o
                0x0800830c                vPortFree
 .text.prvIsQueueFull
                0x0800837c       0x1e ./build/Debug/.obj/Middlewares/Third_Party/FreeRTOS/Source/queue.o
 .text.prvIsQueueEmpty
                0x0800839a       0x1a ./build/Debug/.obj/Middlewares/Third_Party/FreeRTOS/Source/queue.o
 .text.prvCopyDataToQueue
                0x080083b4       0x76 ./build/Debug/.obj/Middlewares/Third_Party/FreeRTOS/Source/queue.o
 .text.prvCopyDataFromQueue
                0x0800842a       0x24 ./build/Debug/.obj/Middlewares/Third_Party/FreeRTOS/Source/queue.o
 .text.prvUnlockQueue
                0x0800844e       0x6e ./build/Debug/.obj/Middlewares/Third_Party/FreeRTOS/Source/queue.o
 .text.xQueueGenericReset
                0x080084bc       0x84 ./build/Debug/.obj/Middlewares/Third_Party/FreeRTOS/Source/queue.o
                0x080084bc                xQueueGenericReset
 .text.prvInitialiseNewQueue
                0x08008540       0x22 ./build/Debug/.obj/Middlewares/Third_Party/FreeRTOS/Source/queue.o
 .text.xQueueGenericCreateStatic
                0x08008562       0x92 ./build/Debug/.obj/Middlewares/Third_Party/FreeRTOS/Source/queue.o
                0x08008562                xQueueGenericCreateStatic
 .text.xQueueGenericCreate
                0x080085f4       0x4e ./build/Debug/.obj/Middlewares/Third_Party/FreeRTOS/Source/queue.o
                0x080085f4                xQueueGenericCreate
 .text.xQueueGenericSend
                0x08008642      0x188 ./build/Debug/.obj/Middlewares/Third_Party/FreeRTOS/Source/queue.o
                0x08008642                xQueueGenericSend
 .text.xQueueGenericSendFromISR
                0x080087ca       0xcc ./build/Debug/.obj/Middlewares/Third_Party/FreeRTOS/Source/queue.o
                0x080087ca                xQueueGenericSendFromISR
 .text.xQueueReceive
                0x08008896      0x15e ./build/Debug/.obj/Middlewares/Third_Party/FreeRTOS/Source/queue.o
                0x08008896                xQueueReceive
 .text.vQueueAddToRegistry
                0x080089f4       0x28 ./build/Debug/.obj/Middlewares/Third_Party/FreeRTOS/Source/queue.o
                0x080089f4                vQueueAddToRegistry
 .text.vQueueWaitForMessageRestricted
                0x08008a1c       0x52 ./build/Debug/.obj/Middlewares/Third_Party/FreeRTOS/Source/queue.o
                0x08008a1c                vQueueWaitForMessageRestricted
 *fill*         0x08008a6e        0x2 
 .text.prvResetNextTaskUnblockTime
                0x08008a70       0x2c ./build/Debug/.obj/Middlewares/Third_Party/FreeRTOS/Source/tasks.o
 .text.prvInitialiseNewTask
                0x08008a9c       0x9c ./build/Debug/.obj/Middlewares/Third_Party/FreeRTOS/Source/tasks.o
 .text.prvInitialiseTaskLists
                0x08008b38       0x68 ./build/Debug/.obj/Middlewares/Third_Party/FreeRTOS/Source/tasks.o
 .text.prvAddNewTaskToReadyList
                0x08008ba0       0xac ./build/Debug/.obj/Middlewares/Third_Party/FreeRTOS/Source/tasks.o
 .text.prvDeleteTCB
                0x08008c4c       0x38 ./build/Debug/.obj/Middlewares/Third_Party/FreeRTOS/Source/tasks.o
 .text.prvCheckTasksWaitingTermination
                0x08008c84       0x4c ./build/Debug/.obj/Middlewares/Third_Party/FreeRTOS/Source/tasks.o
 .text.prvIdleTask
                0x08008cd0       0x28 ./build/Debug/.obj/Middlewares/Third_Party/FreeRTOS/Source/tasks.o
 .text.prvAddCurrentTaskToDelayedList
                0x08008cf8       0x7c ./build/Debug/.obj/Middlewares/Third_Party/FreeRTOS/Source/tasks.o
 .text.xTaskCreateStatic
                0x08008d74       0x74 ./build/Debug/.obj/Middlewares/Third_Party/FreeRTOS/Source/tasks.o
                0x08008d74                xTaskCreateStatic
 .text.xTaskCreate
                0x08008de8       0x68 ./build/Debug/.obj/Middlewares/Third_Party/FreeRTOS/Source/tasks.o
                0x08008de8                xTaskCreate
 .text.vTaskStartScheduler
                0x08008e50       0x9c ./build/Debug/.obj/Middlewares/Third_Party/FreeRTOS/Source/tasks.o
                0x08008e50                vTaskStartScheduler
 .text.vTaskSuspendAll
                0x08008eec       0x10 ./build/Debug/.obj/Middlewares/Third_Party/FreeRTOS/Source/tasks.o
                0x08008eec                vTaskSuspendAll
 .text.xTaskGetTickCount
                0x08008efc        0xc ./build/Debug/.obj/Middlewares/Third_Party/FreeRTOS/Source/tasks.o
                0x08008efc                xTaskGetTickCount
 .text.xTaskIncrementTick
                0x08008f08      0x118 ./build/Debug/.obj/Middlewares/Third_Party/FreeRTOS/Source/tasks.o
                0x08008f08                xTaskIncrementTick
 .text.xTaskResumeAll
                0x08009020       0xf8 ./build/Debug/.obj/Middlewares/Third_Party/FreeRTOS/Source/tasks.o
                0x08009020                xTaskResumeAll
 .text.vTaskDelay
                0x08009118       0x4c ./build/Debug/.obj/Middlewares/Third_Party/FreeRTOS/Source/tasks.o
                0x08009118                vTaskDelay
 .text.vTaskSwitchContext
                0x08009164       0x94 ./build/Debug/.obj/Middlewares/Third_Party/FreeRTOS/Source/tasks.o
                0x08009164                vTaskSwitchContext
 .text.vTaskPlaceOnEventList
                0x080091f8       0x30 ./build/Debug/.obj/Middlewares/Third_Party/FreeRTOS/Source/tasks.o
                0x080091f8                vTaskPlaceOnEventList
 .text.vTaskPlaceOnEventListRestricted
                0x08009228       0x38 ./build/Debug/.obj/Middlewares/Third_Party/FreeRTOS/Source/tasks.o
                0x08009228                vTaskPlaceOnEventListRestricted
 .text.xTaskRemoveFromEventList
                0x08009260       0x8c ./build/Debug/.obj/Middlewares/Third_Party/FreeRTOS/Source/tasks.o
                0x08009260                xTaskRemoveFromEventList
 .text.vTaskInternalSetTimeOutState
                0x080092ec       0x18 ./build/Debug/.obj/Middlewares/Third_Party/FreeRTOS/Source/tasks.o
                0x080092ec                vTaskInternalSetTimeOutState
 .text.xTaskCheckForTimeOut
                0x08009304       0x84 ./build/Debug/.obj/Middlewares/Third_Party/FreeRTOS/Source/tasks.o
                0x08009304                xTaskCheckForTimeOut
 .text.vTaskMissedYield
                0x08009388        0xc ./build/Debug/.obj/Middlewares/Third_Party/FreeRTOS/Source/tasks.o
                0x08009388                vTaskMissedYield
 .text.xTaskGetSchedulerState
                0x08009394       0x20 ./build/Debug/.obj/Middlewares/Third_Party/FreeRTOS/Source/tasks.o
                0x08009394                xTaskGetSchedulerState
 .text.xTaskPriorityDisinherit
                0x080093b4       0x90 ./build/Debug/.obj/Middlewares/Third_Party/FreeRTOS/Source/tasks.o
                0x080093b4                xTaskPriorityDisinherit
 .text.prvGetNextExpireTime
                0x08009444       0x20 ./build/Debug/.obj/Middlewares/Third_Party/FreeRTOS/Source/timers.o
 .text.prvInsertTimerInActiveList
                0x08009464       0x48 ./build/Debug/.obj/Middlewares/Third_Party/FreeRTOS/Source/timers.o
 .text.prvCheckForValidListAndQueue
                0x080094ac       0x70 ./build/Debug/.obj/Middlewares/Third_Party/FreeRTOS/Source/timers.o
 .text.xTimerCreateTimerTask
                0x0800951c       0x64 ./build/Debug/.obj/Middlewares/Third_Party/FreeRTOS/Source/timers.o
                0x0800951c                xTimerCreateTimerTask
 .text.xTimerGenericCommand
                0x08009580       0x6c ./build/Debug/.obj/Middlewares/Third_Party/FreeRTOS/Source/timers.o
                0x08009580                xTimerGenericCommand
 .text.prvSwitchTimerLists
                0x080095ec       0x78 ./build/Debug/.obj/Middlewares/Third_Party/FreeRTOS/Source/timers.o
 .text.prvSampleTimeNow
                0x08009664       0x2c ./build/Debug/.obj/Middlewares/Third_Party/FreeRTOS/Source/timers.o
 .text.prvProcessExpiredTimer
                0x08009690       0x60 ./build/Debug/.obj/Middlewares/Third_Party/FreeRTOS/Source/timers.o
 .text.prvProcessTimerOrBlockTask
                0x080096f0       0x74 ./build/Debug/.obj/Middlewares/Third_Party/FreeRTOS/Source/timers.o
 .text.prvProcessReceivedCommands
                0x08009764       0xf8 ./build/Debug/.obj/Middlewares/Third_Party/FreeRTOS/Source/timers.o
 .text.prvTimerTask
                0x0800985c       0x16 ./build/Debug/.obj/Middlewares/Third_Party/FreeRTOS/Source/timers.o
 *fill*         0x08009872        0x2 
 .text.Reset_Handler
                0x08009874       0x48 ./build/Debug/.obj/startup_stm32f103xe.o
                0x08009874                Reset_Handler
 .text.Default_Handler
                0x080098bc        0x2 ./build/Debug/.obj/startup_stm32f103xe.o
                0x080098bc                RTC_Alarm_IRQHandler
                0x080098bc                EXTI2_IRQHandler
                0x080098bc                TIM8_TRG_COM_IRQHandler
                0x080098bc                TIM8_CC_IRQHandler
                0x080098bc                TIM1_CC_IRQHandler
                0x080098bc                TIM6_IRQHandler
                0x080098bc                PVD_IRQHandler
                0x080098bc                EXTI3_IRQHandler
                0x080098bc                EXTI0_IRQHandler
                0x080098bc                I2C2_EV_IRQHandler
                0x080098bc                ADC1_2_IRQHandler
                0x080098bc                SPI1_IRQHandler
                0x080098bc                TAMPER_IRQHandler
                0x080098bc                TIM8_UP_IRQHandler
                0x080098bc                DMA2_Channel2_IRQHandler
                0x080098bc                DMA1_Channel4_IRQHandler
                0x080098bc                USART3_IRQHandler
                0x080098bc                RTC_IRQHandler
                0x080098bc                DMA1_Channel7_IRQHandler
                0x080098bc                CAN1_RX1_IRQHandler
                0x080098bc                UART5_IRQHandler
                0x080098bc                ADC3_IRQHandler
                0x080098bc                TIM4_IRQHandler
                0x080098bc                DMA2_Channel1_IRQHandler
                0x080098bc                I2C1_EV_IRQHandler
                0x080098bc                DMA1_Channel6_IRQHandler
                0x080098bc                UART4_IRQHandler
                0x080098bc                TIM3_IRQHandler
                0x080098bc                RCC_IRQHandler
                0x080098bc                TIM1_TRG_COM_IRQHandler
                0x080098bc                DMA1_Channel1_IRQHandler
                0x080098bc                Default_Handler
                0x080098bc                EXTI15_10_IRQHandler
                0x080098bc                TIM7_IRQHandler
                0x080098bc                TIM5_IRQHandler
                0x080098bc                EXTI9_5_IRQHandler
                0x080098bc                SPI2_IRQHandler
                0x080098bc                DMA1_Channel5_IRQHandler
                0x080098bc                EXTI4_IRQHandler
                0x080098bc                USB_LP_CAN1_RX0_IRQHandler
                0x080098bc                USB_HP_CAN1_TX_IRQHandler
                0x080098bc                DMA1_Channel3_IRQHandler
                0x080098bc                FSMC_IRQHandler
                0x080098bc                TIM1_UP_IRQHandler
                0x080098bc                WWDG_IRQHandler
                0x080098bc                TIM2_IRQHandler
                0x080098bc                TIM1_BRK_IRQHandler
                0x080098bc                EXTI1_IRQHandler
                0x080098bc                USART2_IRQHandler
                0x080098bc                I2C2_ER_IRQHandler
                0x080098bc                DMA1_Channel2_IRQHandler
                0x080098bc                TIM8_BRK_IRQHandler
                0x080098bc                CAN1_SCE_IRQHandler
                0x080098bc                FLASH_IRQHandler
                0x080098bc                USART1_IRQHandler
                0x080098bc                SPI3_IRQHandler
                0x080098bc                I2C1_ER_IRQHandler
                0x080098bc                USBWakeUp_IRQHandler
                0x080098bc                DMA2_Channel3_IRQHandler
 *fill*         0x080098be        0x2 
 .text.__errno  0x080098c0        0xc c:/users/25223/.eide/tools/gcc_arm/bin/../lib/gcc/arm-none-eabi/10.2.1/../../../../arm-none-eabi/lib/thumb/v7-m/nofp\libc_nano.a(lib_a-errno.o)
                0x080098c0                __errno
 .text.__libc_init_array
                0x080098cc       0x48 c:/users/25223/.eide/tools/gcc_arm/bin/../lib/gcc/arm-none-eabi/10.2.1/../../../../arm-none-eabi/lib/thumb/v7-m/nofp\libc_nano.a(lib_a-init.o)
                0x080098cc                __libc_init_array
 .text.memcpy   0x08009914       0x1c c:/users/25223/.eide/tools/gcc_arm/bin/../lib/gcc/arm-none-eabi/10.2.1/../../../../arm-none-eabi/lib/thumb/v7-m/nofp\libc_nano.a(lib_a-memcpy-stub.o)
                0x08009914                memcpy
 .text.memset   0x08009930       0x10 c:/users/25223/.eide/tools/gcc_arm/bin/../lib/gcc/arm-none-eabi/10.2.1/../../../../arm-none-eabi/lib/thumb/v7-m/nofp\libc_nano.a(lib_a-memset.o)
                0x08009930                memset
 .text.sprintf  0x08009940       0x40 c:/users/25223/.eide/tools/gcc_arm/bin/../lib/gcc/arm-none-eabi/10.2.1/../../../../arm-none-eabi/lib/thumb/v7-m/nofp\libc_nano.a(lib_a-sprintf.o)
                0x08009940                siprintf
                0x08009940                sprintf
 .text.__retarget_lock_acquire_recursive
                0x08009980        0x2 c:/users/25223/.eide/tools/gcc_arm/bin/../lib/gcc/arm-none-eabi/10.2.1/../../../../arm-none-eabi/lib/thumb/v7-m/nofp\libc_nano.a(lib_a-lock.o)
                0x08009980                __retarget_lock_acquire_recursive
 .text.__retarget_lock_release_recursive
                0x08009982        0x2 c:/users/25223/.eide/tools/gcc_arm/bin/../lib/gcc/arm-none-eabi/10.2.1/../../../../arm-none-eabi/lib/thumb/v7-m/nofp\libc_nano.a(lib_a-lock.o)
                0x08009982                __retarget_lock_release_recursive
 .text._free_r  0x08009984       0x90 c:/users/25223/.eide/tools/gcc_arm/bin/../lib/gcc/arm-none-eabi/10.2.1/../../../../arm-none-eabi/lib/thumb/v7-m/nofp\libc_nano.a(lib_a-nano-freer.o)
                0x08009984                _free_r
 .text._malloc_r
                0x08009a14       0xb4 c:/users/25223/.eide/tools/gcc_arm/bin/../lib/gcc/arm-none-eabi/10.2.1/../../../../arm-none-eabi/lib/thumb/v7-m/nofp\libc_nano.a(lib_a-nano-mallocr.o)
                0x08009a14                _malloc_r
 .text.__ssputs_r
                0x08009ac8       0xb6 c:/users/25223/.eide/tools/gcc_arm/bin/../lib/gcc/arm-none-eabi/10.2.1/../../../../arm-none-eabi/lib/thumb/v7-m/nofp\libc_nano.a(lib_a-nano-svfprintf.o)
                0x08009ac8                __ssputs_r
 *fill*         0x08009b7e        0x2 
 .text._svfprintf_r
                0x08009b80      0x200 c:/users/25223/.eide/tools/gcc_arm/bin/../lib/gcc/arm-none-eabi/10.2.1/../../../../arm-none-eabi/lib/thumb/v7-m/nofp\libc_nano.a(lib_a-nano-svfprintf.o)
                0x08009b80                _svfiprintf_r
                0x08009b80                _svfprintf_r
 .text._printf_common
                0x08009d80       0xde c:/users/25223/.eide/tools/gcc_arm/bin/../lib/gcc/arm-none-eabi/10.2.1/../../../../arm-none-eabi/lib/thumb/v7-m/nofp\libc_nano.a(lib_a-nano-vfprintf_i.o)
                0x08009d80                _printf_common
 *fill*         0x08009e5e        0x2 
 .text._printf_i
                0x08009e60      0x24c c:/users/25223/.eide/tools/gcc_arm/bin/../lib/gcc/arm-none-eabi/10.2.1/../../../../arm-none-eabi/lib/thumb/v7-m/nofp\libc_nano.a(lib_a-nano-vfprintf_i.o)
                0x08009e60                _printf_i
 .text._sbrk_r  0x0800a0ac       0x20 c:/users/25223/.eide/tools/gcc_arm/bin/../lib/gcc/arm-none-eabi/10.2.1/../../../../arm-none-eabi/lib/thumb/v7-m/nofp\libc_nano.a(lib_a-sbrkr.o)
                0x0800a0ac                _sbrk_r
 .text.memchr   0x0800a0cc       0x1c c:/users/25223/.eide/tools/gcc_arm/bin/../lib/gcc/arm-none-eabi/10.2.1/../../../../arm-none-eabi/lib/thumb/v7-m/nofp\libc_nano.a(lib_a-memchr-stub.o)
                0x0800a0cc                memchr
 .text.memmove  0x0800a0e8       0x34 c:/users/25223/.eide/tools/gcc_arm/bin/../lib/gcc/arm-none-eabi/10.2.1/../../../../arm-none-eabi/lib/thumb/v7-m/nofp\libc_nano.a(lib_a-memmove.o)
                0x0800a0e8                memmove
 .text.__malloc_lock
                0x0800a11c        0xc c:/users/25223/.eide/tools/gcc_arm/bin/../lib/gcc/arm-none-eabi/10.2.1/../../../../arm-none-eabi/lib/thumb/v7-m/nofp\libc_nano.a(lib_a-mlock.o)
                0x0800a11c                __malloc_lock
 .text.__malloc_unlock
                0x0800a128        0xc c:/users/25223/.eide/tools/gcc_arm/bin/../lib/gcc/arm-none-eabi/10.2.1/../../../../arm-none-eabi/lib/thumb/v7-m/nofp\libc_nano.a(lib_a-mlock.o)
                0x0800a128                __malloc_unlock
 .text._realloc_r
                0x0800a134       0x4c c:/users/25223/.eide/tools/gcc_arm/bin/../lib/gcc/arm-none-eabi/10.2.1/../../../../arm-none-eabi/lib/thumb/v7-m/nofp\libc_nano.a(lib_a-nano-reallocr.o)
                0x0800a134                _realloc_r
 .text._malloc_usable_size_r
                0x0800a180       0x10 c:/users/25223/.eide/tools/gcc_arm/bin/../lib/gcc/arm-none-eabi/10.2.1/../../../../arm-none-eabi/lib/thumb/v7-m/nofp\libc_nano.a(lib_a-nano-msizer.o)
                0x0800a180                _malloc_usable_size_r
 *(.glue_7)
 .glue_7        0x0800a190        0x0 linker stubs
 *(.glue_7t)
 .glue_7t       0x0800a190        0x0 linker stubs
 *(.eh_frame)
 .eh_frame      0x0800a190        0x0 c:/users/25223/.eide/tools/gcc_arm/bin/../lib/gcc/arm-none-eabi/10.2.1/thumb/v7-m/nofp/crtbegin.o
 *(.init)
 .init          0x0800a190        0x4 c:/users/25223/.eide/tools/gcc_arm/bin/../lib/gcc/arm-none-eabi/10.2.1/thumb/v7-m/nofp/crti.o
                0x0800a190                _init
 .init          0x0800a194        0x8 c:/users/25223/.eide/tools/gcc_arm/bin/../lib/gcc/arm-none-eabi/10.2.1/thumb/v7-m/nofp/crtn.o
 *(.fini)
 .fini          0x0800a19c        0x4 c:/users/25223/.eide/tools/gcc_arm/bin/../lib/gcc/arm-none-eabi/10.2.1/thumb/v7-m/nofp/crti.o
                0x0800a19c                _fini
 .fini          0x0800a1a0        0x8 c:/users/25223/.eide/tools/gcc_arm/bin/../lib/gcc/arm-none-eabi/10.2.1/thumb/v7-m/nofp/crtn.o
                0x0800a1a8                . = ALIGN (0x4)
                0x0800a1a8                _etext = .

.vfp11_veneer   0x0800a1a8        0x0
 .vfp11_veneer  0x0800a1a8        0x0 linker stubs

.v4_bx          0x0800a1a8        0x0
 .v4_bx         0x0800a1a8        0x0 linker stubs

.iplt           0x0800a1a8        0x0
 .iplt          0x0800a1a8        0x0 c:/users/25223/.eide/tools/gcc_arm/bin/../lib/gcc/arm-none-eabi/10.2.1/thumb/v7-m/nofp/crtbegin.o

.rodata         0x0800a1a8    0x4b8e8
                0x0800a1a8                . = ALIGN (0x4)
 *(.rodata)
 .rodata        0x0800a1a8       0x54 ./build/Debug/.obj/Core/Src/MGC3X30.o
 *(.rodata*)
 .rodata.operating_mainpage.str1.4
                0x0800a1fc        0xa ./build/Debug/.obj/Core/Src/bsp_xpt2046_lcd.o
 *fill*         0x0800a206        0x2 
 .rodata.operating_gesturepage.str1.4
                0x0800a208        0x2 ./build/Debug/.obj/Core/Src/bsp_xpt2046_lcd.o
 *fill*         0x0800a20a        0x2 
 .rodata.ASCII8x16_Table
                0x0800a20c      0x5f0 ./build/Debug/.obj/Core/Src/fonts.o
                0x0800a20c                ASCII8x16_Table
 .rodata.StartDefaultTask.str1.4
                0x0800a7fc       0x42 ./build/Debug/.obj/Core/Src/freertos.o
 *fill*         0x0800a83e        0x2 
 .rodata.StartTask02.str1.4
                0x0800a840        0x2 ./build/Debug/.obj/Core/Src/freertos.o
                                  0xe (size before relaxing)
 *fill*         0x0800a842        0x2 
 .rodata.StartTask03.str1.4
                0x0800a844        0x9 ./build/Debug/.obj/Core/Src/freertos.o
 *fill*         0x0800a84d        0x3 
 .rodata.str1.4
                0x0800a850       0x40 ./build/Debug/.obj/Core/Src/freertos.o
 .rodata.defaultTask_attributes
                0x0800a890       0x24 ./build/Debug/.obj/Core/Src/freertos.o
                0x0800a890                defaultTask_attributes
 .rodata.myTask03_attributes
                0x0800a8b4       0x24 ./build/Debug/.obj/Core/Src/freertos.o
                0x0800a8b4                myTask03_attributes
 .rodata.myTask04_attributes
                0x0800a8d8       0x24 ./build/Debug/.obj/Core/Src/freertos.o
                0x0800a8d8                myTask04_attributes
 .rodata.myTask05_attributes
                0x0800a8fc       0x24 ./build/Debug/.obj/Core/Src/freertos.o
                0x0800a8fc                myTask05_attributes
 .rodata.switch_window_attributes
                0x0800a920       0x24 ./build/Debug/.obj/Core/Src/freertos.o
                0x0800a920                switch_window_attributes
 .rodata.gesture_dir_arrow.str1.4
                0x0800a944        0x4 ./build/Debug/.obj/Core/Src/operating_system.o
 .rodata.gesturepage
                0x0800a948    0x25800 ./build/Debug/.obj/Core/Src/operating_system.o
                0x0800a948                gesturepage
 .rodata.mainpage
                0x08030148    0x25800 ./build/Debug/.obj/Core/Src/operating_system.o
                0x08030148                mainpage
 .rodata.AHBPrescTable
                0x08055948       0x10 ./build/Debug/.obj/Core/Src/system_stm32f1xx.o
                0x08055948                AHBPrescTable
 .rodata.APBPrescTable
                0x08055958        0x8 ./build/Debug/.obj/Core/Src/system_stm32f1xx.o
                0x08055958                APBPrescTable
 .rodata.ESP8266_Config.str1.4
                0x08055960       0x37 ./build/Debug/.obj/Core/Src/usart.o
 *fill*         0x08055997        0x1 
 .rodata.send_data.str1.4
                0x08055998       0x11 ./build/Debug/.obj/Core/Src/usart.o
 *fill*         0x080559a9        0x3 
 .rodata.aPLLMULFactorTable.1
                0x080559ac       0x10 ./build/Debug/.obj/Drivers/STM32F1xx_HAL_Driver/Src/stm32f1xx_hal_rcc.o
 .rodata.aPredivFactorTable.0
                0x080559bc        0x2 ./build/Debug/.obj/Drivers/STM32F1xx_HAL_Driver/Src/stm32f1xx_hal_rcc.o
 *fill*         0x080559be        0x2 
 .rodata.SD_Driver
                0x080559c0       0x14 ./build/Debug/.obj/Middlewares/Third_Party/FatFs/src/drivers/sd_diskio.o
                0x080559c0                SD_Driver
 .rodata.create_name.str1.4
                0x080559d4        0xf ./build/Debug/.obj/Middlewares/Third_Party/FatFs/src/ff.o
 *fill*         0x080559e3        0x1 
 .rodata.vTaskStartScheduler.str1.4
                0x080559e4        0x5 ./build/Debug/.obj/Middlewares/Third_Party/FreeRTOS/Source/tasks.o
 *fill*         0x080559e9        0x3 
 .rodata.prvCheckForValidListAndQueue.str1.4
                0x080559ec        0x5 ./build/Debug/.obj/Middlewares/Third_Party/FreeRTOS/Source/timers.o
 *fill*         0x080559f1        0x3 
 .rodata.xTimerCreateTimerTask.str1.4
                0x080559f4        0x8 ./build/Debug/.obj/Middlewares/Third_Party/FreeRTOS/Source/timers.o
 .rodata.__sf_fake_stderr
                0x080559fc       0x20 c:/users/25223/.eide/tools/gcc_arm/bin/../lib/gcc/arm-none-eabi/10.2.1/../../../../arm-none-eabi/lib/thumb/v7-m/nofp\libc_nano.a(lib_a-findfp.o)
                0x080559fc                __sf_fake_stderr
 .rodata.__sf_fake_stdin
                0x08055a1c       0x20 c:/users/25223/.eide/tools/gcc_arm/bin/../lib/gcc/arm-none-eabi/10.2.1/../../../../arm-none-eabi/lib/thumb/v7-m/nofp\libc_nano.a(lib_a-findfp.o)
                0x08055a1c                __sf_fake_stdin
 .rodata.__sf_fake_stdout
                0x08055a3c       0x20 c:/users/25223/.eide/tools/gcc_arm/bin/../lib/gcc/arm-none-eabi/10.2.1/../../../../arm-none-eabi/lib/thumb/v7-m/nofp\libc_nano.a(lib_a-findfp.o)
                0x08055a3c                __sf_fake_stdout
 .rodata._svfprintf_r.str1.1
                0x08055a5c       0x11 c:/users/25223/.eide/tools/gcc_arm/bin/../lib/gcc/arm-none-eabi/10.2.1/../../../../arm-none-eabi/lib/thumb/v7-m/nofp\libc_nano.a(lib_a-nano-svfprintf.o)
 .rodata._printf_i.str1.1
                0x08055a6d       0x22 c:/users/25223/.eide/tools/gcc_arm/bin/../lib/gcc/arm-none-eabi/10.2.1/../../../../arm-none-eabi/lib/thumb/v7-m/nofp\libc_nano.a(lib_a-nano-vfprintf_i.o)
                0x08055a90                . = ALIGN (0x4)
 *fill*         0x08055a8f        0x1 

.rel.dyn        0x08055a90        0x0
 .rel.iplt      0x08055a90        0x0 c:/users/25223/.eide/tools/gcc_arm/bin/../lib/gcc/arm-none-eabi/10.2.1/thumb/v7-m/nofp/crtbegin.o

.ARM.extab      0x08055a90        0x0
                0x08055a90                . = ALIGN (0x4)
 *(.ARM.extab* .gnu.linkonce.armextab.*)
                0x08055a90                . = ALIGN (0x4)

.ARM            0x08055a90        0x0
                0x08055a90                . = ALIGN (0x4)
                0x08055a90                __exidx_start = .
 *(.ARM.exidx*)
                0x08055a90                __exidx_end = .
                0x08055a90                . = ALIGN (0x4)

.preinit_array  0x08055a90        0x0
                0x08055a90                . = ALIGN (0x4)
                0x08055a90                PROVIDE (__preinit_array_start = .)
 *(.preinit_array*)
                0x08055a90                PROVIDE (__preinit_array_end = .)
                0x08055a90                . = ALIGN (0x4)

.init_array     0x08055a90        0x4
                0x08055a90                . = ALIGN (0x4)
                0x08055a90                PROVIDE (__init_array_start = .)
 *(SORT_BY_NAME(.init_array.*))
 *(.init_array*)
 .init_array    0x08055a90        0x4 c:/users/25223/.eide/tools/gcc_arm/bin/../lib/gcc/arm-none-eabi/10.2.1/thumb/v7-m/nofp/crtbegin.o
                0x08055a94                PROVIDE (__init_array_end = .)
                0x08055a94                . = ALIGN (0x4)

.fini_array     0x08055a94        0x4
                0x08055a94                . = ALIGN (0x4)
                [!provide]                PROVIDE (__fini_array_start = .)
 *(SORT_BY_NAME(.fini_array.*))
 *(.fini_array*)
 .fini_array    0x08055a94        0x4 c:/users/25223/.eide/tools/gcc_arm/bin/../lib/gcc/arm-none-eabi/10.2.1/thumb/v7-m/nofp/crtbegin.o
                [!provide]                PROVIDE (__fini_array_end = .)
                0x08055a98                . = ALIGN (0x4)
                0x08055a98                _sidata = LOADADDR (.data)

.data           0x20000000      0x160 load address 0x08055a98
                0x20000000                . = ALIGN (0x4)
                0x20000000                _sdata = .
 *(.data)
 *(.data*)
 .data.CurrentBackColor
                0x20000000        0x2 ./build/Debug/.obj/Core/Src/bsp_ili9341_lcd.o
 *fill*         0x20000002        0x2 
 .data.LCD_Currentfonts
                0x20000004        0x4 ./build/Debug/.obj/Core/Src/bsp_ili9341_lcd.o
 .data.LCD_SCAN_MODE
                0x20000008        0x1 ./build/Debug/.obj/Core/Src/bsp_ili9341_lcd.o
                0x20000008                LCD_SCAN_MODE
 *fill*         0x20000009        0x1 
 .data.LCD_X_LENGTH
                0x2000000a        0x2 ./build/Debug/.obj/Core/Src/bsp_ili9341_lcd.o
                0x2000000a                LCD_X_LENGTH
 .data.LCD_Y_LENGTH
                0x2000000c        0x2 ./build/Debug/.obj/Core/Src/bsp_ili9341_lcd.o
                0x2000000c                LCD_Y_LENGTH
 *fill*         0x2000000e        0x2 
 .data.cinfo.0  0x20000010        0x8 ./build/Debug/.obj/Core/Src/bsp_xpt2046_lcd.o
 .data.strXPT2046_TouchPara
                0x20000018       0xc0 ./build/Debug/.obj/Core/Src/bsp_xpt2046_lcd.o
                0x20000018                strXPT2046_TouchPara
 .data.xstr     0x200000d8        0x2 ./build/Debug/.obj/Core/Src/bsp_xpt2046_lcd.o
                0x200000d8                xstr
 .data.ystr     0x200000da        0x2 ./build/Debug/.obj/Core/Src/bsp_xpt2046_lcd.o
                0x200000da                ystr
 .data.Font8x16
                0x200000dc        0x8 ./build/Debug/.obj/Core/Src/fonts.o
                0x200000dc                Font8x16
 .data.mode     0x200000e4        0x1 ./build/Debug/.obj/Core/Src/freertos.o
                0x200000e4                mode
 *fill*         0x200000e5        0x3 
 .data.SystemCoreClock
                0x200000e8        0x4 ./build/Debug/.obj/Core/Src/system_stm32f1xx.o
                0x200000e8                SystemCoreClock
 .data.uwTickFreq
                0x200000ec        0x1 ./build/Debug/.obj/Drivers/STM32F1xx_HAL_Driver/Src/stm32f1xx_hal.o
                0x200000ec                uwTickFreq
 *fill*         0x200000ed        0x3 
 .data.uwTickPrio
                0x200000f0        0x4 ./build/Debug/.obj/Drivers/STM32F1xx_HAL_Driver/Src/stm32f1xx_hal.o
                0x200000f0                uwTickPrio
 .data.Stat     0x200000f4        0x1 ./build/Debug/.obj/Middlewares/Third_Party/FatFs/src/drivers/sd_diskio.o
 *fill*         0x200000f5        0x3 
 .data.uxCriticalNesting
                0x200000f8        0x4 ./build/Debug/.obj/Middlewares/Third_Party/FreeRTOS/Source/portable/GCC/ARM_CM3/port.o
 .data._impure_ptr
                0x200000fc        0x4 c:/users/25223/.eide/tools/gcc_arm/bin/../lib/gcc/arm-none-eabi/10.2.1/../../../../arm-none-eabi/lib/thumb/v7-m/nofp\libc_nano.a(lib_a-impure.o)
                0x200000fc                _impure_ptr
 .data.impure_data
                0x20000100       0x60 c:/users/25223/.eide/tools/gcc_arm/bin/../lib/gcc/arm-none-eabi/10.2.1/../../../../arm-none-eabi/lib/thumb/v7-m/nofp\libc_nano.a(lib_a-impure.o)
 *(.RamFunc)
 *(.RamFunc*)
                0x20000160                . = ALIGN (0x4)
                0x20000160                _edata = .

.igot.plt       0x20000160        0x0 load address 0x08055bf8
 .igot.plt      0x20000160        0x0 c:/users/25223/.eide/tools/gcc_arm/bin/../lib/gcc/arm-none-eabi/10.2.1/thumb/v7-m/nofp/crtbegin.o
                0x20000160                . = ALIGN (0x4)

.bss            0x20000160     0x83b0 load address 0x08055bf8
                0x20000160                _sbss = .
                0x20000160                __bss_start__ = _sbss
 *(.bss)
 .bss           0x20000160       0x1c c:/users/25223/.eide/tools/gcc_arm/bin/../lib/gcc/arm-none-eabi/10.2.1/thumb/v7-m/nofp/crtbegin.o
 *(.bss*)
 .bss.position  0x2000017c        0x1 ./build/Debug/.obj/Core/Src/MGC3X30.o
                0x2000017c                position
 *fill*         0x2000017d        0x1 
 .bss.CurrentTextColor
                0x2000017e        0x2 ./build/Debug/.obj/Core/Src/bsp_ili9341_lcd.o
 .bss.SRAM_Handler
                0x20000180       0x48 ./build/Debug/.obj/Core/Src/bsp_ili9341_lcd.o
 .bss.Timing    0x200001c8       0x1c ./build/Debug/.obj/Core/Src/bsp_ili9341_lcd.o
 .bss.lcdid     0x200001e4        0x2 ./build/Debug/.obj/Core/Src/bsp_ili9341_lcd.o
                0x200001e4                lcdid
 *fill*         0x200001e6        0x2 
 .bss.i.1       0x200001e8        0x4 ./build/Debug/.obj/Core/Src/bsp_xpt2046_lcd.o
 .bss.page      0x200001ec        0x1 ./build/Debug/.obj/Core/Src/bsp_xpt2046_lcd.o
                0x200001ec                page
 *fill*         0x200001ed        0x3 
 .bss.test      0x200001f0      0x12c ./build/Debug/.obj/Core/Src/bsp_xpt2046_lcd.o
                0x200001f0                test
 .bss.touch_state.2
                0x2000031c        0x1 ./build/Debug/.obj/Core/Src/bsp_xpt2046_lcd.o
 .bss.ucXPT2046_TouchFlag
                0x2000031d        0x1 ./build/Debug/.obj/Core/Src/bsp_xpt2046_lcd.o
                0x2000031d                ucXPT2046_TouchFlag
 *fill*         0x2000031e        0x2 
 .bss.defaultTaskHandle
                0x20000320        0x4 ./build/Debug/.obj/Core/Src/freertos.o
                0x20000320                defaultTaskHandle
 .bss.myTask03Handle
                0x20000324        0x4 ./build/Debug/.obj/Core/Src/freertos.o
                0x20000324                myTask03Handle
 .bss.myTask04Handle
                0x20000328        0x4 ./build/Debug/.obj/Core/Src/freertos.o
                0x20000328                myTask04Handle
 .bss.myTask05Handle
                0x2000032c        0x4 ./build/Debug/.obj/Core/Src/freertos.o
                0x2000032c                myTask05Handle
 .bss.switch_windowHandle
                0x20000330        0x4 ./build/Debug/.obj/Core/Src/freertos.o
                0x20000330                switch_windowHandle
 .bss.xSensorDataQueue
                0x20000334        0x4 ./build/Debug/.obj/Core/Src/freertos.o
                0x20000334                xSensorDataQueue
 .bss.FSMC_Initialized
                0x20000338        0x4 ./build/Debug/.obj/Core/Src/fsmc.o
 .bss.hsram1    0x2000033c       0x48 ./build/Debug/.obj/Core/Src/fsmc.o
                0x2000033c                hsram1
 .bss.hi2c2     0x20000384       0x54 ./build/Debug/.obj/Core/Src/i2c.o
                0x20000384                hi2c2
 .bss.brr       0x200003d8        0x4 ./build/Debug/.obj/Core/Src/operating_system.o
                0x200003d8                brr
 .bss.buff      0x200003dc      0x200 ./build/Debug/.obj/Core/Src/operating_system.o
                0x200003dc                buff
 .bss.function1
                0x200005dc        0x1 ./build/Debug/.obj/Core/Src/operating_system.o
                0x200005dc                function1
 .bss.function2
                0x200005dd        0x1 ./build/Debug/.obj/Core/Src/operating_system.o
                0x200005dd                function2
 .bss.function3
                0x200005de        0x1 ./build/Debug/.obj/Core/Src/operating_system.o
                0x200005de                function3
 *fill*         0x200005df        0x1 
 .bss.move      0x200005e0        0x4 ./build/Debug/.obj/Core/Src/operating_system.o
                0x200005e0                move
 .bss.touchnum  0x200005e4        0x1 ./build/Debug/.obj/Core/Src/operating_system.o
                0x200005e4                touchnum
 .bss.x         0x200005e5        0x1 ./build/Debug/.obj/Core/Src/operating_system.o
                0x200005e5                x
 *fill*         0x200005e6        0x2 
 .bss.button    0x200005e8      0x180 ./build/Debug/.obj/Core/Src/palette.o
                0x200005e8                button
 .bss.hdma_sdio
                0x20000768       0x44 ./build/Debug/.obj/Core/Src/sdio.o
                0x20000768                hdma_sdio
 .bss.hsd       0x200007ac       0x84 ./build/Debug/.obj/Core/Src/sdio.o
                0x200007ac                hsd
 .bss.hspi2     0x20000830       0x58 ./build/Debug/.obj/Core/Src/spi.o
                0x20000830                hspi2
 .bss.__sbrk_heap_end
                0x20000888        0x4 ./build/Debug/.obj/Core/Src/sysmem.o
 .bss.htim3     0x2000088c       0x48 ./build/Debug/.obj/Core/Src/tim.o
                0x2000088c                htim3
 .bss.huart1    0x200008d4       0x48 ./build/Debug/.obj/Core/Src/usart.o
                0x200008d4                huart1
 .bss.uwTick    0x2000091c        0x4 ./build/Debug/.obj/Drivers/STM32F1xx_HAL_Driver/Src/stm32f1xx_hal.o
                0x2000091c                uwTick
 .bss.SDFatFS   0x20000920     0x1034 ./build/Debug/.obj/FATFS/App/fatfs.o
                0x20000920                SDFatFS
 .bss.SDFile    0x20001954     0x1028 ./build/Debug/.obj/FATFS/App/fatfs.o
                0x20001954                SDFile
 .bss.SDPath    0x2000297c        0x4 ./build/Debug/.obj/FATFS/App/fatfs.o
                0x2000297c                SDPath
 .bss.retSD     0x20002980        0x1 ./build/Debug/.obj/FATFS/App/fatfs.o
                0x20002980                retSD
 *fill*         0x20002981        0x3 
 .bss.FatFs     0x20002984        0x4 ./build/Debug/.obj/Middlewares/Third_Party/FatFs/src/ff.o
 .bss.Fsid      0x20002988        0x2 ./build/Debug/.obj/Middlewares/Third_Party/FatFs/src/ff.o
 *fill*         0x2000298a        0x2 
 .bss.disk      0x2000298c        0xc ./build/Debug/.obj/Middlewares/Third_Party/FatFs/src/ff_gen_drv.o
                0x2000298c                disk
 .bss.Idle_Stack
                0x20002998      0x200 ./build/Debug/.obj/Middlewares/Third_Party/FreeRTOS/Source/CMSIS_RTOS_V2/cmsis_os2.o
 .bss.Idle_TCB  0x20002b98       0x5c ./build/Debug/.obj/Middlewares/Third_Party/FreeRTOS/Source/CMSIS_RTOS_V2/cmsis_os2.o
 .bss.KernelState
                0x20002bf4        0x4 ./build/Debug/.obj/Middlewares/Third_Party/FreeRTOS/Source/CMSIS_RTOS_V2/cmsis_os2.o
 .bss.Timer_Stack
                0x20002bf8      0x400 ./build/Debug/.obj/Middlewares/Third_Party/FreeRTOS/Source/CMSIS_RTOS_V2/cmsis_os2.o
 .bss.Timer_TCB
                0x20002ff8       0x5c ./build/Debug/.obj/Middlewares/Third_Party/FreeRTOS/Source/CMSIS_RTOS_V2/cmsis_os2.o
 .bss.ucMaxSysCallPriority
                0x20003054        0x1 ./build/Debug/.obj/Middlewares/Third_Party/FreeRTOS/Source/portable/GCC/ARM_CM3/port.o
 *fill*         0x20003055        0x3 
 .bss.ulMaxPRIGROUPValue
                0x20003058        0x4 ./build/Debug/.obj/Middlewares/Third_Party/FreeRTOS/Source/portable/GCC/ARM_CM3/port.o
 .bss.pxEnd     0x2000305c        0x4 ./build/Debug/.obj/Middlewares/Third_Party/FreeRTOS/Source/portable/MemMang/heap_4.o
 .bss.ucHeap    0x20003060     0x4e20 ./build/Debug/.obj/Middlewares/Third_Party/FreeRTOS/Source/portable/MemMang/heap_4.o
 .bss.xBlockAllocatedBit
                0x20007e80        0x4 ./build/Debug/.obj/Middlewares/Third_Party/FreeRTOS/Source/portable/MemMang/heap_4.o
 .bss.xFreeBytesRemaining
                0x20007e84        0x4 ./build/Debug/.obj/Middlewares/Third_Party/FreeRTOS/Source/portable/MemMang/heap_4.o
 .bss.xMinimumEverFreeBytesRemaining
                0x20007e88        0x4 ./build/Debug/.obj/Middlewares/Third_Party/FreeRTOS/Source/portable/MemMang/heap_4.o
 .bss.xStart    0x20007e8c        0x8 ./build/Debug/.obj/Middlewares/Third_Party/FreeRTOS/Source/portable/MemMang/heap_4.o
 .bss.xQueueRegistry
                0x20007e94       0x40 ./build/Debug/.obj/Middlewares/Third_Party/FreeRTOS/Source/queue.o
                0x20007e94                xQueueRegistry
 .bss.pxCurrentTCB
                0x20007ed4        0x4 ./build/Debug/.obj/Middlewares/Third_Party/FreeRTOS/Source/tasks.o
                0x20007ed4                pxCurrentTCB
 .bss.pxDelayedTaskList
                0x20007ed8        0x4 ./build/Debug/.obj/Middlewares/Third_Party/FreeRTOS/Source/tasks.o
 .bss.pxOverflowDelayedTaskList
                0x20007edc        0x4 ./build/Debug/.obj/Middlewares/Third_Party/FreeRTOS/Source/tasks.o
 .bss.pxReadyTasksLists
                0x20007ee0      0x460 ./build/Debug/.obj/Middlewares/Third_Party/FreeRTOS/Source/tasks.o
 .bss.uxCurrentNumberOfTasks
                0x20008340        0x4 ./build/Debug/.obj/Middlewares/Third_Party/FreeRTOS/Source/tasks.o